10-16 19:22:56.474 31236 1823  I SurfaceControlRegistry: apply, t=StartTransaction_SyncId<9027>, caller=android.view.SurfaceControl$Transaction.apply:3459 android.view.SurfaceControl$Transaction.apply:3447 android.view.SurfaceControl$Transaction.apply:3397 com.android.systemui.animation.RemoteAnimationRunnerCompat$1.startAnimation:645 android.window.IRemoteTransition$Stub.onTransact:162 android.os.Binder.execTransactInternal:1462
10-16 19:22:56.475 2234  2234  I SurfaceFlinger: [Transition Root: Task=3074#130727] attach to parent LayerHierarchy{RequestedLayerState{DefaultTaskDisplayArea_d0#10 parentId=9} 23 children}
10-16 19:22:56.475 2234  2234  I SurfaceFlinger: [d64b75b ActivityRecordInputSink app.universal.revanced.manager/app.revanced.manager.MainActivity#130728] attach to parent LayerHierarchy{RequestedLayerState{ActivityRecord{101583057 u0 app.universal.revanced.manager/app.revanced.manager.MainActivity t3074}#130724 parentId=130723} 2 children}
10-16 19:22:56.475 2234  2234  I SurfaceFlinger: [Surface(name=Task=3074)/@0x5350625_transition-leash#130729] attach to parent LayerHierarchy{RequestedLayerState{Transition Root: Task=3074#130727 parentId=10} 1 children}
10-16 19:22:56.475 2234  2234  I SurfaceFlinger: [Surface(name=Task=2040)/@0x9b7ddab_transition-leash#130730] attach to parent LayerHierarchy{RequestedLayerState{Transition Root: Task=3074#130727 parentId=10} 2 children}
10-16 19:22:56.475 31236 1823  I HoneySpace.ShellAnimationRunner: [onAnimationStart] appTarget(0) : taskId-3074, mode-0
10-16 19:22:56.475 31236 1823  I HoneySpace.ShellAnimationRunner: cookie: 408078
10-16 19:22:56.475 31236 1823  I HoneySpace.ShellAnimationRunner: [onAnimationStart] appTarget(1) : taskId-2040, mode-1
10-16 19:22:56.475 31236 31236 I HoneySpace.ShellAnimationRunner: this , com.honeyspace.transition.ShellAnimationRunner@94c75c6
10-16 19:22:56.475 31236 31236 I HoneySpace.ShellTransitionManager: open animation start
10-16 19:22:56.475 31236 31236 I HoneySpace.ShellAnimationRunner: finishExistingAnimation, null
10-16 19:22:56.475 31236 31236 I HoneySpace.AppLaunchAnimationDelegate: onAnimationStart
10-16 19:22:56.476 12905 13191 I Rubin: [139] com.samsung.android.rubin.inferenceengine.contextanalytics.engine.monitors.moment.exercise.ExercisingWithCmhMonitor.isSatisfiedByCmh(Unknown Source) : isSatisfiedByCmh is false
10-16 19:22:56.476 31236 31236 I HoneySpace.AppLaunchAnimationDelegate: composeIconLaunchAnimator
10-16 19:22:56.476 31236 31236 I HoneySpace.AppLaunchAnimationDelegate: playAnim: translucent:false
10-16 19:22:56.476 31236 31236 I HoneySpace.FloatingAnimator: [Player:A(56.388)] lateTargetsSetup, id: 408078
10-16 19:22:56.476 31236 31236 I HoneySpace.AppLaunchAnimationDelegate: playFloatingIconAnim, appPlayer: 93678743
10-16 19:22:56.476 5382  5434  V WindowManagerShell:  animated by firstHandler
10-16 19:22:56.476 31236 31236 I HoneySpace.AppTransitionAnimationAwait: prepare refCnt:1 timeout:500
10-16 19:22:56.476 31236 31236 I HoneySpace.FloatingAnimator: [Player:A(56.388)] value animator:[190374361] started
10-16 19:22:56.476 31236 31236 I HoneySpace.AnimationResult: setAnimation, animation: false
10-16 19:22:56.476 31236 31236 I HoneySpace.HoneySystemControllerImpl: isRecentsActivityIdleState false
10-16 19:22:56.477 31236 13340 I HoneySpace.RecentTasks: onRunningTaskAppeared
10-16 19:22:56.477 31236 13340 I HoneySpace.RecentTasks: onRecentTasksChanged
10-16 19:22:56.478 2227  2263  E HeatmapThread: ECT Thread time in milliseconds: 1760656976
10-16 19:22:56.479 2534  5134  V NetworkPolicy: getFirewallRuleWifi UID:11408 policy:0
10-16 19:22:56.482 2167  29032 W qdgralloc: getInterlacedFlag: getMetaData returned 3, defaulting to interlaced_flag = 0
10-16 19:22:56.482 2534  3138  V Configuration: Updating configuration, locales updated from [] to [en_US]
10-16 19:22:56.483 2167  29032 W qdgralloc: getInterlacedFlag: getMetaData returned 3, defaulting to interlaced_flag = 0
10-16 19:22:56.483 2234  2234  I SurfaceFlinger: RequestedLayer [da18022 Splash Screen app.universal.revanced.manager#130725] hidden!! flag  from(1) --> to(0)
10-16 19:22:56.483 2234  2234  I SurfaceFlinger: RequestedLayer [Splash Screen app.universal.revanced.manager$_5382#130726] hidden!! flag  from(1) --> to(0)
10-16 19:22:56.483 2234  2234  I SurfaceFlinger: RequestedLayer [Task=3074#130723] hidden!! flag  from(1) --> to(0)
10-16 19:22:56.483 2234  2234  I SurfaceFlinger: RequestedLayer [Transition Root: Task=3074#130727] hidden!! flag  from(1) --> to(0)
10-16 19:22:56.483 2234  2234  I SurfaceFlinger: RequestedLayer [ActivityRecord{101583057 u0 app.univ[...]d.manager.MainActivity t3074}#130724] hidden!! flag  from(1) --> to(0)
10-16 19:22:56.483 2234  2234  E SurfaceFlinger: alpha changed 1.000 -> 0.000 - Surface(name=Task=3074)/@0x5350625_transition-leash#130729
10-16 19:22:56.483 2234  2234  I SurfaceFlinger: [LayerHierarchy{RequestedLayerState{Task=2040#7550 parentId=130730} 2 children}] reparent to LayerHierarchy{RequestedLayerState{Surface(name=Task=2040)/@0x9b7ddab_transition-leash#130730 parentId=130727 z=1} 1 children}
10-16 19:22:56.483 2234  2234  I SurfaceFlinger: [LayerHierarchy{RequestedLayerState{Task=3074#130723 parentId=130729} 1 children}] reparent to LayerHierarchy{RequestedLayerState{Surface(name=Task=3074)/@0x5350625_transition-leash#130729 parentId=130727 z=4} 1 children}
10-16 19:22:56.483 2234  2234  I SurfaceFlinger: [LayerHierarchy{RequestedLayerState{Surface(name=Task=3074)/@0x5350625_transition-leash#130729 parentId=130727 z=4} 1 children}] reparent to LayerHierarchy{RequestedLayerState{Transition Root: Task=3074#130727 parentId=10 z=19} 2 children}
10-16 19:22:56.483 2234  2234  I SurfaceFlinger: [LayerHierarchy{RequestedLayerState{Surface(name=Task=2040)/@0x9b7ddab_transition-leash#130730 parentId=130727 z=1} 1 children}] reparent to LayerHierarchy{RequestedLayerState{Transition Root: Task=3074#130727 parentId=10 z=19} 2 children}
10-16 19:22:56.484 2534  3138  V Configuration: Updating configuration, locales updated from [] to [en_US]
10-16 19:22:56.484 31236 31236 I HoneySpace.IconView: setIconVisible : visible-false, currentForceHideBadge-false
10-16 19:22:56.484 31236 31236 I HoneySpace.IconView: updateInvisibleState false APP_CLOSING current:0 new:2
10-16 19:22:56.484 31236 31236 I HoneySpace.AppLaunchAnimationDelegate: hasWallpaperFlags:false
10-16 19:22:56.484 31236 31236 I HoneySpace.ContentsAnimator: from : 0.0
10-16 19:22:56.484 31236 31236 I HoneySpace.ContentsAnimator: ContentsAnimator start [8340095]
10-16 19:22:56.485 31236 3989  I HoneySpace.WallpaperAnimator: createWallpaperSurface
10-16 19:22:56.488 2534  4763  I WindowManager: Reparenting to leash, surface=Surface(name=RemoteWallpaperAnim:1:1)/@0x6f1cdc9, leashParent=Surface(name=OneHanded:0:14)/@0x41e0cce
10-16 19:22:56.488 2234  4760  I SurfaceFlinger: id=130731 createSurf, flag=24000, Surface(name=RemoteWallpaperAnim:1:1)/@0x6f1cdc9 - animation-leash of remote_wallpaper#130731
10-16 19:22:56.488 2227  2263  D HeatmapThread: !@ batteryplugType : 2
10-16 19:22:56.488 2227  2263  D HeatmapThread: !@ batteryLevel : 100  batteryTemperature : 355
10-16 19:22:56.488 2227  2263  D HeatmapThread: !@ Heatmap currtime: 29344282
10-16 19:22:56.488 2227  2263  D HeatmapThread: !@ Heatmap prevtime: 29344270
10-16 19:22:56.488 2227  2263  D HeatmapThread: !@ Heatmap plugstarttime: 29344202
10-16 19:22:56.488 2227  2263  D HeatmapThread: !@ Heatmap prevv_dsoh_update_time: 29344262
10-16 19:22:56.488 2227  2263  E HeatmapThread: !@ CAM New BSOH: 97
10-16 19:22:56.488 2227  2263  E HeatmapThread: !@ CAM is Working
10-16 19:22:56.489 2534  3138  V Configuration: Updating configuration, locales updated from [] to [en_US]
10-16 19:22:56.490 28973 29010 D PipelineWatcher: onInputBufferReleased: frameIndex not found (312886); ignored
10-16 19:22:56.490 2534  4763  D WindowManager: makeSurface duration=2 leash=Surface(name=Surface(name=RemoteWallpaperAnim:1:1)/@0x6f1cdc9 - animation-leash of remote_wallpaper)/@0x4fd1de5
10-16 19:22:56.490 2534  4763  D WindowManager: startAnimation for remote wallpaper, leash=Surface(name=Surface(name=RemoteWallpaperAnim:1:1)/@0x6f1cdc9 - animation-leash of remote_wallpaper)/@0x4fd1de5
10-16 19:22:56.490 2534  4763  D WindowManager: startRemoteWallpaperAnimation, d=0, leash=Surface(name=Surface(name=RemoteWallpaperAnim:1:1)/@0x6f1cdc9 - animation-leash of remote_wallpaper)/@0x4fd1de5
10-16 19:22:56.490 2534  3138  V Configuration: Updating configuration, locales updated from [] to [en_US]
10-16 19:22:56.491 2234  2234  I SurfaceFlinger: [Surface(name=RemoteWallpaperAnim:1:1)/@0x6f1cdc9 - animation-leash of remote_wallpaper#130731] attach to parent LayerHierarchy{RequestedLayerState{OneHanded:0:14#4 parentId=3} 4 children}
10-16 19:22:56.492 994   994   I hwservicemanager: getTransport: Cannot find entry vendor.qti.qspmhal@1.0::IQspmhal/default in either framework or device VINTF manifest.
10-16 19:22:56.492 31236 31236 I HoneySpace.FloatingAnimator: [Player:A(56.388)] container x: 431.79425, y: 879.5809, scale : 0.21932623
10-16 19:22:56.492 2534  3140  I SurfaceControl: apply, lowDebugName=startRemoteWallpaperAnimation_146765512, caller=android.view.SurfaceControl$Transaction.apply:3447 android.view.SurfaceControl$Transaction.apply:3397 com.android.server.wm.WindowAnimator.animate:307 com.android.server.wm.WindowAnimator$$ExternalSyntheticLambda1.doFrame:14 android.view.Choreographer$CallbackRecord.run:1899 android.view.Choreographer$CallbackRecord.run:1910
10-16 19:22:56.493 2534  3138  V Configuration: Updating configuration, locales updated from [] to [en_US]
10-16 19:22:56.493 31236 31756 I VRI[LauncherActivity]@9d98bcf: mWNT: t=0xb40000755a6e5800 mBlastBufferQueue=0xb40000755a662000 fn= 216 HdrRenderState mRenderHdrSdrRatio=1.0 caller= com.android.systemui.shared.launcher.ViewRootImplCompat.mergeWithNextTransaction:4 com.honeyspace.transition.utils.SurfaceTransactionApplier.scheduleApply$lambda$1:16 com.honeyspace.transition.utils.SurfaceTransactionApplier.b:0
10-16 19:22:56.493 2534  3138  V Configuration: Updating configuration, locales updated from [] to [en_US]
10-16 19:22:56.494 2534  3138  V Configuration: Updating configuration, locales updated from [] to [en_US]
10-16 19:22:56.495 2534  3138  V Configuration: Updating configuration, locales updated from [] to [en_US]
10-16 19:22:56.496 2534  3138  D SGM:FgCheckThread: noteResumeComponent(), received pkgName: app.universal.revanced.manager, userId: 0
10-16 19:22:56.496 2534  3138  D SGM:GameManager: identifyGamePackage. app.universal.revanced.manager, mCurrentUserId: 0, callingMethodInfo: com.samsung.android.game.SemGameManager.isGamePackage(SemGameManager.java:106)
10-16 19:22:56.496 2534  3138  D SGM:SemGameManager: isGamePackage(), pkgName=app.universal.revanced.manager, ret=false
10-16 19:22:56.496 2534  4707  D SGM:FgCheckThread: onLooperPrepared(), msg: MSG_APP_RESUME, pkgName: app.universal.revanced.manager, userid: 0
10-16 19:22:56.498 8505  13896 I SDHMS:k: handleResumeComponent : put = app.universal.revanced.manager, userid = 0 instanceid =110715149
10-16 19:22:56.499 15691 4880  I Routine@Core[4.9.04.13]: ActivityWatcherListenerImpl: onResumeComponent: componentName - app.universal.revanced.manager, app.revanced.manager.MainActivity, userId: 0
10-16 19:22:56.497 2534  4707  D SGM:FgCheckThread: handleResume().
10-16 19:22:56.499 2534  4707  D SGM:FgCheckThread: sendFocusOutConditionally() - mPrevNotiPkg: com.sec.android.app.samsungapps, userId: 0
10-16 19:22:56.499 2534  4707  D SGM:FgCheckThread:   handleResume(). pkgName: app.universal.revanced.manager, userId: 0, category: non-game
10-16 19:22:56.499 2534  4707  D SGM:FgCheckThread: notifyFocusInOut(). of pkg: app.universal.revanced.manager, type: 4, isSecGameFamily: false, userId: 0
10-16 19:22:56.499 2534  4707  D SGM:FgCheckThread:   notifyFocusInOut(). do nothing
10-16 19:22:56.499 2534  4707  D SGM:SystemHelper: callReleaseBlock needReleaseBlock:false
10-16 19:22:56.499 2534  5209  I CocktailBarManagerServiceContainer: handleMessage: entry what = 5
10-16 19:22:56.499 2534  5218  D BackgroundInstallControlService: Package event received: 0
10-16 19:22:56.499 2534  5218  D BackgroundInstallControlService: Package event received: 0
10-16 19:22:56.499 2167  29032 W qdgralloc: getInterlacedFlag: getMetaData returned 3, defaulting to interlaced_flag = 0
10-16 19:22:56.500 15691 4880  I Routine@Core[4.9.04.13]: Pref: putSharedPrefsData: key=condition_launch_app_data_resume_pkg, data.size=66
10-16 19:22:56.500 2534  3138  I DisplayDeviceRepository: Display device changed render timings: "Built-in Screen", renderFrameRate=120.00001, presentationDeadlineNanos=9233333, appVsyncOffsetNanos=8333333, frameRateOverrides=[{uid=10042 frameRateHz=120.00001}, {uid=10138 frameRateHz=120.00001}]
10-16 19:22:56.500 2234  2234  I SurfaceFlinger: [LayerHierarchy{RequestedLayerState{RemoteWallpaperAnim:1:1#7 parentId=130731 z=1} 1 children}] reparent to LayerHierarchy{RequestedLayerState{Surface(name=RemoteWallpaperAnim:1:1)/@0x6f1cdc9 - animation-leash of remote_wallpaper#130731 parentId=4} 1 children}
10-16 19:22:56.500 31236 31236 I HoneySpace.FloatingAnimator: [Player:A(56.388)] container x: 400.32297, y: 815.47266, scale : 0.27622557
10-16 19:22:56.501 2534  3140  W PhoneWindowManager: lockNow pending, ignore updating lockscreen timeout
10-16 19:22:56.501 2534  3140  I WindowManager: Cancelling animation restarting=true, leash=Surface(name=Surface(name=98e4e7c NavigationBar0)/@0xce8adbb - animation-leash of insets_animation)/@0xf047214
10-16 19:22:56.501 2534  3140  I WindowManager: Reparenting to original parent: Surface(name=WindowToken{f13ad50 type=2019 android.os.BinderProxy@57f1202})/@0xda322d8, destroy=false, surface=Surface(name=98e4e7c NavigationBar0)/@0xce8adbb
10-16 19:22:56.501 2534  3140  I WindowManager: Reparenting to leash, surface=Surface(name=98e4e7c NavigationBar0)/@0xce8adbb, leashParent=Surface(name=WindowToken{f13ad50 type=2019 android.os.BinderProxy@57f1202})/@0xda322d8
10-16 19:22:56.501 2234  2306  I SurfaceFlinger: id=130732 createSurf, flag=24000, Surface(name=98e4e7c NavigationBar0)/@0xce8adbb - animation-leash of insets_animation#130732
10-16 19:22:56.502 2167  29032 W qdgralloc: getInterlacedFlag: getMetaData returned 3, defaulting to interlaced_flag = 0
10-16 19:22:56.502 31236 31236 I HoneySpace.EdgePanel.CocktailHostRepositoryImpl: onNoteResume
10-16 19:22:56.502 31236 31236 I HoneySpace.EdgePanel.EdgePanelContainerViewModel: cocktailHostRepository.edgePanelOperation NoteResumeComponent(componentName=ComponentInfo{app.universal.revanced.manager/app.revanced.manager.MainActivity})
10-16 19:22:56.502 31236 31236 I HoneySpace.EdgePanel.ActivityUtils: HomePackage : com.sec.android.app.launcher, resumePackageName : app.universal.revanced.manager, className : app.revanced.manager.MainActivity
10-16 19:22:56.503 5382  5382  D DisplayLifecycle: updateDisplay id = 0
10-16 19:22:56.503 5382  5490  D StackScroller: onDisplayChanged for predraw skip to 2
10-16 19:22:56.503 2534  8111  D WifiDisplayAdapter: isFitToActiveDisplayLocked : false
10-16 19:22:56.504 31236 31757 I VRI[LauncherActivity]@9d98bcf: mWNT: t=0xb400007409b51f00 mBlastBufferQueue=0xb40000755a662000 fn= 217 HdrRenderState mRenderHdrSdrRatio=1.0 caller= com.android.systemui.shared.launcher.ViewRootImplCompat.mergeWithNextTransaction:4 com.honeyspace.transition.utils.SurfaceTransactionApplier.scheduleApply$lambda$1:16 com.honeyspace.transition.utils.SurfaceTransactionApplier.b:0
10-16 19:22:56.504 2534  3140  D WindowManager: makeSurface duration=2 leash=Surface(name=Surface(name=98e4e7c NavigationBar0)/@0xce8adbb - animation-leash of insets_animation)/@0x97d586c
10-16 19:22:56.504 2534  3140  D InsetsSourceProvider: updateControlForTarget: control=InsetsSourceControl: {f9760001 mType=navigationBars initiallyVisible mSurfacePosition=Point(0, 2942) mInsetsHint=Insets{left=0, top=0, right=0, bottom=146}}, target=Window{da18022 u0 Splash Screen app.universal.revanced.manager}, from=com.android.server.wm.InsetsStateController.onControlTargetChanged:83 com.android.server.wm.InsetsPolicy.updateBarControlTarget:225 com.android.server.wm.DisplayPolicy.updateSystemBarAttributes:262 com.android.server.wm.DisplayPolicy.finishPostLayoutPolicyLw:17 com.android.server.wm.RootWindowContainer.applySurfaceChangesTransaction$1:195
10-16 19:22:56.504 2534  3140  I WindowManager: Cancelling animation restarting=true, leash=Surface(name=Surface(name=707ca34 StatusBar)/@0xb6b5116 - animation-leash of insets_animation)/@0x1f6e8b2
10-16 19:22:56.504 2534  3140  I WindowManager: Reparenting to original parent: Surface(name=WindowToken{bc2907 type=2000 android.os.BinderProxy@ca65d88})/@0xc6a6a97, destroy=false, surface=Surface(name=707ca34 StatusBar)/@0xb6b5116
10-16 19:22:56.504 2534  3140  I WindowManager: Reparenting to leash, surface=Surface(name=707ca34 StatusBar)/@0xb6b5116, leashParent=Surface(name=WindowToken{bc2907 type=2000 android.os.BinderProxy@ca65d88})/@0xc6a6a97
10-16 19:22:56.504 2234  2511  I SurfaceFlinger: id=130733 createSurf, flag=24000, Surface(name=707ca34 StatusBar)/@0xb6b5116 - animation-leash of insets_animation#130733
10-16 19:22:56.505 28973 29010 D PipelineWatcher: onInputBufferReleased: frameIndex not found (312887); ignored
10-16 19:22:56.505 2167  29032 W qdgralloc: getInterlacedFlag: getMetaData returned 3, defaulting to interlaced_flag = 0
10-16 19:22:56.506 2167  29032 W qdgralloc: getInterlacedFlag: getMetaData returned 3, defaulting to interlaced_flag = 0
10-16 19:22:56.506 2534  3140  D WindowManager: makeSurface duration=2 leash=Surface(name=Surface(name=707ca34 StatusBar)/@0xb6b5116 - animation-leash of insets_animation)/@0x8021ffd
10-16 19:22:56.507 2534  3140  D InsetsSourceProvider: updateControlForTarget: control=InsetsSourceControl: {f87d0000 mType=statusBars initiallyVisible mSurfacePosition=Point(0, 0) mInsetsHint=Insets{left=0, top=100, right=0, bottom=0}}, target=Window{da18022 u0 Splash Screen app.universal.revanced.manager}, from=com.android.server.wm.InsetsStateController.onControlTargetChanged:83 com.android.server.wm.InsetsPolicy.updateBarControlTarget:212 com.android.server.wm.DisplayPolicy.updateSystemBarAttributes:262 com.android.server.wm.DisplayPolicy.finishPostLayoutPolicyLw:17 com.android.server.wm.RootWindowContainer.applySurfaceChangesTransaction$1:195
10-16 19:22:56.507 2534  3140  D WindowManager: updateSystemBarAttributes: displayId=0, focusedCanBeNavColorWin=false, win=Window{da18022 u0 Splash Screen app.universal.revanced.manager}, navColorWin=Window{da18022 u0 Splash Screen app.universal.revanced.manager}, caller=com.android.server.wm.DisplayPolicy.finishPostLayoutPolicyLw:17 com.android.server.wm.RootWindowContainer.applySurfaceChangesTransaction$1:195 com.android.server.wm.RootWindowContainer.performSurfacePlacementNoTrace:59
10-16 19:22:56.507 2534  3140  D WindowManager: updateSystemBarAttributes, bhv=1, apr=0, statusBarAprRegions=[AppearanceRegion{ bounds=[0,0][1440,3088]}], requestedVisibilities=-9
10-16 19:22:56.507 2534  3140  W PhoneWindowManager: lockNow pending, ignore updating lockscreen timeout
10-16 19:22:56.507 2534  3140  D SurfaceComposerClient: setCornerRadius ## da18022 Splash Screen app.universal.revanced.manager#130725 cornerRadius=0.000000
10-16 19:22:56.507 2534  6098  D ActivityManager: unpendingScheduleServiceRestart: u=11140, drop=false
10-16 19:22:56.508 2534  6098  D ActivityManager: unpendingScheduleServiceRestart: u=11318, drop=false
10-16 19:22:56.508 2534  6098  D ActivityManager: unpendingScheduleServiceRestart: u=11140, drop=false
10-16 19:22:56.508 2534  6098  D ActivityManager: unpendingScheduleServiceRestart: u=11318, drop=false
10-16 19:22:56.509 2534  3138  D WindowManager: mRunner#onAnimationStart for remote wallpaper=[android.view.RemoteAnimationTarget@63360dd], transaction=startRemoteWallpaperAnimation_146765512
10-16 19:22:56.509 28973 29010 D PipelineWatcher: onInputBufferReleased: frameIndex not found (312888); ignored
10-16 19:22:56.509 31236 31236 I HoneySpace.FloatingAnimator: [Player:A(56.388)] container x: 371.4287, y: 756.614, scale : 0.3284657
10-16 19:22:56.511 2234  2234  E SurfaceFlinger: alpha changed 0.000 -> 0.681 - Surface(name=Task=3074)/@0x5350625_transition-leash#130729
10-16 19:22:56.511 2234  2234  I SurfaceFlinger: [LayerHierarchy{RequestedLayerState{98e4e7c NavigationBar0#99 parentId=130732} 1 children}] reparent to LayerHierarchy{RequestedLayerState{Surface(name=98e4e7c NavigationBar0)/@0xce8adbb - animation-leash of insets_animation#130732 parentId=98} 1 children}
10-16 19:22:56.511 2234  2234  I SurfaceFlinger: [LayerHierarchy{RequestedLayerState{707ca34 StatusBar#103 parentId=130733} 1 children}] reparent to LayerHierarchy{RequestedLayerState{Surface(name=707ca34 StatusBar)/@0xb6b5116 - animation-leash of insets_animation#130733 parentId=102} 1 children}
10-16 19:22:56.511 2234  2234  I SurfaceFlinger: [LayerHierarchy{RequestedLayerState{Surface(name=707ca34 StatusBar)/@0xb6b5116 - animation-leash of insets_animation#130717} no children}] reparent to OffscreenRoot
10-16 19:22:56.511 2234  2234  I SurfaceFlinger: [LayerHierarchy{RequestedLayerState{Surface(name=707ca34 StatusBar)/@0xb6b5116 - animation-leash of insets_animation#130717} no children}] RelativeParent to null
10-16 19:22:56.511 2234  2234  I SurfaceFlinger: [LayerHierarchy{RequestedLayerState{Surface(name=98e4e7c NavigationBar0)/@0xce8adbb - animation-leash of insets_animation#130716} no children}] reparent to OffscreenRoot
10-16 19:22:56.511 2234  2234  I SurfaceFlinger: [LayerHierarchy{RequestedLayerState{Surface(name=98e4e7c NavigationBar0)/@0xce8adbb - animation-leash of insets_animation#130716} no children}] RelativeParent to null
10-16 19:22:56.511 2234  2234  I SurfaceFlinger: [Surface(name=98e4e7c NavigationBar0)/@0xce8adbb - animation-leash of insets_animation#130732] attach to parent LayerHierarchy{RequestedLayerState{WindowToken{f13ad50 type=2019 android.os.BinderProxy@57f1202}#98 parentId=34} 1 children}
10-16 19:22:56.511 2234  2234  I SurfaceFlinger: [Surface(name=707ca34 StatusBar)/@0xb6b5116 - animation-leash of insets_animation#130733] attach to parent LayerHierarchy{RequestedLayerState{WindowToken{bc2907 type=2000 android.os.BinderProxy@ca65d88}#102 parentId=17} 1 children}
10-16 19:22:56.511 31236 31756 I VRI[LauncherActivity]@9d98bcf: mWNT: t=0xb400007409bac500 mBlastBufferQueue=0xb40000755a662000 fn= 218 HdrRenderState mRenderHdrSdrRatio=1.0 caller= com.android.systemui.shared.launcher.ViewRootImplCompat.mergeWithNextTransaction:4 com.honeyspace.transition.utils.SurfaceTransactionApplier.scheduleApply$lambda$1:16 com.honeyspace.transition.utils.SurfaceTransactionApplier.b:0
10-16 19:22:56.511 31236 14432 I HoneySpace.Memory-Monitor: current state = 2, didTrim = false
10-16 19:22:56.512 2534  3140  I WindowManager: notifyInsetsControlChanged, removed=false, win=Window{da18022 u0 Splash Screen app.universal.revanced.manager}, caller=com.android.server.wm.InsetsStateController$$ExternalSyntheticLambda1.run:137 com.android.server.wm.WindowAnimator$$ExternalSyntheticLambda2.onTransactionCommitted:26 android.view.SurfaceControl$Transaction$$ExternalSyntheticLambda4.run:0 android.os.Handler.handleCallback:995 android.os.Handler.dispatchMessage:103 android.os.Looper.loopOnce:273
10-16 19:22:56.514 2167  29032 W qdgralloc: getInterlacedFlag: getMetaData returned 3, defaulting to interlaced_flag = 0
10-16 19:22:56.514 2167  29032 W qdgralloc: getInterlacedFlag: getMetaData returned 3, defaulting to interlaced_flag = 0
10-16 19:22:56.515 2534  6098  D ActivityManager: unpendingScheduleServiceRestart: u=10727, drop=false
10-16 19:22:56.516 5382  5484  I VRI[manager]@d6ae1de: onActiveControlsChanged, removed=false, mAdded=true, caller=android.view.ViewRootImpl.handleInsetsControlChanged:3002 android.view.ViewRootImpl$ViewRootHandler.handleMessageImpl:8352 android.view.ViewRootImpl$ViewRootHandler.handleMessage:8301 android.os.Handler.dispatchMessage:110 android.os.Looper.loopOnce:273
10-16 19:22:56.516 16277 16277 I bnit: onPause
10-16 19:22:56.516 2234  2234  D SurfaceFlinger: Display 4630947093241269891 HWC layers:
       CLIENT |           23115514033321 | 00000100 | RGBA_8888    |    0.0    0.0 1440.0 3088.0 |    0    0 1440 3088 | Wallpaper BBQ wrapper 5_system#130325 (1)
       CLIENT |          134157598485600 | 00002100 | RGBA_8888    |    0.0    0.0 1440.0 3088.0 |    0    0 1440 3088 | com.sec.android.app.launcher/com.sec[...]ities.LauncherActivity$_31236#130708 (blurRegions) (217)
       CLIENT |           23115514033385 | 00002100 | RGBA_8888    |    0.0   87.0 1440.0 2290.0 |  400  815  798 1424 | Splash Screen app.universal.revanced.manager$_5382#130726 (1)
       DEVICE |           23115514033064 | 00002100 | RGBA_8888    |    0.0    0.0 1440.0  100.0 |    0    0 1440  100 | StatusBar$_5382#114 (134359)
       DEVICE |          134157598485557 | 00002100 | RGBA_8888    |    0.0    0.0   67.0  314.0 | 1373 2091 1440 2405 | com.sec.android.app.launcher/com.sam[...]app.CocktailBarService$_31236#130179 (3)
       DEVICE |           23115514033086 | 00002100 | RGBA_8888
10-16 19:22:56.516 2234  2234  D SurfaceFlinger:   |    0.0    0.0 1440.0  146.0 |    0 2942 1440 3088 | NavigationBar0$_5382#110 (166850)
10-16 19:22:56.517 31236 31236 I HoneySpace.FloatingAnimator: [Player:A(56.388)] container x: 341.6932, y: 696.04175, scale : 0.38222682
10-16 19:22:56.517 31236 12874 I HoneySpace.SystemUiRepository: systemUiFlags: a11y_click|a11y_long_click|allow_gesture|awake
10-16 19:22:56.517 31236 1794  I HoneySpace.TaskbarEventTracker: invokeEvent() called with: event = SystemUiStateChanged(stateFlags=268566576)
10-16 19:22:56.517 31236 1823  I HoneySpace.WallpaperAnimator: onAnimationStart, wallpapers: Surface(name=Surface(name=RemoteWallpaperAnim:1:1)/@0x6f1cdc9 - animation-leash of remote_wallpaper)/@0xcc94a02
10-16 19:22:56.518 28973 29010 D PipelineWatcher: onInputBufferReleased: frameIndex not found (312889); ignored
10-16 19:22:56.518 2234  2306  I SurfaceFlinger: id=130716 Removed Surface(name=98e4e7c NavigationBar0)/@0xce8adbb - animation-leash of insets_animation#130716 (259)
10-16 19:22:56.518 2234  2306  I SurfaceFlinger: id=130717 Removed Surface(name=707ca34 StatusBar)/@0xb6b5116 - animation-leash of insets_animation#130717 (259)
10-16 19:22:56.518 31236 31757 I VRI[LauncherActivity]@9d98bcf: mWNT: t=0xb400007409babf00 mBlastBufferQueue=0xb40000755a662000 fn= 219 HdrRenderState mRenderHdrSdrRatio=1.0 caller= com.android.systemui.shared.launcher.ViewRootImplCompat.mergeWithNextTransaction:4 com.honeyspace.transition.utils.SurfaceTransactionApplier.scheduleApply$lambda$1:16 com.honeyspace.transition.utils.SurfaceTransactionApplier.b:0
10-16 19:22:56.518 5382  5484  I InsetsSourceConsumer: applyRequestedVisibilityToControl: visible=true, type=navigationBars, host=Splash Screen app.universal.revanced.manager
10-16 19:22:56.518 31236 31236 I HoneySpace.WallpaperAnimator: startWallpaperAnimation, isOpen-true, from:1.0, to:1.3, duration:800
10-16 19:22:56.518 31236 31236 I HoneySpace.WallpaperAnimator: wallpaper animation start [97341203]
10-16 19:22:56.519 5382  5484  I InsetsSourceConsumer: applyRequestedVisibilityToControl: visible=true, type=statusBars, host=Splash Screen app.universal.revanced.manager
10-16 19:22:56.523 8505  15143 I SDHMS:k: onTaskStackChanged
10-16 19:22:56.524 8505  8954  I M0: limitCPUFreq:: freq = -1
10-16 19:22:56.525 2234  2234  I SurfaceFlinger: destroyed Surface(name=707ca34 StatusBar)/@0xb6b5116 - animation-leash of insets_animation#130717 form LifecycleManager
10-16 19:22:56.525 2234  2234  I SurfaceFlinger: destroyed Surface(name=98e4e7c NavigationBar0)/@0xce8adbb - animation-leash of insets_animation#130716 form LifecycleManager
10-16 19:22:56.525 2234  2234  I SurfaceFlinger: id=130717 onLayerDestroyed from LayerHierarchyBuilder(RequestedLayerState{Surface(name=707ca34 StatusBar)/@0xb6b5116 - animation-leash of insets_animation#130717 !handle})
10-16 19:22:56.525 2234  2234  I SurfaceFlinger: id=130716 onLayerDestroyed from LayerHierarchyBuilder(RequestedLayerState{Surface(name=98e4e7c NavigationBar0)/@0xce8adbb - animation-leash of insets_animation#130716 !handle})
10-16 19:22:56.525 31236 31236 I HoneySpace.FloatingAnimator: [Player:A(56.388)] container x: 307.44073, y: 626.2682, scale : 0.44415447
10-16 19:22:56.526 2234  2234  I Layer: id=130717 Destroyed Surface(name=707ca34 StatusBar)/@0xb6b5116 - animation-leash of insets_animation#130717
10-16 19:22:56.526 2234  2234  I Layer: id=130716 Destroyed Surface(name=98e4e7c NavigationBar0)/@0xce8adbb - animation-leash of insets_animation#130716
10-16 19:22:56.526 31236 31756 I VRI[LauncherActivity]@9d98bcf: mWNT: t=0xb400007409bad700 mBlastBufferQueue=0xb40000755a662000 fn= 220 HdrRenderState mRenderHdrSdrRatio=1.0 caller= com.android.systemui.shared.launcher.ViewRootImplCompat.mergeWithNextTransaction:4 com.honeyspace.transition.utils.SurfaceTransactionApplier.scheduleApply$lambda$1:16 com.honeyspace.transition.utils.SurfaceTransactionApplier.b:0
10-16 19:22:56.528 31236 12874 I HoneySpace.RecentTasks: onRecentTasksChanged
10-16 19:22:56.531 8420  19122 I [AirCmd]_ActivitySwitchDetector: onTaskStackChanged : componentName - ComponentInfo{app.universal.revanced.manager/app.revanced.manager.MainActivity}
10-16 19:22:56.533 2167  29032 W qdgralloc: getInterlacedFlag: getMetaData returned 3, defaulting to interlaced_flag = 0
10-16 19:22:56.533 31236 31236 I HoneySpace.FloatingAnimator: [Player:A(56.388)] container x: 276.78583, y: 563.823, scale : 0.4995778
10-16 19:22:56.533 2216  2692  V APM_AudioPolicyManager: stopOutput portId 4801
10-16 19:22:56.533 2216  2692  V APM_AudioPolicyManager: stopOutput() output 493, stream 1, session 154833
10-16 19:22:56.533 2216  2692  V APM_AudioPolicyManager: setBeaconMute(1) mBeaconMuteRefCount=0 mBeaconPlayingRefCount=0
10-16 19:22:56.533 2216  2692  V APM_AudioPolicyManager: getNewOutputDevices selected devices AUDIO_DEVICE_NONE
10-16 19:22:56.533 2167  29032 W qdgralloc: getInterlacedFlag: getMetaData returned 3, defaulting to interlaced_flag = 0
10-16 19:22:56.533 2216  2692  V APM_AudioPolicyManager: setOutputDevices caller stopSource[[portId:4785][io:493, r_submix output]] device AUDIO_DEVICE_NONE delayMs 170
10-16 19:22:56.534 2216  2692  V APM_AudioPolicyManager: setOutputDevices caller stopSource[[portId:4785][io:493, r_submix output]] setting same device AUDIO_DEVICE_NONE or null device, force=0, patch handle=4787
10-16 19:22:56.534 2216  2692  V APM_AudioPolicyManager: selectOutputForMusicEffects selected output 493
10-16 19:22:56.536 2167  29032 W qdgralloc: getInterlacedFlag: getMetaData returned 3, defaulting to interlaced_flag = 0
10-16 19:22:56.536 31236 31757 I VRI[LauncherActivity]@9d98bcf: mWNT: t=0xb400007409bce600 mBlastBufferQueue=0xb40000755a662000 fn= 221 HdrRenderState mRenderHdrSdrRatio=1.0 caller= com.android.systemui.shared.launcher.ViewRootImplCompat.mergeWithNextTransaction:4 com.honeyspace.transition.utils.SurfaceTransactionApplier.scheduleApply$lambda$1:16 com.honeyspace.transition.utils.SurfaceTransactionApplier.b:0
10-16 19:22:56.536 2167  29032 W qdgralloc: getInterlacedFlag: getMetaData returned 3, defaulting to interlaced_flag = 0
10-16 19:22:56.537 28973 29010 D PipelineWatcher: onInputBufferReleased: frameIndex not found (312890); ignored
10-16 19:22:56.540 28973 29010 D PipelineWatcher: onInputBufferReleased: frameIndex not found (312891); ignored
10-16 19:22:56.542 31236 31236 I HoneySpace.FloatingAnimator: [Player:A(56.388)] container x: 246.60477, y: 502.34305, scale : 0.55414444
10-16 19:22:56.544 31236 31756 I VRI[LauncherActivity]@9d98bcf: mWNT: t=0xb400007409bcfe00 mBlastBufferQueue=0xb40000755a662000 fn= 222 HdrRenderState mRenderHdrSdrRatio=1.0 caller= com.android.systemui.shared.launcher.ViewRootImplCompat.mergeWithNextTransaction:4 com.honeyspace.transition.utils.SurfaceTransactionApplier.scheduleApply$lambda$1:16 com.honeyspace.transition.utils.SurfaceTransactionApplier.b:0
10-16 19:22:56.551 31236 31236 I HoneySpace.FloatingAnimator: [Player:A(56.388)] container x: 214.24138, y: 436.41763, scale : 0.6126567
10-16 19:22:56.552 31236 31757 I VRI[LauncherActivity]@9d98bcf: mWNT: t=0xb400007409bcff80 mBlastBufferQueue=0xb40000755a662000 fn= 223 HdrRenderState mRenderHdrSdrRatio=1.0 caller= com.android.systemui.shared.launcher.ViewRootImplCompat.mergeWithNextTransaction:4 com.honeyspace.transition.utils.SurfaceTransactionApplier.scheduleApply$lambda$1:16 com.honeyspace.transition.utils.SurfaceTransactionApplier.b:0
10-16 19:22:56.553 2167  29032 W qdgralloc: getInterlacedFlag: getMetaData returned 3, defaulting to interlaced_flag = 0
10-16 19:22:56.553 2167  29032 W qdgralloc: getInterlacedFlag: getMetaData returned 3, defaulting to interlaced_flag = 0
10-16 19:22:56.559 2167  29032 W qdgralloc: getInterlacedFlag: getMetaData returned 3, defaulting to interlaced_flag = 0
10-16 19:22:56.559 31236 31236 I HoneySpace.FloatingAnimator: [Player:A(56.388)] container x: 188.72455, y: 384.43887, scale : 0.65879047
10-16 19:22:56.559 2167  29032 W qdgralloc: getInterlacedFlag: getMetaData returned 3, defaulting to interlaced_flag = 0
10-16 19:22:56.559 28973 29010 D PipelineWatcher: onInputBufferReleased: frameIndex not found (312892); ignored
10-16 19:22:56.560 2234  2234  D SurfaceFlinger: GPIS:: requestGPISForClientComposition
10-16 19:22:56.561 2534  4763  D InputTransport: Input channel constructed: 'bb5d8bd', fd=1359
10-16 19:22:56.561 2534  4763  D InputTransport: Input channel constructed: 'bb5d8bd', fd=1361
10-16 19:22:56.561 2534  4763  D InputTransport: Input channel constructed: 'bb5d8bd', fd=1368
10-16 19:22:56.561 2534  4763  D InputTransport: Input channel destroyed: 'bb5d8bd', fd=1361
10-16 19:22:56.562 2234  4760  I SurfaceFlinger: id=130734 createSurf, flag=84004, bb5d8bd app.universal.revanced.manager/app.revanced.manager.MainActivity#130734
10-16 19:22:56.562 2534  6098  D ActivityManager: unpendingScheduleServiceRestart: u=10720, drop=false
10-16 19:22:56.562 2534  6098  D ActivityManager: unpendingScheduleServiceRestart: u=10720, drop=false
10-16 19:22:56.564 2534  4763  D RestrictionPolicy: isScreenCaptureEnabled : ret=true userId=0
10-16 19:22:56.564 2534  4763  D RestrictionPolicy: isScreenCaptureEnabled : ret=true userId=0
10-16 19:22:56.564 2534  4763  D InputTransport: Input channel destroyed: 'bb5d8bd', fd=1368
10-16 19:22:56.565 28973 29010 D PipelineWatcher: onInputBufferReleased: frameIndex not found (312893); ignored
10-16 19:22:56.566 31236 31756 I VRI[LauncherActivity]@9d98bcf: mWNT: t=0xb400007409bd0100 mBlastBufferQueue=0xb40000755a662000 fn= 224 HdrRenderState mRenderHdrSdrRatio=1.0 caller= com.android.systemui.shared.launcher.ViewRootImplCompat.mergeWithNextTransaction:4 com.honeyspace.transition.utils.SurfaceTransactionApplier.scheduleApply$lambda$1:16 com.honeyspace.transition.utils.SurfaceTransactionApplier.b:0
10-16 19:22:56.567 2234  2234  I SurfaceFlinger: [bb5d8bd app.universal.revanced.manager/app.revanced.manager.MainActivity#130734] attach to parent LayerHierarchy{RequestedLayerState{ActivityRecord{101583057 u0 app.universal.revanced.manager/app.revanced.manager.MainActivity t3074}#130724 parentId=130723} 3 children}
10-16 19:22:56.569 31236 31236 I HoneySpace.FloatingAnimator: [Player:A(56.388)] container x: 164.36288, y: 334.8133, scale : 0.70283574
10-16 19:22:56.571 2167  29032 W qdgralloc: getInterlacedFlag: getMetaData returned 3, defaulting to interlaced_flag = 0
10-16 19:22:56.572 2167  29032 W qdgralloc: getInterlacedFlag: getMetaData returned 3, defaulting to interlaced_flag = 0
10-16 19:22:56.575 2234  2234  I SurfaceFlinger: RequestedLayer [bb5d8bd app.universal.revanced.manag[...]revanced.manager.MainActivity#130734] hidden!! flag  from(1) --> to(0)
10-16 19:22:56.578 28973 29010 D PipelineWatcher: onInputBufferReleased: frameIndex not found (312894); ignored
10-16 19:22:56.579 2167  29032 W qdgralloc: getInterlacedFlag: getMetaData returned 3, defaulting to interlaced_flag = 0
10-16 19:22:56.579 2167  29032 W qdgralloc: getInterlacedFlag: getMetaData returned 3, defaulting to interlaced_flag = 0
10-16 19:22:56.582 31236 31757 I VRI[LauncherActivity]@9d98bcf: mWNT: t=0xb400007409bd0280 mBlastBufferQueue=0xb40000755a662000 fn= 225 HdrRenderState mRenderHdrSdrRatio=1.0 caller= com.android.systemui.shared.launcher.ViewRootImplCompat.mergeWithNextTransaction:4 com.honeyspace.transition.utils.SurfaceTransactionApplier.scheduleApply$lambda$1:16 com.honeyspace.transition.utils.SurfaceTransactionApplier.b:0
10-16 19:22:56.582 31236 31236 I HoneySpace.FloatingAnimator: [Player:A(56.388)] container x: 142.71652, y: 290.71884, scale : 0.7419719
10-16 19:22:56.583 28973 29010 D PipelineWatcher: onInputBufferReleased: frameIndex not found (312895); ignored
10-16 19:22:56.587 2167  29032 W qdgralloc: getInterlacedFlag: getMetaData returned 3, defaulting to interlaced_flag = 0
10-16 19:22:56.588 2167  29032 W qdgralloc: getInterlacedFlag: getMetaData returned 3, defaulting to interlaced_flag = 0
10-16 19:22:56.589 31236 31756 I VRI[LauncherActivity]@9d98bcf: mWNT: t=0xb400007409babc00 mBlastBufferQueue=0xb40000755a662000 fn= 226 HdrRenderState mRenderHdrSdrRatio=1.0 caller= com.android.systemui.shared.launcher.ViewRootImplCompat.mergeWithNextTransaction:4 com.honeyspace.transition.utils.SurfaceTransactionApplier.scheduleApply$lambda$1:16 com.honeyspace.transition.utils.SurfaceTransactionApplier.b:0
10-16 19:22:56.589 31236 31236 I HoneySpace.FloatingAnimator: [Player:A(56.388)] container x: 124.123085, y: 252.84332, scale : 0.77558845
10-16 19:22:56.590 2534  5168  D MdnieScenarioControlService:  packageName : app.universal.revanced.manager    className : app.revanced.manager.MainActivity
10-16 19:22:56.590 2534  5168  V MdnieScenarioControlService: setUIMode from UI function(3)
10-16 19:22:56.592 31236 31236 I HoneySpace.FloatingAnimator: [Player:A(56.388)] container x: 111.0146, y: 226.14085, scale : 0.79928815
10-16 19:22:56.593 2534  4763  D CoreBackPreview: Window{bb5d8bd u0 app.universal.revanced.manager/app.revanced.manager.MainActivity}: Setting back callback OnBackInvokedCallbackInfo{mCallback=android.window.IOnBackInvokedCallback$Stub$Proxy@5846275, mPriority=-1, mIsAnimationCallback=false, mOverrideBehavior=0}
10-16 19:22:56.593 31236 31757 I VRI[LauncherActivity]@9d98bcf: mWNT: t=0xb400007409bac380 mBlastBufferQueue=0xb40000755a662000 fn= 227 HdrRenderState mRenderHdrSdrRatio=1.0 caller= com.android.systemui.shared.launcher.ViewRootImplCompat.mergeWithNextTransaction:4 com.honeyspace.transition.utils.SurfaceTransactionApplier.scheduleApply$lambda$1:16 com.honeyspace.transition.utils.SurfaceTransactionApplier.b:0
10-16 19:22:56.595 31236 31756 I VRI[LauncherActivity]@9d98bcf: mWNT: t=0xb400007409bace00 mBlastBufferQueue=0xb40000755a662000 fn= 228 HdrRenderState mRenderHdrSdrRatio=1.0 caller= com.android.systemui.shared.launcher.ViewRootImplCompat.mergeWithNextTransaction:4 com.honeyspace.transition.utils.SurfaceTransactionApplier.scheduleApply$lambda$1:16 com.honeyspace.transition.utils.SurfaceTransactionApplier.b:0
10-16 19:22:56.596 2167  29032 W qdgralloc: getInterlacedFlag: getMetaData returned 3, defaulting to interlaced_flag = 0
10-16 19:22:56.597 2167  29032 W qdgralloc: getInterlacedFlag: getMetaData returned 3, defaulting to interlaced_flag = 0
10-16 19:22:56.598 28973 29010 D PipelineWatcher: onInputBufferReleased: frameIndex not found (312896); ignored
10-16 19:22:56.600 31236 31236 I HoneySpace.FloatingAnimator: [Player:A(56.388)] container x: 96.26753, y: 196.10052, scale : 0.8259506
10-16 19:22:56.602 28973 29010 D PipelineWatcher: onInputBufferReleased: frameIndex not found (312897); ignored
10-16 19:22:56.603 31236 31757 I VRI[LauncherActivity]@9d98bcf: mWNT: t=0xb400007409bacf80 mBlastBufferQueue=0xb40000755a662000 fn= 229 HdrRenderState mRenderHdrSdrRatio=1.0 caller= com.android.systemui.shared.launcher.ViewRootImplCompat.mergeWithNextTransaction:4 com.honeyspace.transition.utils.SurfaceTransactionApplier.scheduleApply$lambda$1:16 com.honeyspace.transition.utils.SurfaceTransactionApplier.b:0
10-16 19:22:56.606 2167  29032 W qdgralloc: getInterlacedFlag: getMetaData returned 3, defaulting to interlaced_flag = 0
10-16 19:22:56.606 2167  29032 W qdgralloc: getInterlacedFlag: getMetaData returned 3, defaulting to interlaced_flag = 0
10-16 19:22:56.607 2534  6098  D ActivityManager: unpendingScheduleServiceRestart: u=10727, drop=false
10-16 19:22:56.607 2534  6098  D ActivityManager: unpendingScheduleServiceRestart: u=10727, drop=false
10-16 19:22:56.609 31236 31236 I HoneySpace.FloatingAnimator: [Player:A(56.388)] container x: 86.48117, y: 176.16534, scale : 0.843644
10-16 19:22:56.612 31236 31756 I VRI[LauncherActivity]@9d98bcf: mWNT: t=0xb400007409c59f00 mBlastBufferQueue=0xb40000755a662000 fn= 230 HdrRenderState mRenderHdrSdrRatio=1.0 caller= com.android.systemui.shared.launcher.ViewRootImplCompat.mergeWithNextTransaction:4 com.honeyspace.transition.utils.SurfaceTransactionApplier.scheduleApply$lambda$1:16 com.honeyspace.transition.utils.SurfaceTransactionApplier.b:0
10-16 19:22:56.612 2534  6098  D ActivityManager: unpendingScheduleServiceRestart: u=11140, drop=false
10-16 19:22:56.612 2534  6098  D ActivityManager: unpendingScheduleServiceRestart: u=11318, drop=false
10-16 19:22:56.612 2167  29032 W qdgralloc: getInterlacedFlag: getMetaData returned 3, defaulting to interlaced_flag = 0
10-16 19:22:56.613 2167  29032 W qdgralloc: getInterlacedFlag: getMetaData returned 3, defaulting to interlaced_flag = 0
10-16 19:22:56.613 28973 29010 D PipelineWatcher: onInputBufferReleased: frameIndex not found (312898); ignored
10-16 19:22:56.617 31236 31236 I HoneySpace.FloatingAnimator: [Player:A(56.388)] container x: 77.740555, y: 158.36038, scale : 0.8594469
10-16 19:22:56.620 31236 31757 I VRI[LauncherActivity]@9d98bcf: mWNT: t=0xb400007409c5a080 mBlastBufferQueue=0xb40000755a662000 fn= 231 HdrRenderState mRenderHdrSdrRatio=1.0 caller= com.android.systemui.shared.launcher.ViewRootImplCompat.mergeWithNextTransaction:4 com.honeyspace.transition.utils.SurfaceTransactionApplier.scheduleApply$lambda$1:16 com.honeyspace.transition.utils.SurfaceTransactionApplier.b:0
10-16 19:22:56.621 2534  6098  D ActivityManager: unpendingScheduleServiceRestart: u=10727, drop=false
10-16 19:22:56.621 2167  29032 W qdgralloc: getInterlacedFlag: getMetaData returned 3, defaulting to interlaced_flag = 0
10-16 19:22:56.622 2167  29032 W qdgralloc: getInterlacedFlag: getMetaData returned 3, defaulting to interlaced_flag = 0
10-16 19:22:56.622 28973 29010 D PipelineWatcher: onInputBufferReleased: frameIndex not found (312899); ignored
10-16 19:22:56.625 31236 31236 I HoneySpace.FloatingAnimator: [Player:A(56.388)] container x: 67.90738, y: 138.32985, scale : 0.87722516
10-16 19:22:56.629 2167  29032 W qdgralloc: getInterlacedFlag: getMetaData returned 3, defaulting to interlaced_flag = 0
10-16 19:22:56.629 2167  29032 W qdgralloc: getInterlacedFlag: getMetaData returned 3, defaulting to interlaced_flag = 0
10-16 19:22:56.630 28973 29010 D PipelineWatcher: onInputBufferReleased: frameIndex not found (312900); ignored
10-16 19:22:56.631 31236 31756 I VRI[LauncherActivity]@9d98bcf: mWNT: t=0xb400007409c5a200 mBlastBufferQueue=0xb40000755a662000 fn= 232 HdrRenderState mRenderHdrSdrRatio=1.0 caller= com.android.systemui.shared.launcher.ViewRootImplCompat.mergeWithNextTransaction:4 com.honeyspace.transition.utils.SurfaceTransactionApplier.scheduleApply$lambda$1:16 com.honeyspace.transition.utils.SurfaceTransactionApplier.b:0
10-16 19:22:56.632 2534  3136  I GestureDetector: handleMessage TAP
10-16 19:22:56.633 2534  2534  I GestureDetector: handleMessage TAP
10-16 19:22:56.633 31236 31236 I HoneySpace.FloatingAnimator: [Player:A(56.388)] container x: 62.21196, y: 126.728065, scale : 0.8875223
10-16 19:22:56.635 28973 29010 D PipelineWatcher: onInputBufferReleased: frameIndex not found (312901); ignored
10-16 19:22:56.638 31236 31757 I VRI[LauncherActivity]@9d98bcf: mWNT: t=0xb400007409c5a680 mBlastBufferQueue=0xb40000755a662000 fn= 233 HdrRenderState mRenderHdrSdrRatio=1.0 caller= com.android.systemui.shared.launcher.ViewRootImplCompat.mergeWithNextTransaction:4 com.honeyspace.transition.utils.SurfaceTransactionApplier.scheduleApply$lambda$1:16 com.honeyspace.transition.utils.SurfaceTransactionApplier.b:0
10-16 19:22:56.639 2167  29032 W qdgralloc: getInterlacedFlag: getMetaData returned 3, defaulting to interlaced_flag = 0
10-16 19:22:56.640 2167  29032 W qdgralloc: getInterlacedFlag: getMetaData returned 3, defaulting to interlaced_flag = 0
10-16 19:22:56.642 31236 31236 I HoneySpace.FloatingAnimator: [Player:A(56.388)] container x: 56.589645, y: 115.27521, scale : 0.89768726
10-16 19:22:56.646 31236 31756 I VRI[LauncherActivity]@9d98bcf: mWNT: t=0xb400007409bcf500 mBlastBufferQueue=0xb40000755a662000 fn= 234 HdrRenderState mRenderHdrSdrRatio=1.0 caller= com.android.systemui.shared.launcher.ViewRootImplCompat.mergeWithNextTransaction:4 com.honeyspace.transition.utils.SurfaceTransactionApplier.scheduleApply$lambda$1:16 com.honeyspace.transition.utils.SurfaceTransactionApplier.b:0
10-16 19:22:56.647 28973 29010 D PipelineWatcher: onInputBufferReleased: frameIndex not found (312902); ignored
10-16 19:22:56.650 31236 31236 I HoneySpace.FloatingAnimator: [Player:A(56.388)] container x: 50.26452, y: 102.390686, scale : 0.9091229
10-16 19:22:56.655 31236 31757 I VRI[LauncherActivity]@9d98bcf: mWNT: t=0xb400007409bcf980 mBlastBufferQueue=0xb40000755a662000 fn= 235 HdrRenderState mRenderHdrSdrRatio=1.0 caller= com.android.systemui.shared.launcher.ViewRootImplCompat.mergeWithNextTransaction:4 com.honeyspace.transition.utils.SurfaceTransactionApplier.scheduleApply$lambda$1:16 com.honeyspace.transition.utils.SurfaceTransactionApplier.b:0
10-16 19:22:56.657 2167  29032 W qdgralloc: getInterlacedFlag: getMetaData returned 3, defaulting to interlaced_flag = 0
10-16 19:22:56.658 2167  29032 W qdgralloc: getInterlacedFlag: getMetaData returned 3, defaulting to interlaced_flag = 0
10-16 19:22:56.658 31236 31236 I HoneySpace.FloatingAnimator: [Player:A(56.388)] container x: 45.648968, y: 92.98864, scale : 0.91746783
10-16 19:22:56.662 31236 31756 I VRI[LauncherActivity]@9d98bcf: mWNT: t=0xb400007409bcfb00 mBlastBufferQueue=0xb40000755a662000 fn= 236 HdrRenderState mRenderHdrSdrRatio=1.0 caller= com.android.systemui.shared.launcher.ViewRootImplCompat.mergeWithNextTransaction:4 com.honeyspace.transition.utils.SurfaceTransactionApplier.scheduleApply$lambda$1:16 com.honeyspace.transition.utils.SurfaceTransactionApplier.b:0
10-16 19:22:56.662 2534  6098  D ActivityManager: unpendingScheduleServiceRestart: u=10720, drop=false
10-16 19:22:56.664 2167  29032 W qdgralloc: getInterlacedFlag: getMetaData returned 3, defaulting to interlaced_flag = 0
10-16 19:22:56.665 2167  29032 W qdgralloc: getInterlacedFlag: getMetaData returned 3, defaulting to interlaced_flag = 0
10-16 19:22:56.666 28973 29010 D PipelineWatcher: onInputBufferReleased: frameIndex not found (312903); ignored
10-16 19:22:56.667 31236 31236 I HoneySpace.FloatingAnimator: [Player:A(56.388)] container x: 42.130962, y: 85.822334, scale : 0.9238282
10-16 19:22:56.670 31236 31757 I VRI[LauncherActivity]@9d98bcf: mWNT: t=0xb400007409bcfc80 mBlastBufferQueue=0xb40000755a662000 fn= 237 HdrRenderState mRenderHdrSdrRatio=1.0 caller= com.android.systemui.shared.launcher.ViewRootImplCompat.mergeWithNextTransaction:4 com.honeyspace.transition.utils.SurfaceTransactionApplier.scheduleApply$lambda$1:16 com.honeyspace.transition.utils.SurfaceTransactionApplier.b:0
10-16 19:22:56.671 2167  29032 W qdgralloc: getInterlacedFlag: getMetaData returned 3, defaulting to interlaced_flag = 0
10-16 19:22:56.671 28973 29010 D PipelineWatcher: onInputBufferReleased: frameIndex not found (312904); ignored
10-16 19:22:56.671 2534  5177  I WindowManager: Relayout Window{bb5d8bd u0 app.universal.revanced.manager/app.revanced.manager.MainActivity}: viewVisibility=0 req=1440x3088 ty=1 d0
10-16 19:22:56.671 2167  29032 W qdgralloc: getInterlacedFlag: getMetaData returned 3, defaulting to interlaced_flag = 0
10-16 19:22:56.671 2234  4762  I SurfaceFlinger: id=130735 createSurf, flag=44004, app.universal.revanced.manager/app.revanced.manager.MainActivity$_16814#130735
10-16 19:22:56.674 2534  5177  D WindowManager: makeSurface duration=3 name=app.universal.revanced.manager/app.revanced.manager.MainActivity$_16814
10-16 19:22:56.675 2534  5177  W PhoneWindowManager: lockNow pending, ignore updating lockscreen timeout
10-16 19:22:56.675 2234  2234  I SurfaceFlinger: [app.universal.revanced.manager/app.revanced.manager.MainActivity$_16814#130735] attach to parent LayerHierarchy{RequestedLayerState{bb5d8bd app.universal.revanced.manager/app.revanced.manager.MainActivity#130734 parentId=130724} 1 children}
10-16 19:22:56.675 2534  5177  D SurfaceComposerClient: setCornerRadius ## da18022 Splash Screen app.universal.revanced.manager#130725 cornerRadius=0.000000
10-16 19:22:56.675 2534  5177  D SurfaceComposerClient: setCornerRadius ## bb5d8bd app.universal.revanced.manager/app.revanced.manager.MainActivity#130734 cornerRadius=0.000000
10-16 19:22:56.675 31236 31236 I HoneySpace.FloatingAnimator: [Player:A(56.388)] container x: 38.17322, y: 77.76027, scale : 0.9309837
10-16 19:22:56.675 2534  5177  W PhoneWindowManager: lockNow pending, ignore updating lockscreen timeout
10-16 19:22:56.675 2534  5177  D SurfaceComposerClient: setCornerRadius ## da18022 Splash Screen app.universal.revanced.manager#130725 cornerRadius=0.000000
10-16 19:22:56.675 2534  5177  D SurfaceComposerClient: setCornerRadius ## bb5d8bd app.universal.revanced.manager/app.revanced.manager.MainActivity#130734 cornerRadius=0.000000
