10-16 19:22:55.992 31236 31236 I HoneySpace.PageIndicatorView: change -1 page setting value true com.honeyspace.ui.common.pageindicator.PageIndicatorView{27efdbc V.E...... ......I. 0,0-0,0 #7f0a0462 app:id/page_indicator}. state : -1
10-16 19:22:55.992 31236 31236 I HoneySpace.PageIndicatorView: this.state : -1, state : -1
10-16 19:22:55.992 31236 31236 I HoneySpace.PageIndicatorView: get white bg flag darkFont=false
10-16 19:22:55.992 31236 31236 I HoneySpace.PageIndicatorMarker: changeColorForBg state : -1, darkFont : false
10-16 19:22:55.993 31236 31236 I HoneySpace.PageIndicatorView: change state : 11, com.honeyspace.ui.common.pageindicator.PageIndicatorView{27efdbc V.E...... ......I. 0,0-0,0 #7f0a0462 app:id/page_indicator}
10-16 19:22:55.993 31236 31236 I HoneySpace.PageIndicatorView: this.state : -1, state : 11
10-16 19:22:55.993 31236 31236 I HoneySpace.PageIndicatorView: change plusPage : (false, false), com.honeyspace.ui.common.pageindicator.PageIndicatorView{27efdbc V.E...... ......I. 0,0-0,0 #7f0a0462 app:id/page_indicator}
10-16 19:22:55.993 31236 31236 I HoneySpace.PageIndicatorView: change showMinusOnePage : false, com.honeyspace.ui.common.pageindicator.PageIndicatorView{27efdbc V.E...... ......I. 0,0-0,0 #7f0a0462 app:id/page_indicator}
10-16 19:22:55.993 31236 31236 I HoneySpace.PageIndicatorView: pageIndicatorView loading = true, com.honeyspace.ui.common.pageindicator.PageIndicatorView{27efdbc V.E...... ......I. 0,0-0,0 #7f0a0462 app:id/page_indicator}
10-16 19:22:55.993 31236 31236 I HoneySpace.PageIndicatorView: change pageCount : 1, com.honeyspace.ui.common.pageindicator.PageIndicatorView{27efdbc V.E...... ......I. 0,0-0,0 #7f0a0462 app:id/page_indicator}
10-16 19:22:55.993 31236 31236 I HoneySpace.PageIndicatorView: setMarkersCount : 1, isAnimated : false, existMinusOnePage : false existPlusPage : false
10-16 19:22:55.993 31236 31236 I HoneySpace.PageIndicatorMarker: onFinishInflate set marker
10-16 19:22:55.993 31236 31236 I HoneySpace.PageIndicatorMarker: setMarkerDrawables isDefaultTheme = true
10-16 19:22:55.993 31236 31236 I HoneySpace.PageIndicatorView: needFakeZeroPageMarker state : 11, minusOnePageEnable : true, existMinusOnePage : false
10-16 19:22:55.993 31236 31236 I HoneySpace.PageIndicatorView: setActiveMarker : 0
10-16 19:22:55.993 31236 31236 I HoneySpace.PageIndicatorView: markers.size = 1
10-16 19:22:55.993 31236 31236 I HoneySpace.PageIndicatorView: change defaultIndex : -1, com.honeyspace.ui.common.pageindicator.PageIndicatorView{27efdbc V.E...... ......I. 0,0-0,0 #7f0a0462 app:id/page_indicator}
10-16 19:22:55.993 31236 31236 I HoneySpace.PageIndicatorView: setActiveMarker : 0
10-16 19:22:55.993 31236 31236 I HoneySpace.PageIndicatorView: markers.size = 1
10-16 19:22:55.993 31236 31236 I HoneySpace.PageIndicatorView: change current page : 0, com.honeyspace.ui.common.pageindicator.PageIndicatorView{27efdbc V.E...... ......I. 0,0-0,0 #7f0a0462 app:id/page_indicator}
10-16 19:22:55.993 31236 31236 I HoneySpace.PageIndicatorView: setActiveMarker : 0
10-16 19:22:55.993 31236 31236 I HoneySpace.PageIndicatorView: markers.size = 1
10-16 19:22:55.993 31236 31236 I HoneySpace.PageIndicatorView: pageIndicatorView refreshBorder
10-16 19:22:55.993 31236 31236 I HoneySpace.PageIndicatorView: pageIndicatorView reapply
10-16 19:22:55.993 31236 31236 I HoneySpace.PageIndicatorView: reapply markerIconSize: 67
10-16 19:22:55.994 31236 31236 I HoneySpace.PageIndicatorView: needFakeZeroPageMarker state : 11, minusOnePageEnable : true, existMinusOnePage : false
10-16 19:22:55.995 31236 31236 I HoneySpace.AbsFolderViewModel: doOnStateChangeEnd alpha: 1.0 scale: 1.0  [id:242] [title:Client Managers] [color:-827083853] [items:14] [container:1]
10-16 19:22:55.997 31236 31236 I HoneySpace.OpenFolderOperator: com.honeyspace.ui.honeypots.appscreen.presentation.AppscreenContainerView{b097968 V.E...... ......ID 0,0-1440,3088 #7f0a00b3 app:id/apps_screen aid=1073742112} - visibility:0, alpha:1.0  [id:242] [title:Client Managers] [color:-827083853] [items:14] [container:1]
10-16 19:22:55.997 31236 31236 I HoneySpace.ApplistViewModel: endStateChange com.honeyspace.sdk.AppScreen$OpenPopupFolder@ee57e8c
10-16 19:22:55.997 31236 31236 I HoneySpace.AppscreenPot: removeDragGuide : com.honeyspace.sdk.AppScreen$OpenPopupFolder@ee57e8c, cancelled: false
10-16 19:22:56.002 31236 31236 I HoneySpace.PageIndicatorView: change state : 11, com.honeyspace.ui.common.pageindicator.PageIndicatorView{27efdbc V.E...... ........ 0,1530-1151,1603 #7f0a0462 app:id/page_indicator}
10-16 19:22:56.002 31236 31236 I HoneySpace.PageIndicatorView: this.state : 11, state : 11
10-16 19:22:56.002 31236 31236 I HoneySpace.PageIndicatorView: change plusPage : (false, false), com.honeyspace.ui.common.pageindicator.PageIndicatorView{27efdbc V.E...... ........ 0,1530-1151,1603 #7f0a0462 app:id/page_indicator}
10-16 19:22:56.002 31236 31236 I HoneySpace.PageIndicatorView: change showMinusOnePage : false, com.honeyspace.ui.common.pageindicator.PageIndicatorView{27efdbc V.E...... ........ 0,1530-1151,1603 #7f0a0462 app:id/page_indicator}
10-16 19:22:56.002 31236 31236 I HoneySpace.PageIndicatorView: pageIndicatorView loading = true, com.honeyspace.ui.common.pageindicator.PageIndicatorView{27efdbc V.E...... ........ 0,1530-1151,1603 #7f0a0462 app:id/page_indicator}
10-16 19:22:56.002 31236 31236 I HoneySpace.PageIndicatorView: change pageCount : 1, com.honeyspace.ui.common.pageindicator.PageIndicatorView{27efdbc V.E...... ........ 0,1530-1151,1603 #7f0a0462 app:id/page_indicator}
10-16 19:22:56.002 31236 31236 I HoneySpace.PageIndicatorView: setMarkersCount : 1, isAnimated : false, existMinusOnePage : false existPlusPage : false
10-16 19:22:56.002 31236 31236 I HoneySpace.PageIndicatorView: needFakeZeroPageMarker state : 11, minusOnePageEnable : true, existMinusOnePage : false
10-16 19:22:56.002 31236 31236 I HoneySpace.PageIndicatorView: setActiveMarker : 0
10-16 19:22:56.002 31236 31236 I HoneySpace.PageIndicatorView: markers.size = 1
10-16 19:22:56.002 31236 31236 I HoneySpace.PageIndicatorView: change defaultIndex : -1, com.honeyspace.ui.common.pageindicator.PageIndicatorView{27efdbc V.E...... ......ID 0,1530-1151,1603 #7f0a0462 app:id/page_indicator}
10-16 19:22:56.002 31236 31236 I HoneySpace.PageIndicatorView: setActiveMarker : 0
10-16 19:22:56.002 31236 31236 I HoneySpace.PageIndicatorView: markers.size = 1
10-16 19:22:56.002 31236 31236 I HoneySpace.PageIndicatorView: change current page : 0, com.honeyspace.ui.common.pageindicator.PageIndicatorView{27efdbc V.E...... ......ID 0,1530-1151,1603 #7f0a0462 app:id/page_indicator}
10-16 19:22:56.002 31236 31236 I HoneySpace.PageIndicatorView: setActiveMarker : 0
10-16 19:22:56.002 31236 31236 I HoneySpace.PageIndicatorView: markers.size = 1
10-16 19:22:56.002 31236 31236 I HoneySpace.PageIndicatorView: pageIndicatorView refreshBorder
10-16 19:22:56.002 31236 31236 I HoneySpace.PageIndicatorView: pageIndicatorView reapply
10-16 19:22:56.003 31236 31236 I HoneySpace.PageIndicatorView: reapply markerIconSize: 67
10-16 19:22:56.003 31236 31236 I HoneySpace.PageIndicatorView: needFakeZeroPageMarker state : 11, minusOnePageEnable : true, existMinusOnePage : false
10-16 19:22:56.009 2167  29032 W qdgralloc: getInterlacedFlag: getMetaData returned 3, defaulting to interlaced_flag = 0
10-16 19:22:56.010 2167  29032 W qdgralloc: getInterlacedFlag: getMetaData returned 3, defaulting to interlaced_flag = 0
10-16 19:22:56.016 28973 29010 D PipelineWatcher: onInputBufferReleased: frameIndex not found (312852); ignored
10-16 19:22:56.017 2167  29032 W qdgralloc: getInterlacedFlag: getMetaData returned 3, defaulting to interlaced_flag = 0
10-16 19:22:56.018 2167  29032 W qdgralloc: getInterlacedFlag: getMetaData returned 3, defaulting to interlaced_flag = 0
10-16 19:22:56.021 2167  29032 W qdgralloc: getInterlacedFlag: getMetaData returned 3, defaulting to interlaced_flag = 0
10-16 19:22:56.022 2167  29032 W qdgralloc: getInterlacedFlag: getMetaData returned 3, defaulting to interlaced_flag = 0
10-16 19:22:56.023 28973 29010 D PipelineWatcher: onInputBufferReleased: frameIndex not found (312853); ignored
10-16 19:22:56.025 2073  6484  I vendor.qti.bluetooth@1.1-ibs_handler: ProcessIbsCmd: Received IBS_WAKE_IND: 0xFD
10-16 19:22:56.025 2073  6484  D vendor.qti.bluetooth@1.1-ibs_handler: SerialClockVote: vote for UART CLK ON
10-16 19:22:56.025 2073  6484  D vendor.qti.bluetooth@1.1-wake_lock: Acquire wakelock is acquired
10-16 19:22:56.025 2073  6484  I vendor.qti.bluetooth@1.1-ibs_handler: ProcessIbsCmd: Writing IBS_WAKE_ACK
10-16 19:22:56.025 28973 29010 D PipelineWatcher: onInputBufferReleased: frameIndex not found (312854); ignored
10-16 19:22:56.033 5631  6504  I ScanController: onScanResult to scannerId: 13- eventType=0x0, addressType=1, address=XX:XX:XX:XX:02:D0, primaryPhy=1, secondaryPhy=1, advertisingSid=0x4, txPower=127, rssi=-64, periodicAdvInt=0x0
10-16 19:22:56.033 5631  6504  I ScanController: onScanResult to scannerId: 13- eventType=0x10, addressType=1, address=XX:XX:XX:XX:63:89, primaryPhy=1, secondaryPhy=0, advertisingSid=0xff, txPower=127, rssi=-62, periodicAdvInt=0x0
10-16 19:22:56.040 11423 11455 I MultimediaHelper: (Paran)(2.1.05) updateMediaRunning() : current media mode is 2
10-16 19:22:56.040 11423 11455 E MultimediaHelper: (Paran)(2.1.05) isMusicRunning() : audio playing list is empty
10-16 19:22:56.040 11423 11452 I ShtCoreImpl: (Paran)(2.1.05) handleMediaStateUpdated(false)/current internal val : false
10-16 19:22:56.040 11423 11452 I ShtCoreImpl: (Paran)(2.1.05) updateRunningCondition() : setting( false ), headtracking( true ), conn( false ), media( false ), wear( false ), screen( true ), audiopath( false ), sensorsupport( true )
10-16 19:22:56.040 2216  9408  D DlbEffectContext: getParam() received parameter EFFECT_PARAM_ENABLE
10-16 19:22:56.040 2216  9408  D DlbEffectContext: getParam() received parameter EFFECT_PARAM_ENABLE
10-16 19:22:56.040 2216  9408  D DlbEffectContext: getParam() received parameter EFFECT_PARAM_ENABLE
10-16 19:22:56.040 2216  9408  D DlbEffectContext: getParam() received parameter EFFECT_PARAM_ENABLE
10-16 19:22:56.040 2216  9408  D DlbEffectContext: getParam() received parameter EFFECT_PARAM_ENABLE
10-16 19:22:56.040 2216  9408  D DlbEffectContext: getParam() received parameter EFFECT_PARAM_ENABLE
10-16 19:22:56.040 2216  9408  D DlbEffectContext: getParam() received parameter EFFECT_PARAM_PROFILE
10-16 19:22:56.041 2216  9408  D DlbEffectContext: getParam() received parameter EFFECT_PARAM_PROFILE
10-16 19:22:56.041 2216  9408  D DlbEffectContext: getParam() received parameter EFFECT_PARAM_PROFILE
10-16 19:22:56.041 2216  9408  D DlbEffectContext: getParam() received parameter EFFECT_PARAM_PROFILE
10-16 19:22:56.041 2216  9408  D DlbEffectContext: getParam() received parameter EFFECT_PARAM_PROFILE
10-16 19:22:56.041 2216  9408  D DlbEffectContext: getParam() received parameter EFFECT_PARAM_PROFILE
10-16 19:22:56.045 2534  3157  E Watchdog: !@Sync: 22067 heap(MB): 241 / 250 FD: 1422 [2025-10-16 19:22:56.045]
10-16 19:22:56.046 2534  6683  I ActivityManager: Changes in 10130 15 to 5, 0 to 144
10-16 19:22:56.048 2216  9408  V APM_AudioPolicyManager: setAppState(portId:4782, state:2)
10-16 19:22:56.048 2534  5218  D BackgroundInstallControlService: Package event received: 0
10-16 19:22:56.049 16664 16672 I SAContentProvider: getAudioPathByQuery() : requested path is unknown (-1)
10-16 19:22:56.049 16664 16672 I SAContentProvider: query() : result is 0
10-16 19:22:56.052 11423 11452 I SoundAliveHelper: (Paran)(2.1.05) getSpatialAudioValueFromSoundAlive() : value from SoundAlive is 0
10-16 19:22:56.058 2234  2234  D SurfaceFlinger: GPIS:: requestGPISForClientComposition
10-16 19:22:56.063 2167  29032 W qdgralloc: getInterlacedFlag: getMetaData returned 3, defaulting to interlaced_flag = 0
10-16 19:22:56.063 2167  29032 W qdgralloc: getInterlacedFlag: getMetaData returned 3, defaulting to interlaced_flag = 0
10-16 19:22:56.067 28973 29010 D PipelineWatcher: onInputBufferReleased: frameIndex not found (312855); ignored
10-16 19:22:56.069 2167  29032 W qdgralloc: getInterlacedFlag: getMetaData returned 3, defaulting to interlaced_flag = 0
10-16 19:22:56.069 2167  29032 W qdgralloc: getInterlacedFlag: getMetaData returned 3, defaulting to interlaced_flag = 0
10-16 19:22:56.075 2073  6484  I vendor.qti.bluetooth@1.1-ibs_handler: ProcessIbsCmd: Received IBS_SLEEP_IND: 0xFE
10-16 19:22:56.075 2073  6484  D vendor.qti.bluetooth@1.1-ibs_handler: SerialClockVote: vote for UART CLK OFF
10-16 19:22:56.075 28973 29010 D PipelineWatcher: onInputBufferReleased: frameIndex not found (312856); ignored
10-16 19:22:56.077 2167  29032 W qdgralloc: getInterlacedFlag: getMetaData returned 3, defaulting to interlaced_flag = 0
10-16 19:22:56.078 2167  29032 W qdgralloc: getInterlacedFlag: getMetaData returned 3, defaulting to interlaced_flag = 0
10-16 19:22:56.079 2073  6484  I vendor.qti.bluetooth@1.1-ibs_handler: ProcessIbsCmd: Received IBS_WAKE_IND: 0xFD
10-16 19:22:56.079 2073  6484  D vendor.qti.bluetooth@1.1-ibs_handler: SerialClockVote: vote for UART CLK ON
10-16 19:22:56.079 2073  6484  I vendor.qti.bluetooth@1.1-ibs_handler: ProcessIbsCmd: Writing IBS_WAKE_ACK
10-16 19:22:56.082 2167  29032 W qdgralloc: getInterlacedFlag: getMetaData returned 3, defaulting to interlaced_flag = 0
10-16 19:22:56.082 2167  29032 W qdgralloc: getInterlacedFlag: getMetaData returned 3, defaulting to interlaced_flag = 0
10-16 19:22:56.082 2534  4683  D PowerManagerService: [api] userActivityFromNative : other, HOVER displayId=0 eventTime=662499482
10-16 19:22:56.083 5631  6504  I ScanController: onScanResult to scannerId: 13- eventType=0x0, addressType=1, address=XX:XX:XX:XX:B6:6B, primaryPhy=1, secondaryPhy=1, advertisingSid=0x4, txPower=127, rssi=-74, periodicAdvInt=0x0
10-16 19:22:56.088 2167  29032 W qdgralloc: getInterlacedFlag: getMetaData returned 3, defaulting to interlaced_flag = 0
10-16 19:22:56.088 2167  29036 D BufferPoolAccessor2.0: bufferpool2 0xb40000733fb76c28 : 5(16773120 size) total buffers - 5(16773120 size) used buffers - 312651/312858 (recycle/alloc) - 1409/312853 (fetch/transfer)
10-16 19:22:56.088 2167  29032 W qdgralloc: getInterlacedFlag: getMetaData returned 3, defaulting to interlaced_flag = 0
10-16 19:22:56.091 28973 29010 D PipelineWatcher: onInputBufferReleased: frameIndex not found (312857); ignored
10-16 19:22:56.092 2167  29032 W qdgralloc: getInterlacedFlag: getMetaData returned 3, defaulting to interlaced_flag = 0
10-16 19:22:56.092 2167  29032 W qdgralloc: getInterlacedFlag: getMetaData returned 3, defaulting to interlaced_flag = 0
10-16 19:22:56.093 28973 29010 D PipelineWatcher: onInputBufferReleased: frameIndex not found (312858); ignored
10-16 19:22:56.094 28973 29010 D PipelineWatcher: onInputBufferReleased: frameIndex not found (312859); ignored
10-16 19:22:56.096 2167  29032 W qdgralloc: getInterlacedFlag: getMetaData returned 3, defaulting to interlaced_flag = 0
10-16 19:22:56.096 2167  29032 W qdgralloc: getInterlacedFlag: getMetaData returned 3, defaulting to interlaced_flag = 0
10-16 19:22:56.097 5631  6504  I ScanController: onScanResult to scannerId: 13- eventType=0x0, addressType=1, address=XX:XX:XX:XX:10:D4, primaryPhy=1, secondaryPhy=1, advertisingSid=0x3, txPower=127, rssi=-60, periodicAdvInt=0x0
10-16 19:22:56.099 28973 29010 D PipelineWatcher: onInputBufferReleased: frameIndex not found (312860); ignored
10-16 19:22:56.102 2167  29032 W qdgralloc: getInterlacedFlag: getMetaData returned 3, defaulting to interlaced_flag = 0
10-16 19:22:56.102 2167  29032 W qdgralloc: getInterlacedFlag: getMetaData returned 3, defaulting to interlaced_flag = 0
10-16 19:22:56.103 28973 29010 D PipelineWatcher: onInputBufferReleased: frameIndex not found (312861); ignored
10-16 19:22:56.106 2167  29032 W qdgralloc: getInterlacedFlag: getMetaData returned 3, defaulting to interlaced_flag = 0
10-16 19:22:56.106 2167  29032 W qdgralloc: getInterlacedFlag: getMetaData returned 3, defaulting to interlaced_flag = 0
10-16 19:22:56.109 28973 29010 D PipelineWatcher: onInputBufferReleased: frameIndex not found (312862); ignored
10-16 19:22:56.109 28973 29010 D PipelineWatcher: onInputBufferReleased: frameIndex not found (312863); ignored
10-16 19:22:56.111 2167  29032 W qdgralloc: getInterlacedFlag: getMetaData returned 3, defaulting to interlaced_flag = 0
10-16 19:22:56.111 2167  29032 W qdgralloc: getInterlacedFlag: getMetaData returned 3, defaulting to interlaced_flag = 0
10-16 19:22:56.116 28973 29010 D PipelineWatcher: onInputBufferReleased: frameIndex not found (312864); ignored
10-16 19:22:56.116 2167  29032 W qdgralloc: getInterlacedFlag: getMetaData returned 3, defaulting to interlaced_flag = 0
10-16 19:22:56.116 2167  29032 W qdgralloc: getInterlacedFlag: getMetaData returned 3, defaulting to interlaced_flag = 0
10-16 19:22:56.119 28973 29010 D PipelineWatcher: onInputBufferReleased: frameIndex not found (312865); ignored
10-16 19:22:56.121 2167  29032 W qdgralloc: getInterlacedFlag: getMetaData returned 3, defaulting to interlaced_flag = 0
10-16 19:22:56.121 2167  29032 W qdgralloc: getInterlacedFlag: getMetaData returned 3, defaulting to interlaced_flag = 0
10-16 19:22:56.121 2664  29012 D BufferPoolAccessor2.0: bufferpool2 0xb4000070f8260e28 : 3(9000 size) total buffers - 1(3000 size) used buffers - 235052/235088 (recycle/alloc) - 117/235086 (fetch/transfer)
10-16 19:22:56.124 28973 29010 D PipelineWatcher: onInputBufferReleased: frameIndex not found (312866); ignored
10-16 19:22:56.127 2167  29032 W qdgralloc: getInterlacedFlag: getMetaData returned 3, defaulting to interlaced_flag = 0
10-16 19:22:56.128 2167  29032 W qdgralloc: getInterlacedFlag: getMetaData returned 3, defaulting to interlaced_flag = 0
10-16 19:22:56.133 28973 29010 D PipelineWatcher: onInputBufferReleased: frameIndex not found (312867); ignored
10-16 19:22:56.134 2167  29032 W qdgralloc: getInterlacedFlag: getMetaData returned 3, defaulting to interlaced_flag = 0
10-16 19:22:56.134 2167  29032 W qdgralloc: getInterlacedFlag: getMetaData returned 3, defaulting to interlaced_flag = 0
10-16 19:22:56.135 2073  6484  I vendor.qti.bluetooth@1.1-ibs_handler: ProcessIbsCmd: Received IBS_SLEEP_IND: 0xFE
10-16 19:22:56.135 2073  6484  D vendor.qti.bluetooth@1.1-ibs_handler: SerialClockVote: vote for UART CLK OFF
10-16 19:22:56.139 28973 29010 D PipelineWatcher: onInputBufferReleased: frameIndex not found (312868); ignored
10-16 19:22:56.140 2167  29032 W qdgralloc: getInterlacedFlag: getMetaData returned 3, defaulting to interlaced_flag = 0
10-16 19:22:56.141 2167  29032 W qdgralloc: getInterlacedFlag: getMetaData returned 3, defaulting to interlaced_flag = 0
10-16 19:22:56.142 31236 31236 I HoneySpace.FolderIconView: end dim animation : Client Managers
10-16 19:22:56.145 28973 29010 D PipelineWatcher: onInputBufferReleased: frameIndex not found (312869); ignored
10-16 19:22:56.146 2167  29032 W qdgralloc: getInterlacedFlag: getMetaData returned 3, defaulting to interlaced_flag = 0
10-16 19:22:56.146 2167  29032 W qdgralloc: getInterlacedFlag: getMetaData returned 3, defaulting to interlaced_flag = 0
10-16 19:22:56.150 28973 29010 D PipelineWatcher: onInputBufferReleased: frameIndex not found (312870); ignored
10-16 19:22:56.150 2534  5259  V SemStrongRssiRoaming: POLL (Rssi:-55 MinRssi:-50 Guard:1)
10-16 19:22:56.152 2167  29032 W qdgralloc: getInterlacedFlag: getMetaData returned 3, defaulting to interlaced_flag = 0
10-16 19:22:56.153 2167  29032 W qdgralloc: getInterlacedFlag: getMetaData returned 3, defaulting to interlaced_flag = 0
10-16 19:22:56.157 28973 29010 D PipelineWatcher: onInputBufferReleased: frameIndex not found (312871); ignored
10-16 19:22:56.158 2167  29032 W qdgralloc: getInterlacedFlag: getMetaData returned 3, defaulting to interlaced_flag = 0
10-16 19:22:56.158 2167  29032 W qdgralloc: getInterlacedFlag: getMetaData returned 3, defaulting to interlaced_flag = 0
10-16 19:22:56.162 28973 29010 D PipelineWatcher: onInputBufferReleased: frameIndex not found (312872); ignored
10-16 19:22:56.163 2167  29032 W qdgralloc: getInterlacedFlag: getMetaData returned 3, defaulting to interlaced_flag = 0
10-16 19:22:56.163 2167  29032 W qdgralloc: getInterlacedFlag: getMetaData returned 3, defaulting to interlaced_flag = 0
10-16 19:22:56.165 28973 29010 D PipelineWatcher: onInputBufferReleased: frameIndex not found (312873); ignored
10-16 19:22:56.170 2167  29032 W qdgralloc: getInterlacedFlag: getMetaData returned 3, defaulting to interlaced_flag = 0
10-16 19:22:56.170 2167  29032 W qdgralloc: getInterlacedFlag: getMetaData returned 3, defaulting to interlaced_flag = 0
10-16 19:22:56.173 28973 29010 D PipelineWatcher: onInputBufferReleased: frameIndex not found (312874); ignored
10-16 19:22:56.175 2167  29032 W qdgralloc: getInterlacedFlag: getMetaData returned 3, defaulting to interlaced_flag = 0
10-16 19:22:56.175 2167  29032 W qdgralloc: getInterlacedFlag: getMetaData returned 3, defaulting to interlaced_flag = 0
10-16 19:22:56.178 28973 29010 D PipelineWatcher: onInputBufferReleased: frameIndex not found (312875); ignored
10-16 19:22:56.180 2167  29032 W qdgralloc: getInterlacedFlag: getMetaData returned 3, defaulting to interlaced_flag = 0
10-16 19:22:56.181 2167  29032 W qdgralloc: getInterlacedFlag: getMetaData returned 3, defaulting to interlaced_flag = 0
10-16 19:22:56.183 28973 29010 D PipelineWatcher: onInputBufferReleased: frameIndex not found (312876); ignored
10-16 19:22:56.187 2167  29032 W qdgralloc: getInterlacedFlag: getMetaData returned 3, defaulting to interlaced_flag = 0
10-16 19:22:56.188 2167  29032 W qdgralloc: getInterlacedFlag: getMetaData returned 3, defaulting to interlaced_flag = 0
10-16 19:22:56.191 28973 29010 D PipelineWatcher: onInputBufferReleased: frameIndex not found (312877); ignored
10-16 19:22:56.267 2167  29032 W qdgralloc: getInterlacedFlag: getMetaData returned 3, defaulting to interlaced_flag = 0
10-16 19:22:56.269 2167  29032 W qdgralloc: getInterlacedFlag: getMetaData returned 3, defaulting to interlaced_flag = 0
10-16 19:22:56.279 28973 29010 D PipelineWatcher: onInputBufferReleased: frameIndex not found (312878); ignored
10-16 19:22:56.286 2073  5931  D vendor.qti.bluetooth@1.1-wake_lock: Release wakelock is released
10-16 19:22:56.329 2534  8579  D InputDispatcher: Inject motion (28973/2000): action=0x0, time=662499729000000, f=0x0, d=0 dsdx=1.000000 dtdx=0.000000
10-16 19:22:56.330 2534  4683  I InputDispatcher: Delivering touch to (5382): action: 0x4, f=0x0, d=0, '98e4e7c', t=1
10-16 19:22:56.330 2534  4683  I InputDispatcher: Canceling pointers for device -1 in a704410 com.sec.android.app.launcher/com.sec.android.app.launcher.activities.LauncherActivity with event MotionEvent
10-16 19:22:56.331 2534  4683  I InputDispatcher: Delivering touch to (31236): action: 0xa, f=0x0, d=0, 'a704410', t=3
10-16 19:22:56.331 2534  4683  I InputDispatcher: Delivering touch to (31236): action: 0x0, f=0x0, d=0, 'a704410', t=1
10-16 19:22:56.331 2534  4683  I InputDispatcher: Canceling pointers for device -1 in [Gesture Monitor] secinputdev with event MotionEvent
10-16 19:22:56.331 31236 31236 I VRI[LauncherActivity]@9d98bcf: ViewPostIme pointer 0
10-16 19:22:56.331 2534  4683  I InputDispatcher: Canceling pointers for device -1 in [Gesture Monitor] PalmMotion with event MotionEvent
10-16 19:22:56.331 31236 31236 I HoneySpace.AppscreenContainerView: findActiveTouchController ev = 0
10-16 19:22:56.331 31236 31236 I HoneySpace.AppscreenHomeTouchController: onControllerInterceptTouchEvent :: , QuickOptionUtil.isShowQuickOption = false, QuickOptionUtil.isDragging = false, canInterceptTouch = false
10-16 19:22:56.331 31236 31236 I HoneySpace.OpenFolderFRView: dispatchTouchEvent() event.action=0
10-16 19:22:56.332 31236 31236 I HoneySpace.OpenFolderFRView: processDownMotionEvent, index = 0, id = 0
10-16 19:22:56.332 2534  4683  I InputDispatcher: Canceling pointers for device -1 in PointerEventDispatcher0 with event MotionEvent
10-16 19:22:56.332 31236 31236 I HoneySpace.OpenFolderFRView: initTouchPoint, index = 0, id = 0
10-16 19:22:56.332 31236 31236 I HoneySpace.IconView: start dim animation : Universal ReVanced Manager
10-16 19:22:56.332 2534  3136  I GestureDetector: obtain mCurrentDownEvent. id: -68839832 caller: com.android.server.wm.SystemGesturesPointerEventListener.onPointerEvent:17 com.android.server.wm.PointerEventDispatcher.onInputEvent:51 android.view.InputEventReceiver.dispatchInputEvent:392
10-16 19:22:56.332 31236 31236 I HoneySpace.IconHoney: call activeLaunch 408078
10-16 19:22:56.333 2534  8579  I Pageboost: start alp : app.universal.revanced.manager
10-16 19:22:56.333 2534  3136  I GestureDetector: obtain mCurrentDownEvent. id: -68839832 caller: com.android.server.wm.SystemPerformancePointerEventListener.onPointerEvent:13 com.android.server.wm.PointerEventDispatcher.onInputEvent:51 android.view.InputEventReceiver.dispatchInputEvent:392
10-16 19:22:56.333 2534  5358  I Pageboost: alp skip : app.universal.revanced.manager , 2
10-16 19:22:56.334 2534  8579  W ContextImpl: Calling a method in the system process without a qualified user: android.app.ContextImpl.startActivity:1189 com.android.server.am.ActivityManagerService.doActiveLaunch:101 android.app.IActivityManager$Stub.onTransact:5083 com.android.server.am.ActivityManagerService.onTransact:425 android.os.Binder.execTransactInternal:1462
10-16 19:22:56.334 2534  8579  D ActivityTaskManager: startActivityAsUser: callingPid=2534, callingUid=1000, caller=com.android.server.wm.ActivityTaskManagerService.startActivity:123 android.app.Instrumentation.execStartActivity:2010 android.app.ContextImpl.startActivity:1207 com.android.server.am.ActivityManagerService.doActiveLaunch:101 android.app.IActivityManager$Stub.onTransact:5083 com.android.server.am.ActivityManagerService.onTransact:425 android.os.Binder.execTransactInternal:1462
10-16 19:22:56.334 2534  8579  D ActivityTaskManager: request preloading for newly launching app
10-16 19:22:56.334 2534  8579  I ActivityTaskManager: starting ActiveLaunch
10-16 19:22:56.335 2534  8579  D ActivityManager: starting Active launch
10-16 19:22:56.337 5382  5485  D ShellStartingWindow: preload Icon app.universal.revanced.manager
10-16 19:22:56.337 2534  3136  I SpenGestureManagerService: [HOVER] sending hover exit br is canceled by touch event.
10-16 19:22:56.341 2163  2163  E ANDR-PERF-MPCTL: ANDR-PERF-MPCTL: internal_perf_lock_acq_verification() 385: Perflock Submit request limit reached.
10-16 19:22:56.342 2163  2163  E ANDR-PERF-MPCTL: ANDR-PERF-MPCTL: internal_perf_lock_acq_verification() 385: Perflock Submit request limit reached.
10-16 19:22:56.355 2167  29032 W qdgralloc: getInterlacedFlag: getMetaData returned 3, defaulting to interlaced_flag = 0
10-16 19:22:56.356 2167  29032 W qdgralloc: getInterlacedFlag: getMetaData returned 3, defaulting to interlaced_flag = 0
10-16 19:22:56.358 2013  2013  D Zygote: Forked child process 16814
10-16 19:22:56.359 2534  3178  I ActivityManager: Start proc 16814:app.universal.revanced.manager/u0a1408 for activelaunch {app.universal.revanced.manager/app.revanced.manager.MainActivity}
10-16 19:22:56.359 2534  3178  D DynamicHiddenApp_BGProtectManager: [SecIpm] it's a ML_TYPE_EMPTYPROCESS protected process app.universal.revanced.manager
10-16 19:22:56.359 2534  3178  I ActivityManager: ProcessObserver broadcast disabled
10-16 19:22:56.359 2163  2163  E ANDR-PERF-MPCTL: ANDR-PERF-MPCTL: internal_perf_lock_acq_verification() 385: Perflock Submit request limit reached.
10-16 19:22:56.361 28973 29010 D PipelineWatcher: onInputBufferReleased: frameIndex not found (312879); ignored
10-16 19:22:56.382 2534  8579  D InputDispatcher: Inject motion (28973/2000): action=0x1, time=662499783000000, f=0x0, d=0 dsdx=1.000000 dtdx=0.000000
10-16 19:22:56.383 2534  4683  I InputDispatcher: Delivering touch to (31236): action: 0x1, f=0x0, d=0, 'a704410', t=1
10-16 19:22:56.383 31236 31236 I VRI[LauncherActivity]@9d98bcf: ViewPostIme pointer 1
10-16 19:22:56.383 31236 31236 I HoneySpace.AppscreenContainerView: findActiveTouchController ev = 1
10-16 19:22:56.383 31236 31236 I HoneySpace.AppscreenHomeTouchController: onControllerInterceptTouchEvent :: , QuickOptionUtil.isShowQuickOption = false, QuickOptionUtil.isDragging = false, canInterceptTouch = false
10-16 19:22:56.383 31236 31236 I HoneySpace.OpenFolderFRView: resetTouchState
10-16 19:22:56.383 2534  3136  I GestureDetector: obtain mCurrentMotionEventRaw. action: 1 id: -575504696
10-16 19:22:56.383 2534  3136  I GestureDetector: obtain mCurrentMotionEventRaw. action: 1 id: -575504696
10-16 19:22:56.384 31236 31236 I HoneySpace.OpenFolderIconInflater: clicked id:408078 label:Universal ReVanced Manager componnet:app.universal.revanced.manager/app.revanced.manager.MainActivity#UserHandle{0} badgeCount:0  drag:false iconState:NONE rank: 1
10-16 19:22:56.384 31236 31236 I HoneySpace.HomeAppOpenFolderClickAction: onAppClick() id: 408078
10-16 19:22:56.384 31236 31236 I HoneySpace.IconView: end dim animation : Universal ReVanced Manager
10-16 19:22:56.384 31236 31236 I HoneySpace.DvfsManager: acquireAppLaunch
10-16 19:22:56.385 2534  16811 D AudioTrack: setVolume(1.000000, 1.000000) pid : 2534
10-16 19:22:56.385 2216  9408  I AF::Track: start() situation track : stv_touch_tone
10-16 19:22:56.385 2216  9408  I AF::Track: setMixerOutConfig return default condition, mixer key 2002, thread key 202
10-16 19:22:56.385 2216  9408  V APM_AudioPolicyManager: startOutput portId 4801
10-16 19:22:56.385 2216  9408  V APM_AudioPolicyManager: startOutput() output 493, stream 1, session 154833
10-16 19:22:56.385 2216  9408  V APM_AudioPolicyManager: setBeaconMute(1) mBeaconMuteRefCount=1 mBeaconPlayingRefCount=0
10-16 19:22:56.385 2216  9408  V APM_AudioPolicyManager: selectOutputForMusicEffects selected output 493
10-16 19:22:56.386 2216  9408  V APM_AudioPolicyManager: getNewOutputDevices selected devices {AUDIO_DEVICE_OUT_REMOTE_SUBMIX, @:0}
10-16 19:22:56.386 2216  9408  V APM_AudioPolicyManager: setOutputDevices caller startSource[[portId:4785][io:493, r_submix output]] device {AUDIO_DEVICE_OUT_REMOTE_SUBMIX, @:0} delayMs 0
10-16 19:22:56.386 2216  9408  V APM_AudioPolicyManager: setOutputDevices: caller startSource[[portId:4785][io:493, r_submix output]] suppressing checkDeviceMuteStrategies
10-16 19:22:56.386 2216  9408  V APM_AudioPolicyManager: setOutputDevices caller startSource[[portId:4785][io:493, r_submix output]] setting same device {AUDIO_DEVICE_OUT_REMOTE_SUBMIX, @:0} or null device, force=0, patch handle=4787
10-16 19:22:56.386 2216  9408  V APM_AudioPolicyManager: checkAndSetVolume: output 493, stream 1, index 6, devices 0x8000, volume 0.070795, delayMs 0, muted false
10-16 19:22:56.386 31236 31236 I SemDvfsHyPerManager: acquire hyper - APP_LAUNCH/31236@2, type = -999
10-16 19:22:56.387 2098  2165  I HYPER-HAL: [RequestManager.cpp]acquire(): Acquired ID : 487921943  [31236 / 2]    HINT : APP_LAUNCH    list :
10-16 19:22:56.387 31236 31236 I HoneySpace.ShellTransitionManager: startShellTransition com.honeyspace.sdk.transition.ShellTransition$Info@4a55cd8, forceStart: false
10-16 19:22:56.387 2216  9408  I AudioFlinger: updateStageIndex new -49301
10-16 19:22:56.387 2163  2163  E ANDR-PERF-MPCTL: ANDR-PERF-MPCTL: internal_perf_lock_acq_verification() 385: Perflock Submit request limit reached.
10-16 19:22:56.387 2216  9408  I AudioFlinger: monoMixMode[0] for haptic playback
10-16 19:22:56.388 31236 31236 I HoneySpace.ShellAnimationRunner: setDelegate, delegate-com.honeyspace.transition.delegate.AppLaunchAnimationDelegate@3c28831, strong-false
10-16 19:22:56.388 31236 31236 I HoneySpace.ShellTransitionManager: open start
10-16 19:22:56.388 8505  8505  I SemDvfsHyPerManager: acquire hyper - APP_START_SHORT/8505@22, type = -999
10-16 19:22:56.388 31236 3989  I HoneySpace.FloatingAnimator: playerCount : 1
10-16 19:22:56.388 31236 31236 I HoneySpace.Launcher: startActivityForResult request : -1
10-16 19:22:56.388 31236 3989  I HoneySpace.FloatingAnimator: [Player:A(56.388)] create
10-16 19:22:56.388 2163  2163  E ANDR-PERF-MPCTL: ANDR-PERF-MPCTL: internal_perf_lock_acq_verification() 385: Perflock Submit request limit reached.
10-16 19:22:56.388 31236 3989  I HoneySpace.TransitionUtils: getWindowTargetBounds: Rect(0, 0 - 1440, 3088)
10-16 19:22:56.388 8505  8505  I M0: limitCPUFreq:: freq = -1
10-16 19:22:56.388 31236 3989  I HoneySpace.FloatingAnimator: [Player:A(56.388)] setup. isLandscape:false, isTranslucent:false, screenSize[1440, 3088], isMultiTargets:false, useCurrentDrawable:false
10-16 19:22:56.389 31236 3989  I HoneySpace.FloatingAnimator: remote targets are empty
10-16 19:22:56.389 31236 3989  I HoneySpace.AppLaunchAnimationDelegate: preload Player timer start! com.honeyspace.transition.anim.floating.FloatingAnimator$Player@5956c97
10-16 19:22:56.389 2534  9082  W AS.PlaybackActivityMon: No piid assigned for invalid/internal port id 4801
10-16 19:22:56.390 6815  6866  V OsAgent: broadcastSystemEvent - 7
10-16 19:22:56.390 2163  2163  E ANDR-PERF-MPCTL: ANDR-PERF-MPCTL: internal_perf_lock_acq_verification() 385: Perflock Submit request limit reached.
10-16 19:22:56.390 2534  9082  D ActivityTaskManager: startActivityAsUser: callingPid=31236, callingUid=10138, caller=com.android.server.wm.ActivityTaskManagerService.startActivity:123 android.app.IActivityTaskManager$Stub.onTransact:1493 com.android.server.wm.ActivityTaskManagerService.onTransact:1 android.os.Binder.execTransactInternal:1457 android.os.Binder.execTransact:1401 <bottom of call stack> <bottom of call stack>
10-16 19:22:56.391 2534  9082  I Pageboost: onAppLaunch : app.universal.revanced.manager
10-16 19:22:56.391 2216  9408  V APM_AudioPolicyManager: setAppState(portId:4782, state:2)
10-16 19:22:56.391 2216  9408  V APM_AudioPolicyManager: setAppState(portId:4782, state:2)
10-16 19:22:56.393 2534  9082  D ActivityTaskManager: DesktopModeLaunchParamsModifier: task=null activity=null task null, skipping
10-16 19:22:56.393 2163  2163  E ANDR-PERF-MPCTL: ANDR-PERF-MPCTL: internal_perf_lock_acq_verification() 385: Perflock Submit request limit reached.
10-16 19:22:56.393 2534  9082  D ActivityTaskManager: TaskLaunchParamsModifier:task=null activity=null display-from-option=0 display-id=0 task-display-area-windowing-mode=1 suggested-display-area=DefaultTaskDisplayArea_d0@209582364
10-16 19:22:56.394 31236 13340 I AppIconSolution: getThemeIconWithBG called with public API, pkg = app.universal.revanced.manager, mode = 48
10-16 19:22:56.394 31236 13340 I AppIconSolution: return adaptive icon for app.universal.revanced.manager, isNight = true
10-16 19:22:56.394 31236 13340 I LauncherActivityInfo: packageName: app.universal.revanced.manager, useThemeIcon: false, height: 270, width: 270, density: 640
10-16 19:22:56.394 2163  2163  E ANDR-PERF-MPCTL: ANDR-PERF-MPCTL: internal_perf_lock_acq_verification() 385: Perflock Submit request limit reached.
10-16 19:22:56.395 2534  9082  W OptProp: Cannot read opt property android.window.PROPERTY_COMPAT_ALLOW_RESIZEABLE_ACTIVITY_OVERRIDES
10-16 19:22:56.395 2534  9082  W OptProp: Cannot read opt property android.window.PROPERTY_COMPAT_ALLOW_MIN_ASPECT_RATIO_OVERRIDE
10-16 19:22:56.395 2534  9082  D WindowManager: Transition is created, t=TransitionRecord{f21fbf8 id=-1 type=OPEN flags=0x0}, caller=com.android.server.wm.Transition.<init>:182 com.android.server.wm.TransitionController.createAndStartCollecting:106 com.android.server.wm.ActivityStarter.executeRequest:3606 com.android.server.wm.ActivityStarter.execute:1752 com.android.server.wm.ActivityTaskManagerService.startActivityAsUser:95
10-16 19:22:56.395 2534  9082  D BLASTSyncEngine: SyncGroup is created, id=9027, name=Transition-OPEN, caller=com.android.server.wm.BLASTSyncEngine$SyncGroup.<init>:52 com.android.server.wm.TransitionController.moveToCollecting:79 com.android.server.wm.TransitionController.createAndStartCollecting:109 com.android.server.wm.ActivityStarter.executeRequest:3606 com.android.server.wm.ActivityStarter.execute:1752 com.android.server.wm.ActivityTaskManagerService.startActivityAsUser:95 com.android.server.wm.ActivityTaskManagerService.startActivity:123
10-16 19:22:56.395 2534  9082  W BLASTSyncEngine: setSyncMethod, id=9027, method=0, caller=com.android.server.wm.TransitionController.moveToCollecting:91 com.android.server.wm.TransitionController.createAndStartCollecting:109 com.android.server.wm.ActivityStarter.executeRequest:3606
10-16 19:22:56.396 2534  9082  V WindowManager: Start collecting in Transition: TransitionRecord{f21fbf8 id=9027 type=OPEN flags=0x0}, caller=com.android.server.wm.TransitionController.createAndStartCollecting:109 com.android.server.wm.ActivityStarter.executeRequest:3606 com.android.server.wm.ActivityStarter.execute:1752 com.android.server.wm.ActivityTaskManagerService.startActivityAsUser:95 com.android.server.wm.ActivityTaskManagerService.startActivity:123
10-16 19:22:56.396 31236 13340 I HoneySpace.AdaptiveIconDrawable: AdaptiveIconDrawable to BitmapDrawable: 1.242760ms
10-16 19:22:56.396 2534  9082  V WindowManager: Collecting in transition 9027: ActivityRecord{101583057 u0 app.universal.revanced.manager/app.revanced.manager.MainActivity, caller=com.android.server.wm.TransitionController.collect:7 com.android.server.wm.ActivityStarter.startActivityUnchecked:98 com.android.server.wm.ActivityStarter.executeRequest:3651 com.android.server.wm.ActivityStarter.execute:1752 com.android.server.wm.ActivityTaskManagerService.startActivityAsUser:95
10-16 19:22:56.396 2534  9082  D ActivityTaskManager: DesktopModeLaunchParamsModifier: task=null activity=ActivityRecord{101583057 u0 app.universal.revanced.manager/app.revanced.manager.MainActivity t-1} task null, skipping
10-16 19:22:56.396 2534  9082  D ActivityTaskManager: TaskLaunchParamsModifier:task=null activity=ActivityRecord{101583057 u0 app.universal.revanced.manager/app.revanced.manager.MainActivity t-1} display-from-option=0 display-id=0 task-display-area-windowing-mode=1 suggested-display-area=DefaultTaskDisplayArea_d0@209582364
10-16 19:22:56.396 2534  9082  D ActivityTaskManager: DesktopModeLaunchParamsModifier: task=null activity=ActivityRecord{101583057 u0 app.universal.revanced.manager/app.revanced.manager.MainActivity t-1} task null, skipping
10-16 19:22:56.396 2534  9082  D ActivityTaskManager: TaskLaunchParamsModifier:task=null activity=ActivityRecord{101583057 u0 app.universal.revanced.manager/app.revanced.manager.MainActivity t-1} display-from-option=0 display-id=0 task-display-area-windowing-mode=1 suggested-display-area=DefaultTaskDisplayArea_d0@209582364 inherit-from-source=fullscreen non-freeform-task-display-area display-area=DefaultTaskDisplayArea_d0@209582364 default-portrait freeform-size-mismatch=Rect(108, 749 - 1332, 2293)
10-16 19:22:56.397 2163  2163  E ANDR-PERF-MPCTL: ANDR-PERF-MPCTL: internal_perf_lock_acq_verification() 385: Perflock Submit request limit reached.
10-16 19:22:56.397 2534  6065  I SemDvfsHyPerManager: acquire hyper - AMS_APP_SWITCH/2534@24, type = -999
10-16 19:22:56.398 2534  6065  D ActivityManagerPerformance: AMP_acquire() APP_SWITCH
10-16 19:22:56.398 2163  2163  E ANDR-PERF-MPCTL: ANDR-PERF-MPCTL: internal_perf_lock_acq_verification() 385: Perflock Submit request limit reached.
10-16 19:22:56.398 2234  2306  I SurfaceFlinger: id=130723 createSurf, flag=24004, Task=3074#130723
10-16 19:22:56.398 2534  6125  D FreecessController: restrictJobsByOlaf: restrict=true, uid=11408
10-16 19:22:56.399 2098  2165  I HYPER-HAL: [RequestManager.cpp]acquire(): Acquired ID : 36359150  [8505 / 22]    HINT : APP_START    list : [TIMEOUT / 1500]
10-16 19:22:56.400 2534  2534  D OlafRestriction:  olaf state update: state=true
10-16 19:22:56.400 2534  2534  D OlafRestriction:  sending trigger onRestrictionStateChanged msg.
10-16 19:22:56.400 2098  2165  I HYPER-HAL: [RequestManager.cpp]releaseLocked(): Released ID : 36197289
10-16 19:22:56.400 2098  2165  I HYPER-HAL: [RequestManager.cpp]acquire(): Acquired ID : 3272985  [2534 / 24]    HINT : AMS_APP_SWITCH    list :
10-16 19:22:56.400 2534  9082  D ActivityTaskManager: DesktopModeLaunchParamsModifier: task=Task{b76dfa4 #3074 type=standard A=11408:app.universal.revanced.manager} activity=ActivityRecord{101583057 u0 app.universal.revanced.manager/app.revanced.manager.MainActivity t-1} non-desktop, skipping
10-16 19:22:56.401 2534  9082  D ActivityTaskManager: TaskLaunchParamsModifier:task=Task{b76dfa4 #3074 type=standard A=11408:app.universal.revanced.manager} activity=ActivityRecord{101583057 u0 app.universal.revanced.manager/app.revanced.manager.MainActivity t-1} display-from-option=0 display-id=0 task-display-area-windowing-mode=1 suggested-display-area=DefaultTaskDisplayArea_d0@209582364 inherit-from-source=fullscreen non-freeform-task-display-area display-area=DefaultTaskDisplayArea_d0@209582364 default-portrait freeform-size-mismatch=Rect(108, 749 - 1332, 2293)
10-16 19:22:56.401 2534  9082  V WindowManager: Collecting in transition 9027: Task{b76dfa4 #3074 type=standard A=11408:app.universal.revanced.manager}, caller=com.android.server.wm.Transition.collectExistenceChange:40 com.android.server.wm.ActivityStarter.startActivityInner:293 com.android.server.wm.ActivityStarter.startActivityUnchecked:111 com.android.server.wm.ActivityStarter.executeRequest:3651 com.android.server.wm.ActivityStarter.execute:1752
10-16 19:22:56.401 2163  2163  E ANDR-PERF-MPCTL: ANDR-PERF-MPCTL: internal_perf_lock_acq_verification() 385: Perflock Submit request limit reached.
10-16 19:22:56.401 2534  9082  W OptProp: Cannot read opt property android.window.PROPERTY_COMPAT_ALLOW_ORIENTATION_OVERRIDE
10-16 19:22:56.401 2234  2511  I SurfaceFlinger: id=130724 createSurf, flag=84004, ActivityRecord{101583057 u0 app.universal.revanced.manager/app.revanced.manager.MainActivity t3074}#130724
10-16 19:22:56.401 2163  2163  E ANDR-PERF-MPCTL: ANDR-PERF-MPCTL: internal_perf_lock_acq_verification() 385: Perflock Submit request limit reached.
10-16 19:22:56.402 2163  2163  E ANDR-PERF-MPCTL: ANDR-PERF-MPCTL: internal_perf_lock_acq_verification() 385: Perflock Submit request limit reached.
10-16 19:22:56.402 2163  2163  E ANDR-PERF-MPCTL: ANDR-PERF-MPCTL: internal_perf_lock_acq_verification() 385: Perflock Submit request limit reached.
10-16 19:22:56.402 2163  2163  E ANDR-PERF-MPCTL: ANDR-PERF-MPCTL: internal_perf_lock_acq_verification() 385: Perflock Submit request limit reached.
10-16 19:22:56.403 2534  9082  D ActivityTaskManager: scheduleTopResumedActivityChanged, onTop=false, r=ActivityRecord{99174303 u0 com.sec.android.app.launcher/.activities.LauncherActivity t2041}, caller=com.android.server.wm.ActivityTaskSupervisor.scheduleTopResumedActivityStateLossIfNeeded:19 com.android.server.wm.ActivityTaskSupervisor.updateTopResumedActivityIfNeeded:20 com.android.server.wm.TaskDisplayArea.positionChildAt:252 com.android.server.wm.Task.moveToFront:40 com.android.server.wm.ActivityStarter.startActivityInner:315 com.android.server.wm.ActivityStarter.startActivityUnchecked:111
10-16 19:22:56.403 2163  2163  E ANDR-PERF-MPCTL: ANDR-PERF-MPCTL: internal_perf_lock_acq_verification() 385: Perflock Submit request limit reached.
10-16 19:22:56.403 2534  9082  V WindowManager: Checking theme of starting window: 0x7f100116
10-16 19:22:56.403 2534  9082  V WindowManager: Translucent=false Floating=false ShowWallpaper=false Disable=false
10-16 19:22:56.403 2534  9082  D ActivityTaskManager: addStartingWindow: type=2 typeParameter=8f
10-16 19:22:56.403 2534  9082  V WindowManager: Creating SplashScreenStartingData
10-16 19:22:56.403 2534  9082  V WindowManager: Add starting ActivityRecord{101583057 u0 app.universal.revanced.manager/app.revanced.manager.MainActivity t3074}: startingData=SplashScreenStartingData{7ee78c2 removeAfterTransaction= 0}
10-16 19:22:56.404 2534  9082  V WindowManager: Added starting ActivityRecord{101583057 u0 app.universal.revanced.manager/app.revanced.manager.MainActivity t3074}: startingWindow=null startingView=com.android.server.wm.StartingSurfaceController$StartingSurface@160b6d3
10-16 19:22:56.405 2534  9082  V WindowManager: Collecting in transition 9027: ActivityRecord{101583057 u0 app.universal.revanced.manager/app.revanced.manager.MainActivity t3074}, caller=com.android.server.wm.Transition.collectExistenceChange:40 com.android.server.wm.ActivityStarter.handleStartResult:761 com.android.server.wm.ActivityStarter.startActivityUnchecked:124 com.android.server.wm.ActivityStarter.executeRequest:3651 com.android.server.wm.ActivityStarter.execute:1752
10-16 19:22:56.405 2534  9082  V WindowManager: Requesting StartTransition: TransitionRecord{f21fbf8 id=9027 type=OPEN flags=0x0 c=[
   ChangeInfo{a080109 container=ActivityRecord{101583057 u0 app.universal.revanced.manager/app.revanced.manager.MainActivity t3074} flags=0x0}
   ChangeInfo{baf5f0e container=Display{#0 state=ON size=1440x3088 ROTATION_0} flags=0x0}
   ChangeInfo{b75ed2f container=Task{b76dfa4 #3074 type=standard A=11408:app.universal.revanced.manager} flags=0x0}
   ChangeInfo{d47f3c container=DefaultTaskDisplayArea_d0@209582364 flags=0x0}
]
}, caller=com.android.server.wm.ActivityStarter.handleStartResult:982 com.android.server.wm.ActivityStarter.startActivityUnchecked:124 com.android.server.wm.ActivityStarter.executeRequest:3651 com.android.server.wm.ActivityStarter.execute:1752 com.android.server.wm.ActivityTaskManagerService.startActivityAsUser:95
10-16 19:22:56.405 2534  9082  I Pageboost: stop alp
10-16 19:22:56.405 2534  9082  I ActivityTaskManager: START u0 {act=android.intent.action.MAIN cat=[android.intent.category.LAUNCHER] flg=0x10200000 xflg=0x4 cmp=app.universal.revanced.manager/app.revanced.manager.MainActivity bnds=[445,918][718,1256]} with LAUNCH_MULTIPLE from uid 10138 (sr=99174303) (BAL_ALLOW_VISIBLE_WINDOW) result code=0
10-16 19:22:56.405 2534  9082  I SemDvfsHyPerManager: acquire hyper - AMS_APP_LAUNCH/2534@23, type = -999
10-16 19:22:56.405 2098  2165  I HYPER-HAL: [RequestManager.cpp]acquire(): Acquired ID : 3270426  [2534 / 23]    HINT : AMS_APP_LAUNCH    list :
10-16 19:22:56.405 5382  5484  D ViewRootImpl: desktopMode is false
10-16 19:22:56.405 5382  5484  I ViewRootImpl: dVRR is disabled
10-16 19:22:56.406 2163  2163  E ANDR-PERF-MPCTL: ANDR-PERF-MPCTL: internal_perf_lock_acq_verification() 385: Perflock Submit request limit reached.
10-16 19:22:56.406 31236 31236 I HoneySpace.AbsFolderViewModel: performClick: id:408078 label:Universal ReVanced Manager componnet:app.universal.revanced.manager/app.revanced.manager.MainActivity#UserHandle{0} badgeCount:0  drag:false iconState:NONE  [id:242] [title:Client Managers] [color:-827083853] [items:14] [container:1]
10-16 19:22:56.406 2163  2163  E ANDR-PERF-MPCTL: ANDR-PERF-MPCTL: internal_perf_lock_acq_verification() 385: Perflock Submit request limit reached.
10-16 19:22:56.407 31236 31236 I HoneySpace.FloatingAnimator: add containerView during preload, com.honeyspace.transition.anim.floating.ContainerView{5ba70c0 V.E...... ......ID 0,0-1440,3088}
10-16 19:22:56.407 2163  2163  E ANDR-PERF-MPCTL: ANDR-PERF-MPCTL: internal_perf_lock_acq_verification() 385: Perflock Submit request limit reached.
10-16 19:22:56.407 31236 31236 I HoneySpace.FloatingAnimator: add positionListener - com.honeyspace.transition.anim.floating.c@51076ee
10-16 19:22:56.408 2234  2234  I SurfaceFlinger: [Task=3074#130723] attach to parent LayerHierarchy{RequestedLayerState{DefaultTaskDisplayArea_d0#10 parentId=9} 22 children}
10-16 19:22:56.408 2234  2234  I SurfaceFlinger: [ActivityRecord{101583057 u0 app.universal.revanced.manager/app.revanced.manager.MainActivity t3074}#130724] attach to parent LayerHierarchy{RequestedLayerState{Task=3074#130723 parentId=10} 1 children}
10-16 19:22:56.408 31236 31236 I HoneySpace.Launcher: !@Boot_EBS_D: Launcher.onPause()
10-16 19:22:56.409 31236 31236 I HoneySpace.Launcher: updateLauncherShowing true -> false
10-16 19:22:56.409 2163  2163  E ANDR-PERF-MPCTL: ANDR-PERF-MPCTL: internal_perf_lock_acq_verification() 385: Perflock Submit request limit reached.
10-16 19:22:56.409 31236 31359 I HoneySpace.SALoggingUtils: SA Logging screenID: 401 eventId: 1001 detail: {PackageName=app.universal.revanced.manager, det=6} value: -1
10-16 19:22:56.409 6128  6128  E pageboostd: Received HALT command code 2
10-16 19:22:56.410 2163  2163  E ANDR-PERF-MPCTL: ANDR-PERF-MPCTL: internal_perf_lock_acq_verification() 385: Perflock Submit request limit reached.
10-16 19:22:56.410 2534  8579  V WindowManager: Collecting in transition 9027: ActivityRecord{101583057 u0 app.universal.revanced.manager/app.revanced.manager.MainActivity t3074}, caller=com.android.server.wm.TransitionController.collect:7 com.android.server.wm.ActivityRecord.setVisibility:132 com.android.server.wm.ActivityRecord.makeVisibleIfNeeded:36 com.android.server.wm.EnsureActivitiesVisibleHelper.process:538 com.android.server.wm.TaskFragment.updateActivityVisibilities:12
10-16 19:22:56.410 2534  8579  V WindowManager: Collecting in transition 9027: ActivityRecord{99174303 u0 com.sec.android.app.launcher/.activities.LauncherActivity t2041}, caller=com.android.server.wm.TransitionController.collect:7 com.android.server.wm.ActivityRecord.setVisibility:132 com.android.server.wm.ActivityRecord.makeInvisible:32 com.android.server.wm.EnsureActivitiesVisibleHelper.process:542 com.android.server.wm.TaskFragment.updateActivityVisibilities:12
10-16 19:22:56.410 2534  8579  D WindowManager: prepareSync <SYNC_STATE_WAITING_FOR_DRAW>, mPrepareSyncSeqId=0, win=Window{2dd6a9c u0 com.samsung.android.app.spage}
10-16 19:22:56.410 2534  8579  D WindowManager: prepareSync <SYNC_STATE_WAITING_FOR_DRAW>, mPrepareSyncSeqId=0, win=Window{a704410 u0 com.sec.android.app.launcher/com.sec.android.app.launcher.activities.LauncherActivity}
