10-16 19:22:57.078 16814 16881 I SurfaceComposerClient: apply transaction with the first frame. layerId: 130743, bufferData(ID: 72215580114949, frameNumber: 1)
10-16 19:22:57.078 2234  2511  I SurfaceFlinger: [app.universal.revanced.manager/app.revanced.manager.MainActivity$_16814#130743] setTransactionState with the first frame. bufferData(ID: 72215580114949, frameNumber: 1)
10-16 19:22:57.079 16814 16881 I VRI[MainActivity]@df2175b: Received frameCommittedCallback lastAttemptedDrawFrameNum=1 didProduceBuffer=true
10-16 19:22:57.079 31236 31757 I VRI[LauncherActivity]@9d98bcf: mWNT: t=0xb4000073eff87c80 mBlastBufferQueue=0xb40000755a662000 fn= 281 HdrRenderState mRenderHdrSdrRatio=1.0 caller= com.android.systemui.shared.launcher.ViewRootImplCompat.mergeWithNextTransaction:4 com.honeyspace.transition.utils.SurfaceTransactionApplier.scheduleApply$lambda$1:16 com.honeyspace.transition.utils.SurfaceTransactionApplier.b:0
10-16 19:22:57.079 31236 31236 I HoneySpace.FloatingAnimator: [Player:A(56.388)] container x: 0.10571337, y: 0.21534204, scale : 0.99980885
10-16 19:22:57.080 16814 16881 D HWUI: CFMS:: SetUp Pid : 16814    Tid : 16881
10-16 19:22:57.081 28973 29010 D PipelineWatcher: onInputBufferReleased: frameIndex not found (312955); ignored
10-16 19:22:57.081 16814 16814 D VRI[MainActivity]@df2175b: reportDrawFinished seqId=0
10-16 19:22:57.081 2234  2480  D SurfaceFlinger: [input] setFocusedWindow: 407fa9c app.universal.revanced.manager/app.revanced.manager.MainActivity
10-16 19:22:57.082 2534  9081  D InputDispatcher: Once focus requested (0): 407fa9c app.universal.revanced.manager/app.revanced.manager.MainActivity
10-16 19:22:57.082 2534  9081  D InputDispatcher: Focus request (0): 407fa9c app.universal.revanced.manager/app.revanced.manager.MainActivity but waiting because NO_WINDOW
10-16 19:22:57.082 2534  9081  D InputDispatcher: Focus left window (0): bb5d8bd app.universal.revanced.manager/app.revanced.manager.MainActivity
10-16 19:22:57.082 2534  8111  D WindowManager: finishDrawingWindow: Window{407fa9c u0 app.universal.revanced.manager/app.revanced.manager.MainActivity} mDrawState=DRAW_PENDING seqId=0
10-16 19:22:57.082 2167  29032 W qdgralloc: getInterlacedFlag: getMetaData returned 3, defaulting to interlaced_flag = 0
10-16 19:22:57.082 2534  3140  W PhoneWindowManager: lockNow pending, ignore updating lockscreen timeout
10-16 19:22:57.083 2534  3140  D SurfaceComposerClient: setCornerRadius ## bb5d8bd app.universal.revanced.manager/app.revanced.manager.MainActivity#130734 cornerRadius=0.000000
10-16 19:22:57.083 2167  29032 W qdgralloc: getInterlacedFlag: getMetaData returned 3, defaulting to interlaced_flag = 0
10-16 19:22:57.083 2534  3140  W PhoneWindowManager: lockNow pending, ignore updating lockscreen timeout
10-16 19:22:57.084 2167  29032 W qdgralloc: getInterlacedFlag: getMetaData returned 3, defaulting to interlaced_flag = 0
10-16 19:22:57.085 2167  29032 W qdgralloc: getInterlacedFlag: getMetaData returned 3, defaulting to interlaced_flag = 0
10-16 19:22:57.085 2534  3140  I WindowManager: Reparenting to leash, surface=Surface(name=407fa9c app.universal.revanced.manager/app.revanced.manager.MainActivity)/@0x93d801a, leashParent=Surface(name=ActivityRecord{101583057 u0 app.universal.revanced.manager/app.revanced.manager.MainActivity t3074})/@0xdb3d2e5
10-16 19:22:57.086 2234  4760  I SurfaceFlinger: id=130744 createSurf, flag=24004, Surface(name=407fa9c app.universal.revanced.manager/app.revanced.manager.MainActivity)/@0x93d801a - animation-leash of window_animation#130744
10-16 19:22:57.086 28973 29010 D PipelineWatcher: onInputBufferReleased: frameIndex not found (312956); ignored
10-16 19:22:57.091 31236 31756 I VRI[LauncherActivity]@9d98bcf: mWNT: t=0xb400007409f99c00 mBlastBufferQueue=0xb40000755a662000 fn= 282 HdrRenderState mRenderHdrSdrRatio=1.0 caller= com.android.systemui.shared.launcher.ViewRootImplCompat.mergeWithNextTransaction:4 com.honeyspace.transition.utils.SurfaceTransactionApplier.scheduleApply$lambda$1:16 com.honeyspace.transition.utils.SurfaceTransactionApplier.b:0
10-16 19:22:57.091 31236 31236 I HoneySpace.FloatingAnimator: [Player:A(56.388)] container x: 0.08254069, y: 0.16813844, scale : 0.9998508
10-16 19:22:57.091 2534  3140  D WindowManager: makeSurface duration=7 leash=Surface(name=Surface(name=407fa9c app.universal.revanced.manager/app.revanced.manager.MainActivity)/@0x93d801a - animation-leash of window_animation)/@0x7b893ed
10-16 19:22:57.094 2534  3140  V WindowManager: performShowLocked: mDrawState=HAS_DRAWN in Window{407fa9c u0 app.universal.revanced.manager/app.revanced.manager.MainActivity}
10-16 19:22:57.094 2534  3140  D SurfaceComposerClient: setCornerRadius ## bb5d8bd app.universal.revanced.manager/app.revanced.manager.MainActivity#130734 cornerRadius=0.000000
10-16 19:22:57.094 2534  3140  W PhoneWindowManager: lockNow pending, ignore updating lockscreen timeout
10-16 19:22:57.094 2534  3140  D SurfaceComposerClient: setCornerRadius ## bb5d8bd app.universal.revanced.manager/app.revanced.manager.MainActivity#130734 cornerRadius=0.000000
10-16 19:22:57.095 2534  3140  W PhoneWindowManager: lockNow pending, ignore updating lockscreen timeout
10-16 19:22:57.095 28973 29010 D PipelineWatcher: onInputBufferReleased: frameIndex not found (312957); ignored
10-16 19:22:57.095 2534  3140  D SurfaceComposerClient: setCornerRadius ## bb5d8bd app.universal.revanced.manager/app.revanced.manager.MainActivity#130734 cornerRadius=0.000000
10-16 19:22:57.096 2167  29032 W qdgralloc: getInterlacedFlag: getMetaData returned 3, defaulting to interlaced_flag = 0
10-16 19:22:57.096 2234  2234  I SurfaceFlinger: [Surface(name=407fa9c app.universal.revanced.manager/app.revanced.manager.MainActivity)/@0x93d801a - animation-leash of window_animation#130744] attach to parent LayerHierarchy{RequestedLayerState{ActivityRecord{101583057 u0 app.universal.revanced.manager/app.revanced.manager.MainActivity t3074}#130724 parentId=130723} 5 children}
10-16 19:22:57.096 2167  29032 W qdgralloc: getInterlacedFlag: getMetaData returned 3, defaulting to interlaced_flag = 0
10-16 19:22:57.097 31236 31757 I VRI[LauncherActivity]@9d98bcf: mWNT: t=0xb400007409f9a800 mBlastBufferQueue=0xb40000755a662000 fn= 283 HdrRenderState mRenderHdrSdrRatio=1.0 caller= com.android.systemui.shared.launcher.ViewRootImplCompat.mergeWithNextTransaction:4 com.honeyspace.transition.utils.SurfaceTransactionApplier.scheduleApply$lambda$1:16 com.honeyspace.transition.utils.SurfaceTransactionApplier.b:0
10-16 19:22:57.098 31236 31236 I HoneySpace.FloatingAnimator: [Player:A(56.388)] container x: 0.06768501, y: 0.13787687, scale : 0.9998776
10-16 19:22:57.098 16814 16881 D HWUI: HWUI - treat SMPTE_170M as sRGB
10-16 19:22:57.099 2163  2163  E ANDR-PERF-MPCTL: ANDR-PERF-MPCTL: internal_perf_lock_acq_verification() 385: Perflock Submit request limit reached.
10-16 19:22:57.102 2163  2163  E ANDR-PERF-MPCTL: ANDR-PERF-MPCTL: internal_perf_lock_acq_verification() 385: Perflock Submit request limit reached.
10-16 19:22:57.102 2163  2163  E ANDR-PERF-MPCTL: ANDR-PERF-MPCTL: internal_perf_lock_acq_verification() 385: Perflock Submit request limit reached.
10-16 19:22:57.102 2163  2163  E ANDR-PERF-MPCTL: ANDR-PERF-MPCTL: internal_perf_lock_acq_verification() 385: Perflock Submit request limit reached.
10-16 19:22:57.102 2163  2163  E ANDR-PERF-MPCTL: ANDR-PERF-MPCTL: internal_perf_lock_acq_verification() 385: Perflock Submit request limit reached.
10-16 19:22:57.102 2098  16838 I HYPER-HAL: [RequestManager.cpp]releaseLocked(): Released ID : 487921943
10-16 19:22:57.103 28973 29010 D PipelineWatcher: onInputBufferReleased: frameIndex not found (312958); ignored
10-16 19:22:57.106 2234  4760  I SurfaceFlinger: id=130745 createSurf, flag=20004, Dim Layer for - Task=3074#130745
10-16 19:22:57.107 31236 31756 I VRI[LauncherActivity]@9d98bcf: mWNT: t=0xb400007409f9a980 mBlastBufferQueue=0xb40000755a662000 fn= 284 HdrRenderState mRenderHdrSdrRatio=1.0 caller= com.android.systemui.shared.launcher.ViewRootImplCompat.mergeWithNextTransaction:4 com.honeyspace.transition.utils.SurfaceTransactionApplier.scheduleApply$lambda$1:16 com.honeyspace.transition.utils.SurfaceTransactionApplier.b:0
10-16 19:22:57.107 31236 31236 I HoneySpace.FloatingAnimator: [Player:A(56.388)] container x: 0.054498196, y: 0.11101484, scale : 0.9999015
10-16 19:22:57.108 2234  2234  E SurfaceFlinger: alpha changed 1.000 -> 0.000 - Surface(name=407fa9c app.universal.revanced.manager/app.revanced.manager.MainActivity)/@0x93d801a - animation-leash of window_animation#130744
10-16 19:22:57.108 2234  2234  I SurfaceFlinger: [Dim Layer for - Task=3074#130745] attach to parent LayerHierarchy{RequestedLayerState{Task=3074#130723 parentId=130729} 2 children}
10-16 19:22:57.109 16814 16814 I BLASTBufferQueue_Java: update, w= 1440 h= 1395 mName = VRI[MainActivity]@df2175b mNativeObject= 0xb40000755a698000 sc.mNativeObject= 0xb400007472c90ec0 format= -2 caller= android.view.ViewRootImpl.updateBlastSurfaceIfNeeded:3574 android.view.ViewRootImpl.relayoutWindow:11685 android.view.ViewRootImpl.performTraversals:4804 android.view.ViewRootImpl.doTraversal:3924 android.view.ViewRootImpl$TraversalRunnable.run:12903 android.view.Choreographer$CallbackRecord.run:1901
10-16 19:22:57.109 16814 16814 I VRI[MainActivity]@df2175b: Relayout returned: old=(120,943,1320,2098) new=(120,943,1320,2098) relayoutAsync=true req=(1200,1155)0 dur=0 res=0x0 s={true 0xb400007472b2ee00} ch=false seqId=0
10-16 19:22:57.110 2534  4763  I WindowManager: Relayout Window{407fa9c u0 app.universal.revanced.manager/app.revanced.manager.MainActivity}: viewVisibility=0 req=1200x1155 ty=2 d0
10-16 19:22:57.110 2534  4763  W PhoneWindowManager: lockNow pending, ignore updating lockscreen timeout
10-16 19:22:57.110 2534  4763  D SurfaceComposerClient: setCornerRadius ## bb5d8bd app.universal.revanced.manager/app.revanced.manager.MainActivity#130734 cornerRadius=0.000000
10-16 19:22:57.110 2534  4763  W PhoneWindowManager: lockNow pending, ignore updating lockscreen timeout
10-16 19:22:57.110 2534  4763  D SurfaceComposerClient: setCornerRadius ## bb5d8bd app.universal.revanced.manager/app.revanced.manager.MainActivity#130734 cornerRadius=0.000000
10-16 19:22:57.110 16814 16814 I VRI[MainActivity]@df2175b: registerCallbackForPendingTransactions
10-16 19:22:57.111 2534  4763  I WindowManager: Relayout hash=407fa9c, pid=0, syncId=-1: mAttrs={(0,0)(wrapxwrap) gr=CENTER sim={adjust=pan} layoutInDisplayCutoutMode=shortEdges ty=APPLICATION fmt=TRANSPARENT wanim=0x1030318 surfaceInsets=Rect(120, 120 - 120, 120)
  fl=1800002
  pfl=40000800
  bhv=1
  fitTypes=207
  frameRateBoostOnTouch=true
  dvrrWindowFrameRateHint=true
 dimAmount=0.6 naviIconColor=0}
10-16 19:22:57.111 16814 16917 I VRI[MainActivity]@df2175b: mWNT: t=0xb400007472c00980 mBlastBufferQueue=0xb40000755a698000 fn= 2 HdrRenderState mRenderHdrSdrRatio=1.0 caller= android.view.ViewRootImpl$10.onFrameDraw:6536 android.view.ViewRootImpl$4.onFrameDraw:2489 android.view.ThreadedRenderer$1.onFrameDraw:718
10-16 19:22:57.112 31236 31757 I VRI[LauncherActivity]@9d98bcf: mWNT: t=0xb4000073eff86180 mBlastBufferQueue=0xb40000755a662000 fn= 285 HdrRenderState mRenderHdrSdrRatio=1.0 caller= com.android.systemui.shared.launcher.ViewRootImplCompat.mergeWithNextTransaction:4 com.honeyspace.transition.utils.SurfaceTransactionApplier.scheduleApply$lambda$1:16 com.honeyspace.transition.utils.SurfaceTransactionApplier.b:0
10-16 19:22:57.112 31236 31236 I HoneySpace.FloatingAnimator: [Player:A(56.388)] container x: 0.041284025, y: 0.08409709, scale : 0.9999254
10-16 19:22:57.113 2534  3141  D SurfaceComposerClient: [SEC_SF_EFFECTS] setBackgroundBlurRadius ## Dim Layer for - Task=3074#130745 backgroundBlurRadius=0
10-16 19:22:57.113 2534  3141  D SurfaceComposerClient: [SEC_SF_EFFECTS] setBackgroundBlurRadius ## Dim Layer for - Task=3074#130745 backgroundBlurRadius=0
10-16 19:22:57.114 2167  29032 W qdgralloc: getInterlacedFlag: getMetaData returned 3, defaulting to interlaced_flag = 0
10-16 19:22:57.114 2167  29032 W qdgralloc: getInterlacedFlag: getMetaData returned 3, defaulting to interlaced_flag = 0
10-16 19:22:57.114 2534  5238  I SemWifiServiceDetector: Service det. suspended: T / T / 9723
10-16 19:22:57.116 2234  2306  I SurfaceFlinger: id=130736 Removed Surface(name=98e4e7c NavigationBar0)/@0xce8adbb - animation-leash of insets_animation#130736 (266)
10-16 19:22:57.116 2234  2306  I SurfaceFlinger: id=130737 Removed Surface(name=707ca34 StatusBar)/@0xb6b5116 - animation-leash of insets_animation#130737 (266)
10-16 19:22:57.117 16814 16814 I ImeFocusController: onPreWindowFocus: skipped hasWindowFocus=false mHasImeFocus=true
10-16 19:22:57.117 2534  3141  D SurfaceComposerClient: [SEC_SF_EFFECTS] setBackgroundBlurRadius ## Dim Layer for - Task=3074#130745 backgroundBlurRadius=0
10-16 19:22:57.117 16814 16814 I ImeFocusController: onPostWindowFocus: skipped hasWindowFocus=false mHasImeFocus=true
10-16 19:22:57.117 2234  2234  I SurfaceFlinger: RequestedLayer [Surface(name=407fa9c app.universal.r[...]ion-leash of window_animation#130744] hidden!! flag  from(1) --> to(0)
10-16 19:22:57.117 2234  2234  I SurfaceFlinger: RequestedLayer [app.universal.revanced.manager/app.r[...]d.manager.MainActivity$_16814#130743] hidden!! flag  from(1) --> to(0)
10-16 19:22:57.117 2234  2234  I SurfaceFlinger: RequestedLayer [Dim Layer for - Task=3074#130745] hidden!! flag  from(1) --> to(0)
10-16 19:22:57.117 2234  2234  E SurfaceFlinger: alpha changed 1.000 -> 0.000 - Dim Layer for - Task=3074#130745
10-16 19:22:57.117 2234  2234  E SurfaceFlinger: alpha changed 0.000 -> 0.014 - Surface(name=407fa9c app.universal.revanced.manager/app.revanced.manager.MainActivity)/@0x93d801a - animation-leash of window_animation#130744
10-16 19:22:57.117 2234  2234  E SurfaceFlinger: alpha changed 0.000 -> 0.000 - Dim Layer for - Task=3074#130745
10-16 19:22:57.117 2234  2234  I SurfaceFlinger: destroyed Surface(name=707ca34 StatusBar)/@0xb6b5116 - animation-leash of insets_animation#130737 form LifecycleManager
10-16 19:22:57.117 2234  2234  I SurfaceFlinger: destroyed Surface(name=98e4e7c NavigationBar0)/@0xce8adbb - animation-leash of insets_animation#130736 form LifecycleManager
10-16 19:22:57.117 2234  2234  I SurfaceFlinger: [LayerHierarchy{RequestedLayerState{Dim Layer for - Task=3074#130745 parentId=130723 relativeParentId=130740 z=-1} no children}] reparent to LayerHierarchy{RequestedLayerState{Task=3074#130723 parentId=130729} 2 children}
10-16 19:22:57.117 2234  2234  I SurfaceFlinger: [LayerHierarchy{RequestedLayerState{Dim Layer for - Task=3074#130745 parentId=130723 relativeParentId=130740 z=-1} no children}] RelativeParent to LayerHierarchy{RequestedLayerState{407fa9c app.universal.revanced.manager/app.revanced.manager.MainActivity#130740 parentId=130744 z=1} 3 children}
10-16 19:22:57.117 2234  2234  I SurfaceFlinger: [LayerHierarchy{RequestedLayerState{407fa9c app.universal.revanced.manager/app.revanced.manager.MainActivity#130740 parentId=130744 z=1} 3 children}] reparent to LayerHierarchy{RequestedLayerState{Surface(name=407fa9c app.universal.revanced.manager/app.revanced.manager.MainActivity)/@0x93d801a - animation-leash of window_animation#130744 parentId=130724 z=1} 1 children}
10-16 19:22:57.117 2234  2234  I SurfaceFlinger: id=130737 onLayerDestroyed from LayerHierarchyBuilder(RequestedLayerState{Surface(name=707ca34 StatusBar)/@0xb6b5116 - animation-leash of insets_animation#130737 !handle})
10-16 19:22:57.117 2234  2234  I SurfaceFlinger: id=130736 onLayerDestroyed from LayerHierarchyBuilder(RequestedLayerState{Surface(name=98e4e7c NavigationBar0)/@0xce8adbb - animation-leash of insets_animation#130736 !handle})
10-16 19:22:57.117 31236 31756 I VRI[LauncherActivity]@9d98bcf: mWNT: t=0xb4000073eff86480 mBlastBufferQueue=0xb40000755a662000 fn= 286 HdrRenderState mRenderHdrSdrRatio=1.0 caller= com.android.systemui.shared.launcher.ViewRootImplCompat.mergeWithNextTransaction:4 com.honeyspace.transition.utils.SurfaceTransactionApplier.scheduleApply$lambda$1:16 com.honeyspace.transition.utils.SurfaceTransactionApplier.b:0
10-16 19:22:57.118 31236 31236 I HoneySpace.FloatingAnimator: [Player:A(56.388)] container x: 0.026428342, y: 0.05383551, scale : 0.9999522
10-16 19:22:57.118 2234  2234  I Layer: id=130737 Destroyed Surface(name=707ca34 StatusBar)/@0xb6b5116 - animation-leash of insets_animation#130737
10-16 19:22:57.118 2234  2234  I Layer: id=130736 Destroyed Surface(name=98e4e7c NavigationBar0)/@0xce8adbb - animation-leash of insets_animation#130736
10-16 19:22:57.119 2167  29032 W qdgralloc: getInterlacedFlag: getMetaData returned 3, defaulting to interlaced_flag = 0
10-16 19:22:57.119 2167  29032 W qdgralloc: getInterlacedFlag: getMetaData returned 3, defaulting to interlaced_flag = 0
10-16 19:22:57.120 28973 29010 D PipelineWatcher: onInputBufferReleased: frameIndex not found (312959); ignored
10-16 19:22:57.121 2534  9081  W ParceledListSlice: Element #295 is 191264 bytes.
10-16 19:22:57.121 2534  9081  W ParceledListSlice: Overly large reply size: 191276
10-16 19:22:57.122 31236 31757 I VRI[LauncherActivity]@9d98bcf: mWNT: t=0xb4000073eff86900 mBlastBufferQueue=0xb40000755a662000 fn= 287 HdrRenderState mRenderHdrSdrRatio=1.0 caller= com.android.systemui.shared.launcher.ViewRootImplCompat.mergeWithNextTransaction:4 com.honeyspace.transition.utils.SurfaceTransactionApplier.scheduleApply$lambda$1:16 com.honeyspace.transition.utils.SurfaceTransactionApplier.b:0
10-16 19:22:57.124 2234  2234  D SurfaceFlinger: Display 4630947093241269891 HWC layers:
       CLIENT |           23115514033321 | 00000100 | RGBA_8888    |  164.0  351.0 1276.0 2737.0 |    0    0 1440 3088 | Wallpaper BBQ wrapper 5_system#130325 (1)
       CLIENT |          134157598485597 | 00002100 | RGBA_8888    |    0.0    0.0 1440.0 3088.0 |    0    0 1440 3088 | com.sec.android.app.launcher/com.sec[...]ities.LauncherActivity$_31236#130708 (blurRegions) (284)
       CLIENT |           72215580114944 | 00002102 | RGBA_8888    |    0.0    0.0 1440.0 3088.0 |    0    0 1440 3088 | app.universal.revanced.manager/app.r[...]d.manager.MainActivity$_16814#130735 (16)
       CLIENT |           72215580114951 | 00002100 | RGBA_8888    |    0.0    0.0 1440.0 1395.0 |    0  897 1440 2292 | app.universal.revanced.manager/app.r[...]d.manager.MainActivity$_16814#130743 (2)
       DEVICE |           23115514033064 | 00002100 | RGBA_8888    |    0.0    0.0 1440.0  100.0 |    0    0 1440  100 | StatusBar$_5382#114 (134359)
       DEVICE |          134157598485557 | 0
10-16 19:22:57.124 2234  2234  D SurfaceFlinger: 0002100 | RGBA_8888    |    0.0    0.0   67.0  314.0 | 1373 2091 1440 2405 | com.sec.android.app.launcher/com.sam[...]app.CocktailBarService$_31236#130179 (3)
       DEVICE |           23115514033086 | 00002100 | RGBA_8888    |    0.0    0.0 1440.0  146.0 |    0 2942 1440 3088 | NavigationBar0$_5382#110 (166850)
10-16 19:22:57.125 2234  2234  E SurfaceFlinger: alpha changed 0.000 -> 0.025 - Dim Layer for - Task=3074#130745
10-16 19:22:57.125 2534  3141  D SurfaceComposerClient: [SEC_SF_EFFECTS] setBackgroundBlurRadius ## Dim Layer for - Task=3074#130745 backgroundBlurRadius=0
10-16 19:22:57.125 31236 31236 I HoneySpace.FloatingAnimator: [Player:A(56.388)] container x: 0.013214171, y: 0.026917756, scale : 0.9999761
10-16 19:22:57.127 28973 29010 D PipelineWatcher: onInputBufferReleased: frameIndex not found (312960); ignored
10-16 19:22:57.127 2534  3138  I DisplayDeviceRepository: Display device changed render timings: "Built-in Screen", renderFrameRate=120.00001, presentationDeadlineNanos=9233333, appVsyncOffsetNanos=8333333, frameRateOverrides=[{uid=1000 frameRateHz=120.00001}, {uid=10042 frameRateHz=120.00001}, {uid=10138 frameRateHz=120.00001}, {uid=11408 frameRateHz=120.00001}]
10-16 19:22:57.128 2534  6539  D LiftUpHandler: [LTW] Stopped already.
10-16 19:22:57.129 2534  5177  W ParceledListSlice: Element #322 is 23184 bytes.
10-16 19:22:57.129 2534  3140  W PhoneWindowManager: lockNow pending, ignore updating lockscreen timeout
10-16 19:22:57.130 2216  9408  D AudioFlinger: setParameters: filtered dev setParameters keyvalue screen_state=on
10-16 19:22:57.130 2067  32228 D AHAL: AudioDevice: SetParameters: 1799: enter
10-16 19:22:57.130 2067  32228 D AHAL: AudioVoice: VoiceSetParameters: 171: Enter
10-16 19:22:57.130 2067  32228 D AHAL: AudioVoice: VoiceSetParameters: 416: Exit ret: 0
10-16 19:22:57.130 2067  32228 D AHAL: hfp: hfp_set_parameters: 447: enter
10-16 19:22:57.130 2067  32228 D AHAL: AudioDevice: SetParameters: 1879:  - screen = on
10-16 19:22:57.130 2067  32228 I PAL: ResourceManager: setParameter: 9278: Screen State:1
10-16 19:22:57.130 2067  32228 D AHAL: AudioDevice: SetParameters: 2521: exit: screen_state=on
10-16 19:22:57.131 2067  32228 I Audio_a2dpsink_hw: adev_set_parameters: kevpairs=[screen_state=on]
10-16 19:22:57.131 2534  2534  D SGM:GameManager: onDisplayChanged. displyId: 0, state: 2
10-16 19:22:57.131 2534  2534  D SGM:GameManager: dpi: 600, longPixel: 3088, shortPixel: 1440
10-16 19:22:57.131 2534  2534  D AODManagerService: requestReCalToTSP IsSingleTouchMode = falserequestedReCalToTSP = false / previousDisplayState = ON
10-16 19:22:57.131 31236 31756 I VRI[LauncherActivity]@9d98bcf: mWNT: t=0xb4000073eff86a80 mBlastBufferQueue=0xb40000755a662000 fn= 288 HdrRenderState mRenderHdrSdrRatio=1.0 caller= com.android.systemui.shared.launcher.ViewRootImplCompat.mergeWithNextTransaction:4 com.honeyspace.transition.utils.SurfaceTransactionApplier.scheduleApply$lambda$1:16 com.honeyspace.transition.utils.SurfaceTransactionApplier.b:0
10-16 19:22:57.131 2534  9082  D InputDispatcher: Focus entered window (0): 407fa9c app.universal.revanced.manager/app.revanced.manager.MainActivity
10-16 19:22:57.131 2534  3140  W PhoneWindowManager: lockNow pending, ignore updating lockscreen timeout
10-16 19:22:57.131 2534  3140  D SurfaceComposerClient: setCornerRadius ## bb5d8bd app.universal.revanced.manager/app.revanced.manager.MainActivity#130734 cornerRadius=0.000000
10-16 19:22:57.132 2234  2234  D SurfaceFlinger: Display 4630947093241269891 HWC layers:
       CLIENT |           23115514033321 | 00000100 | RGBA_8888    |  164.0  351.0 1276.0 2737.0 |    0    0 1440 3088 | Wallpaper BBQ wrapper 5_system#130325 (1)
       CLIENT |          134157598485600 | 00002100 | RGBA_8888    |    0.0    0.0 1440.0 3088.0 |    0    0 1440 3088 | com.sec.android.app.launcher/com.sec[...]ities.LauncherActivity$_31236#130708 (blurRegions) (285)
       CLIENT |           72215580114944 | 00002102 | RGBA_8888    |    0.0    0.0 1440.0 3088.0 |    0    0 1440 3088 | app.universal.revanced.manager/app.r[...]d.manager.MainActivity$_16814#130735 (16)
       CLIENT |                        0 | 00000000 | N/A          |    0.0    0.0    0.0    0.0 |    0    0 1440 3088 | Dim Layer for - Task=3074#130745 (0)
       CLIENT |           72215580114951 | 00002100 | RGBA_8888    |    0.0    0.0 1440.0 1395.0 |    0  892 1440 2287 | app.universal.revanced.manager/app.r[...]d.manager.MainActivity$_16814#130743 (2)
       DEVICE |           2311551403
10-16 19:22:57.132 2234  2234  D SurfaceFlinger: 3064 | 00002100 | RGBA_8888    |    0.0    0.0 1440.0  100.0 |    0    0 1440  100 | StatusBar$_5382#114 (134359)
       DEVICE |          134157598485557 | 00002100 | RGBA_8888    |    0.0    0.0   67.0  314.0 | 1373 2091 1440 2405 | com.sec.android.app.launcher/com.sam[...]app.CocktailBarService$_31236#130179 (3)
       DEVICE |           23115514033086 | 00002100 | RGBA_8888    |    0.0    0.0 1440.0  146.0 |    0 2942 1440 3088 | NavigationBar0$_5382#110 (166850)
10-16 19:22:57.132 2534  5181  D AS.DesktopModeHelper: onDisplayChanged: #Id=0
10-16 19:22:57.133 2167  29032 W qdgralloc: getInterlacedFlag: getMetaData returned 3, defaulting to interlaced_flag = 0
10-16 19:22:57.133 16819 22123 I FontLog: (REDACTED) Received query %s, URI %s
10-16 19:22:57.134 16819 22123 I FontLog: (REDACTED) Query [%s] resolved to %s
10-16 19:22:57.134 31236 31236 I HoneySpace.FloatingAnimator: [Player:A(56.388)] container x: 0.0, y: 0.0, scale : 1.0
10-16 19:22:57.134 31236 31236 I HoneySpace.DeJankUtils: postAfterTraversal is called com.honeyspace.common.performance.JankWrapper$addCujInstrumentation$1$4$1@f3394a6, immediate : true detail : app transition end
10-16 19:22:57.134 2534  3141  D SurfaceComposerClient: [SEC_SF_EFFECTS] setBackgroundBlurRadius ## Dim Layer for - Task=3074#130745 backgroundBlurRadius=0
10-16 19:22:57.134 31236 31236 I HoneySpace.FloatingAnimator: [Player:A(56.388)] value animator:[190374361] end
10-16 19:22:57.134 31236 31236 I HoneySpace.FloatingAnimator: reset containerView, com.honeyspace.transition.anim.floating.ContainerView{5ba70c0 V.E...... ......ID 0,0-1440,3088}
10-16 19:22:57.135 31236 31236 I HoneySpace.FloatingAnimator: remove positionListener - com.honeyspace.transition.anim.floating.c@51076ee
10-16 19:22:57.135 31236 31236 I HoneySpace.FloatingAnimator: [Player:A(56.388)] reset
10-16 19:22:57.135 31236 31236 I HoneySpace.IconView: setIconVisible : visible-true, currentForceHideBadge-true
10-16 19:22:57.135 31236 31236 I HoneySpace.IconView: updateInvisibleState true APP_CLOSING current:2 new:0
10-16 19:22:57.135 31236 31236 I HoneySpace.FloatingAnimator: playerCount : 0
10-16 19:22:57.135 31236 31236 I HoneySpace.FloatingFinishHelper: finishInProgress: true
10-16 19:22:57.135 31236 31236 I HoneySpace.AppLaunchAnimationDelegate: mainAnimatorSet end
10-16 19:22:57.135 31236 31236 I HoneySpace.AnimationResult: finish, false
10-16 19:22:57.135 31236 31236 I HoneySpace.FloatingFinishHelper: isAppShow reset, immediate
10-16 19:22:57.136 2534  4707  D SGM:FgCheckThread: onLooperPrepared(), msg: MSG_LCD_ON
10-16 19:22:57.137 2534  5177  W ParceledListSlice: Element #341 is 16700 bytes.
10-16 19:22:57.137 2167  29032 W qdgralloc: getInterlacedFlag: getMetaData returned 3, defaulting to interlaced_flag = 0
10-16 19:22:57.138 31236 3989  I HoneySpace.AnimationResult: asyncFinishRunnable run
10-16 19:22:57.138 31236 31236 I HoneySpace.ShellTransitionManager: open normal end
10-16 19:22:57.138 31236 31757 I VRI[LauncherActivity]@9d98bcf: mWNT: t=0xb4000073eff87380 mBlastBufferQueue=0xb40000755a662000 fn= 289 HdrRenderState mRenderHdrSdrRatio=1.0 caller= com.android.systemui.shared.launcher.ViewRootImplCompat.mergeWithNextTransaction:4 com.honeyspace.transition.utils.SurfaceTransactionApplier.scheduleApply$lambda$1:16 com.honeyspace.transition.utils.SurfaceTransactionApplier.b:0
10-16 19:22:57.138 31236 31236 I HoneySpace.ShellAnimationRunner: setDelegate, delegate-null, strong-false
10-16 19:22:57.138 31236 31236 I HoneySpace.RunnableList: executeAllAndClear() called, size: 1
10-16 19:22:57.138 31236 31236 I HoneySpace.AnimationResult: completeCallback run
10-16 19:22:57.139 31236 31236 I HoneySpace.RunnableList: executeAllAndClear() called, size: 1
10-16 19:22:57.139 2167  29032 W qdgralloc: getInterlacedFlag: getMetaData returned 3, defaulting to interlaced_flag = 0
10-16 19:22:57.139 2167  29032 W qdgralloc: getInterlacedFlag: getMetaData returned 3, defaulting to interlaced_flag = 0
10-16 19:22:57.140 2534  9082  W ParceledListSlice: Element #351 is 23260 bytes.
10-16 19:22:57.140 2534  9082  W ParceledListSlice: Element #359 is 22252 bytes.
10-16 19:22:57.142 31236 31236 I HoneySpace.DeJankUtils: traversals callback's received
10-16 19:22:57.142 31236 31236 I HoneySpace.DeJankUtils: doActionRunnable is called com.honeyspace.common.performance.JankWrapper$addCujInstrumentation$1$4$1@f3394a6, immediate = true, detail : app transition end
10-16 19:22:57.142 31236 31236 I HoneySpace.AppTransitionAnimationAwait: proceed 1
10-16 19:22:57.143 2534  3141  D SurfaceComposerClient: [SEC_SF_EFFECTS] setBackgroundBlurRadius ## Dim Layer for - Task=3074#130745 backgroundBlurRadius=0
10-16 19:22:57.145 5382  5434  V WindowManagerShell: Transition animation finished (aborted=false), notifying core (#9027) android.os.BinderProxy@707ffbf@0
10-16 19:22:57.145 5382  5434  I SurfaceControlRegistry: apply, t=FinishTransaction_SyncId<9027>, caller=android.view.SurfaceControl$Transaction.apply:3459 android.view.SurfaceControl$Transaction.apply:3447 android.view.SurfaceControl$Transaction.apply:3397 com.android.wm.shell.transition.Transitions.onFinish:315 com.android.wm.shell.transition.Transitions$$ExternalSyntheticLambda7.onTransitionFinished:18 com.android.wm.shell.transition.DefaultMixedHandler$$ExternalSyntheticLambda4.onTransitionFinished:17
10-16 19:22:57.145 31236 31236 I HoneySpace.FloatingFinishHelper: finishInProgress: false
10-16 19:22:57.146 2534  9082  W ParceledListSlice: Element #386 is 23184 bytes.
10-16 19:22:57.146 2534  9081  V WindowManager: Finish Transition: TransitionRecord{f21fbf8 id=9027 type=OPEN flags=0x0 c=[
   ChangeInfo{c58de7b container=Task{300cf31 #2041 type=home I=com.sec.android.app.launcher/.activities.LauncherActivity} flags=0x10}
   ChangeInfo{3c26498 container=ActivityRecord{99174303 u0 com.sec.android.app.launcher/.activities.LauncherActivity t2041} flags=0x0}
   ChangeInfo{a080109 container=ActivityRecord{101583057 u0 app.universal.revanced.manager/app.revanced.manager.MainActivity t3074} flags=0x0}
   ChangeInfo{9fb54f1 container=Task{75f5616 #2040 type=home} flags=0x10}
   ChangeInfo{baf5f0e container=Display{#0 state=ON size=1440x3088 ROTATION_0} flags=0x0}
   ChangeInfo{74ac8d6 container=RemoteWallpaperAnim:1:1@146255364 flags=0x0}
   ChangeInfo{f8ce757 container=WallpaperWindowToken{901577f showWhenLocked=false}_<system> flags=0x0}
   ChangeInfo{1c53244 container=WallpaperWindowToken{aefcd52 showWhenLocked=true}_<lock> flags=0x0}
   ChangeInfo{b75ed2f container=Task{b76dfa4 #3074 type=standard A=11408:app.universal.revanced.manager} flags=0x10}
   ChangeInfo{d47f3c container=DefaultTaskDisplayArea_d0@209582364 flags=0x0}
]
}, caller=com.android.server.wm.WindowOrganizerController.finishTransitionInner:31 com.android.server.wm.WindowOrganizerController.finishAllTransitions:60 android.window.IWindowOrganizerController$Stub.onTransact:283
10-16 19:22:57.146 2534  3135  V WindowManager: Finish Transition (#9027): created at 10-16 19:22:56.395 collect-started=0.292ms request-sent=9.495ms started=36.925ms ready=36.918ms sent=72.634ms commit=16.768ms finished=750.748ms
10-16 19:22:57.146 2534  9081  V WindowManager: Setting visibility of Window{2dd6a9c u0 com.samsung.android.app.spage}: false, caller=com.android.server.wm.WindowContainer.sendAppVisibilityToClients:19 com.android.server.wm.WindowState.sendAppVisibilityToClients:7 com.android.server.wm.WindowContainer.sendAppVisibilityToClients:19 com.android.server.wm.WindowToken.setClientVisible:48 com.android.server.wm.ActivityRecord.commitVisibility:186
10-16 19:22:57.147 2534  9081  V WindowManager: Setting visibility of Window{a704410 u0 com.sec.android.app.launcher/com.sec.android.app.launcher.activities.LauncherActivity}: false, caller=com.android.server.wm.WindowContainer.sendAppVisibilityToClients:19 com.android.server.wm.WindowToken.setClientVisible:48 com.android.server.wm.ActivityRecord.commitVisibility:186 com.android.server.wm.TransitionController.finishTransition:846 com.android.server.wm.WindowOrganizerController.finishTransitionInner:31
10-16 19:22:57.147 2534  9081  V WindowManager: Setting visibility of Window{e31f9d2 u0 com.android.systemui.wallpapers.ImageWallpaper}: false, caller=com.android.server.wm.WindowContainer.sendAppVisibilityToClients:19 com.android.server.wm.WindowToken.setClientVisible:48 com.android.server.wm.WallpaperWindowToken.setVisible$1:3 com.android.server.wm.WallpaperWindowToken.commitVisibility:48 com.android.server.wm.TransitionController.finishTransition:1252
10-16 19:22:57.147 5382  5542  I WallpaperService: dispatchAppVisibility: system, visible=false , mLidState = -1
10-16 19:22:57.147 2534  9081  D ChangeTransitionController: onTransitionFinished: TransitionRecord{f21fbf8 id=9027 type=OPEN flags=0x0 c=[
   ChangeInfo{c58de7b container=Task{300cf31 #2041 type=home I=com.sec.android.app.launcher/.activities.LauncherActivity} flags=0x10}
   ChangeInfo{3c26498 container=ActivityRecord{99174303 u0 com.sec.android.app.launcher/.activities.LauncherActivity t2041} flags=0x0}
   ChangeInfo{a080109 container=ActivityRecord{101583057 u0 app.universal.revanced.manager/app.revanced.manager.MainActivity t3074} flags=0x0}
   ChangeInfo{9fb54f1 container=Task{75f5616 #2040 type=home} flags=0x10}
   ChangeInfo{baf5f0e container=Display{#0 state=ON size=1440x3088 ROTATION_0} flags=0x0}
   ChangeInfo{74ac8d6 container=RemoteWallpaperAnim:1:1@146255364 flags=0x0}
   ChangeInfo{f8ce757 container=WallpaperWindowToken{901577f showWhenLocked=false}_<system> flags=0x0}
   ChangeInfo{1c53244 container=WallpaperWindowToken{aefcd52 showWhenLocked=true}_<lock> flags=0x0}
   ChangeInfo{b75ed2f container=Task{b76dfa4 #3074 type=standard A=11408:app.universal.revanced.manager} flags=0x10}
   ChangeInfo{d47f3c container=DefaultTaskDisplayArea_d0@209582364 flags=0x0}
]
}
10-16 19:22:57.147 5382  5560  I WallpaperService: reportVisibility: visibility changed. visible=false
10-16 19:22:57.147 5382  5560  I ImageWallpaper_5[Image]:  onVisibilityChanged: visible=false , displayId=0
10-16 19:22:57.147 1959  1959  I VRI[]@77513d7: handleAppVisibility mAppVisible = true visible = false
10-16 19:22:57.147 2167  29032 W qdgralloc: getInterlacedFlag: getMetaData returned 3, defaulting to interlaced_flag = 0
10-16 19:22:57.147 5382  5434  V WindowManagerShell: Track 0 became idle
10-16 19:22:57.147 5382  5434  V WindowManagerShell: All active transition animations finished
10-16 19:22:57.148 2234  2511  I SurfaceFlinger: id=130726 Removed Splash Screen app.universal.revanced.manager$_5382#130726 (264)
10-16 19:22:57.148 31236 31236 I VRI[LauncherActivity]@9d98bcf: handleAppVisibility mAppVisible = true visible = false
10-16 19:22:57.148 2167  29032 W qdgralloc: getInterlacedFlag: getMetaData returned 3, defaulting to interlaced_flag = 0
10-16 19:22:57.148 31236 12874 I HoneySpace.ShellAnimationRunner: cleanUp: null, null
10-16 19:22:57.149 28973 29010 D PipelineWatcher: onInputBufferReleased: frameIndex not found (312961); ignored
10-16 19:22:57.150 2234  2234  I SurfaceFlinger: RequestedLayer [Task=2040#7550] hidden!! flag  from(0) --> to(1)
10-16 19:22:57.150 2234  2234  I SurfaceFlinger: destroyed Splash Screen app.universal.revanced.manager$_5382#130726 form LifecycleManager
10-16 19:22:57.150 28973 29010 D PipelineWatcher: onInputBufferReleased: frameIndex not found (312962); ignored
10-16 19:22:57.150 2234  2234  I SurfaceFlinger: [LayerHierarchy{RequestedLayerState{WallpaperWindowToken{901577f showWhenLocked=false}#130322 parentId=8 z=1} 1 children}] reparent to LayerHierarchy{RequestedLayerState{Leaf:1:1#8 parentId=7} 2 children}
10-16 19:22:57.150 2234  2234  I SurfaceFlinger: [LayerHierarchy{RequestedLayerState{Task=2040#7550 parentId=10} 2 children}] reparent to LayerHierarchy{RequestedLayerState{DefaultTaskDisplayArea_d0#10 parentId=9} 22 children}
10-16 19:22:57.150 2234  2234  I SurfaceFlinger: [LayerHierarchy{RequestedLayerState{Task=3074#130723 parentId=10 z=19} 2 children}] reparent to LayerHierarchy{RequestedLayerState{DefaultTaskDisplayArea_d0#10 parentId=9} 23 children}
10-16 19:22:57.150 2234  2234  I SurfaceFlinger: [LayerHierarchy{RequestedLayerState{Transition Root: Task=3074#130727 z=19} 2 children}] reparent to OffscreenRoot
10-16 19:22:57.150 2234  2234  I SurfaceFlinger: [LayerHierarchy{RequestedLayerState{Transition Root: Task=3074#130727 z=19} 2 children}] RelativeParent to null
10-16 19:22:57.150 2234  2234  I SurfaceFlinger: id=130726 onLayerDestroyed from LayerHierarchyBuilder(RequestedLayerState{Splash Screen app.universal.revanced.manager$_5382#130726 !handle})
10-16 19:22:57.150 2534  3141  D SurfaceComposerClient: [SEC_SF_EFFECTS] setBackgroundBlurRadius ## Dim Layer for - Task=3074#130745 backgroundBlurRadius=0
10-16 19:22:57.152 2234  2234  I Layer: id=130726 Destroyed Splash Screen app.universal.revanced.manager$_5382#130726
10-16 19:22:57.152 2234  2234  I SurfaceFlinger: id=130727 Removed Transition Root: Task=3074#130727 (263)
10-16 19:22:57.152 2234  2234  I SurfaceFlinger: id=130725 Removed da18022 Splash Screen app.universal.revanced.manager#130725 (263)
10-16 19:22:57.153 16819 22123 I FontLog: (REDACTED) Fetch %s end status %s
10-16 19:22:57.154 28973 29010 D PipelineWatcher: onInputBufferReleased: frameIndex not found (312963); ignored
10-16 19:22:57.155 2534  3138  I ActivityManager: Changes in 10138 2 to 5, 255 to 184
10-16 19:22:57.155 2167  29032 W qdgralloc: getInterlacedFlag: getMetaData returned 3, defaulting to interlaced_flag = 0
10-16 19:22:57.155 2163  2163  E ANDR-PERF-MPCTL: ANDR-PERF-MPCTL: internal_perf_lock_acq_verification() 385: Perflock Submit request limit reached.
10-16 19:22:57.155 6815  6866  V OsAgent: broadcastSystemEvent - 7
10-16 19:22:57.156 6815  6866  V OsAgent: broadcastSystemEvent - 7
10-16 19:22:57.156 6815  6866  V OsAgent: broadcastSystemEvent - 7
10-16 19:22:57.156 2163  2163  E ANDR-PERF-MPCTL: ANDR-PERF-MPCTL: internal_perf_lock_acq_verification() 385: Perflock Submit request limit reached.
10-16 19:22:57.156 6815  6866  V OsAgent: broadcastSystemEvent - 7
10-16 19:22:57.156 2167  29032 W qdgralloc: getInterlacedFlag: getMetaData returned 3, defaulting to interlaced_flag = 0
10-16 19:22:57.156 2163  2163  E ANDR-PERF-MPCTL: ANDR-PERF-MPCTL: internal_perf_lock_acq_verification() 385: Perflock Submit request limit reached.
10-16 19:22:57.156 2098  16936 I HYPER-HAL: [RequestManager.cpp]releaseLocked(): Released ID : 3265311
10-16 19:22:57.156 2600  13891 I CameraService: onUidStateChanged: uid=10756, procState is changed. (3 -> 5)
10-16 19:22:57.156 2534  3140  W PhoneWindowManager: lockNow pending, ignore updating lockscreen timeout
10-16 19:22:57.157 2534  3140  W PhoneWindowManager: lockNow pending, ignore updating lockscreen timeout
10-16 19:22:57.157 2534  3140  D SurfaceComposerClient: setCornerRadius ## bb5d8bd app.universal.revanced.manager/app.revanced.manager.MainActivity#130734 cornerRadius=0.000000
10-16 19:22:57.157 2234  2234  D SurfaceFlinger: Display 4630947093241269891 HWC layers:
       DEVICE |           72215580114944 | 00002102 | RGBA_8888    |    0.0    0.0 1440.0 3088.0 |    0    0 1440 3088 | app.universal.revanced.manager/app.r[...]d.manager.MainActivity$_16814#130735 (16)
  SOLID_COLOR |                        0 | 00000000 | N/A          |    0.0    0.0    0.0    0.0 |    0    0 1440 3088 | Dim Layer for - Task=3074#130745 (0)
       DEVICE |           72215580114951 | 00002100 | RGBA_8888    |    0.0    0.0 1440.0 1395.0 |    0  862 1440 2257 | app.universal.revanced.manager/app.r[...]d.manager.MainActivity$_16814#130743 (2)
       DEVICE |           23115514033064 | 00002100 | RGBA_8888    |    0.0    0.0 1440.0  100.0 |    0    0 1440  100 | StatusBar$_5382#114 (134359)
       DEVICE |          134157598485557 | 00002100 | RGBA_8888    |    0.0    0.0   67.0  314.0 | 1373 2091 1440 2405 | com.sec.android.app.launcher/com.sam[...]app.CocktailBarService$_31236#130179 (3)
       DEVICE |           23115514033086 | 00002100 | RGBA_8888
10-16 19:22:57.157 2234  2234  D SurfaceFlinger:   |    0.0    0.0 1440.0  146.0 |    0 2942 1440 3088 | NavigationBar0$_5382#110 (166850)
10-16 19:22:57.158 2234  2234  I SurfaceFlinger: destroyed da18022 Splash Screen app.universal.revanced.manager#130725 form LifecycleManager
10-16 19:22:57.158 2234  2234  I SurfaceFlinger: destroyed Transition Root: Task=3074#130727 form LifecycleManager
10-16 19:22:57.158 2234  2234  I SurfaceFlinger: id=130725 onLayerDestroyed from LayerHierarchyBuilder(RequestedLayerState{da18022 Splash Screen app.universal.revanced.manager#130725 !handle z=2147483647})
10-16 19:22:57.158 2234  2234  I SurfaceFlinger: id=130727 onLayerDestroyed from LayerHierarchyBuilder(RequestedLayerState{Transition Root: Task=3074#130727 !handle z=19})
10-16 19:22:57.159 2167  29032 W qdgralloc: getInterlacedFlag: getMetaData returned 3, defaulting to interlaced_flag = 0
10-16 19:22:57.159 2234  2234  I Layer: id=130725 Destroyed da18022 Splash Screen app.universal.revanced.manager#130725
10-16 19:22:57.159 2167  29032 W qdgralloc: getInterlacedFlag: getMetaData returned 3, defaulting to interlaced_flag = 0
10-16 19:22:57.159 2234  2234  I Layer: id=130727 Destroyed Transition Root: Task=3074#130727
10-16 19:22:57.158 2216  9408  V APM_AudioPolicyManager: setAppState(portId:4782, state:2)
10-16 19:22:57.159 28973 29010 D PipelineWatcher: onInputBufferReleased: frameIndex not found (312964); ignored
10-16 19:22:57.159 2534  3141  D SurfaceComposerClient: [SEC_SF_EFFECTS] setBackgroundBlurRadius ## Dim Layer for - Task=3074#130745 backgroundBlurRadius=0
10-16 19:22:57.159 2216  9408  V APM_AudioPolicyManager: setAppState(portId:4782, state:2)
10-16 19:22:57.159 2216  9408  V APM_AudioPolicyManager: setAppState(portId:4782, state:2)
10-16 19:22:57.159 2216  9408  V APM_AudioPolicyManager: setAppState(portId:4782, state:2)
10-16 19:22:57.161 2167  29032 W qdgralloc: getInterlacedFlag: getMetaData returned 3, defaulting to interlaced_flag = 0
10-16 19:22:57.161 2167  29032 W qdgralloc: getInterlacedFlag: getMetaData returned 3, defaulting to interlaced_flag = 0
10-16 19:22:57.161 28973 29010 D PipelineWatcher: onInputBufferReleased: frameIndex not found (312965); ignored
10-16 19:22:57.162 16814 16814 D VRI[MainActivity]@df2175b: mThreadedRenderer.initializeIfNeeded()#2 mSurface={isValid=true 0xb400007472b2ee00}
10-16 19:22:57.162 5382  5382  D SystemUIService: SYSUI_RAM_OPTIMIZATION onTrimMemory=20
10-16 19:22:57.163 16814 16814 D InputMethodManagerUtils: startInputInner - Id : 0
10-16 19:22:57.163 16814 16814 I InputMethodManager: startInputInner - IInputMethodManagerGlobalInvoker.startInputOrWindowGainedFocus
10-16 19:22:57.163 28973 29010 D PipelineWatcher: onInputBufferReleased: frameIndex not found (312966); ignored
10-16 19:22:57.164 5382  5382  D CentralSurfaces: SYSUI_RAM_OPTIMIZATION onTrimMemory=20
10-16 19:22:57.165 5382  5521  D HWUI: CacheManager::trimMemory(20)
10-16 19:22:57.165 2534  4700  V InputMethodManagerService: startInputOrWindowGainedFocusInternalLocked: reason=WINDOW_FOCUS_GAIN client=android.os.BinderProxy@4f30e5a inputContext=null editorInfo=android.view.inputmethod.EditorInfo@b5dd5e0 startInputFlags=VIEW_HAS_FOCUS|INITIAL_CONNECTION softInputMode=STATE_UNSPECIFIED|ADJUST_PAN windowFlags=#1800002 unverifiedTargetSdkVersion=35 bindingController=com.android.server.inputmethod.InputMethodBindingController@2d050bb imeDispatcher=android.window.ImeOnBackInvokedDispatcher@95e8099 cs=ClientState{b0ba51a mUid=11408 mPid=16814 mSelfReportedDisplayId=0} imeRequestedVisible=false
10-16 19:22:57.165 16819 16852 I FontLog: (REDACTED) Pulling font file for id = %d, cache size = %d
10-16 19:22:57.165 2534  4700  V InputMethodManagerService: setWindowStateInner, windowToken=android.os.BinderProxy@966ba0f, state=ImeTargetWindowState{ imeToken null imeFocusChanged true hasEditorFocused false requestedImeVisible false imeDisplayId 0 softInputModeState STATE_UNSPECIFIED|ADJUST_PAN isStartInputByGainFocus true}
10-16 19:22:57.165 2534  4700  V InputMethodManagerService: Unspecified window will hide input
10-16 19:22:57.165 2534  4700  I ImeTracker: app.universal.revanced.manager:71516a68: onRequestHide at ORIGIN_SERVER reason HIDE_UNSPECIFIED_WINDOW fromUser false
10-16 19:22:57.166 2534  4700  V InputMethodManagerService: applyImeVisibility state=6
10-16 19:22:57.166 2534  4700  D SemInputMethodManagerServiceUtil: restorePreviousUsedInputMethod : failed to return the previous ime becuase the stored info is null or do not need restore
10-16 19:22:57.166 2534  4700  V InputMethodManagerService: semComputeImeDisplayIdForTarget: displayToShowIme=0
10-16 19:22:57.166 2534  4700  V InputMethodManagerService: Creating new accessibility sessions for client ClientState{b0ba51a mUid=11408 mPid=16814 mSelfReportedDisplayId=0}
10-16 19:22:57.166 16814 16814 I InputMethodManager: handleMessage: setImeVisibility visible=false
10-16 19:22:57.166 16814 16814 D InsetsController: hide(ime(), fromIme=false)
10-16 19:22:57.166 16814 16814 I ImeTracker: app.universal.revanced.manager:71516a68: onCancelled at PHASE_CLIENT_ALREADY_HIDDEN
10-16 19:22:57.166 2534  4700  D InputMethodManagerService: isImeSwitcherDisabledPackage : false
10-16 19:22:57.166 2534  4700  D InputMethodManagerService: shouldShowImeSwitcherLocked : checking vis : 3
10-16 19:22:57.167 2234  2234  I SurfaceFlinger: RequestedLayer [$_1959#130700] hidden!! flag  from(0) --> to(1)
10-16 19:22:57.167 2234  2234  I SurfaceFlinger: RequestedLayer [com.sec.android.app.launcher/com.sec[...]ities.LauncherActivity$_31236#130708] hidden!! flag  from(0) --> to(1)
10-16 19:22:57.167 2234  2234  I SurfaceFlinger: RequestedLayer [com.android.systemui.wallpapers.ImageWallpaper$_5382#130324] hidden!! flag  from(0) --> to(1)
10-16 19:22:57.167 2234  2234  I SurfaceFlinger: RequestedLayer [WallpaperWindowToken{901577f showWhenLocked=false}#130322] hidden!! flag  from(0) --> to(1)
10-16 19:22:57.167 2234  2234  I SurfaceFlinger: RequestedLayer [ActivityRecord{99174303 u0 com.sec.a[...]ivities.LauncherActivity t2041}#7552] hidden!! flag  from(0) --> to(1)
10-16 19:22:57.167 2234  2234  I SurfaceFlinger: RequestedLayer [Task=2041#7551] hidden!! flag  from(0) --> to(1)
10-16 19:22:57.167 2534  3141  D SurfaceComposerClient: [SEC_SF_EFFECTS] setBackgroundBlurRadius ## Dim Layer for - Task=3074#130745 backgroundBlurRadius=0
10-16 19:22:57.167 2534  8579  D SyntheticPasswordManager.SDP: Inside fromBytes() - result.pinLength : 15
10-16 19:22:57.167 2534  8579  D SyntheticPasswordManager.SDP: 2. result.secureMode : 0
10-16 19:22:57.168 2534  4700  D InputMethodManagerService: checkDisplayOfStartInputAndUpdateKeyboard: displayId=0, mFocusedDisplayId=0
10-16 19:22:57.168 2534  4700  D InputTransport: Input channel constructed: 'ClientS', fd=1255
10-16 19:22:57.169 2534  4700  D InputTransport: Input channel destroyed: 'ClientS', fd=1255
10-16 19:22:57.169 2234  4760  I SurfaceFlinger: id=130730 Removed Surface(name=Task=2040)/@0x9b7ddab_transition-leash#130730 (261)
10-16 19:22:57.169 2234  4760  I SurfaceFlinger: id=130729 Removed Surface(name=Task=3074)/@0x5350625_transition-leash#130729 (261)
10-16 19:22:57.170 2989  2989  I HBD: HoneyBoardService onFinishInput
10-16 19:22:57.170 2534  9081  D RestrictionPolicy: isScreenCaptureEnabled : ret=true userId=0
10-16 19:22:57.170 2989  2989  I HBD: a IC have been unbinding,  RemoteInputConnection{idHash=#99634a5}
10-16 19:22:57.170 2989  2989  I HBD: HoneyBoardService [PF_CL][onFinishInput]  0 ms
10-16 19:22:57.170 2989  2989  I HBD: HoneyBoardService [IMI] onStartInput - caller pid : 16814 , caller uid : 11408
10-16 19:22:57.171 2989  2989  I HBD: r updateConfigs
10-16 19:22:57.171 2989  2989  I HBD: r isEnabledNightMode : true
10-16 19:22:57.171 2989  2989  I HBD: a IC have been binding, RemoteInputConnection{idHash=#99634a5}
10-16 19:22:57.171 2989  2989  I HBD: h [EditorInputType]setPrivateImeOptionsToTable privateImeOptions ( null )
10-16 19:22:57.171 2989  2989  I HBD: b incognitoMode : false
10-16 19:22:57.171 2989  2989  I HBD: f needOff = true , isForceOff = false, isNullInputClass : true
10-16 19:22:57.171 2989  2989  I HBD: h getDefaultInputRange : UNKNOWN
10-16 19:22:57.171 2989  2989  I HBD: h getDefaultInputRange : UNKNOWN
10-16 19:22:57.171 2989  2989  I HBD: h getDefaultInputRange : UNKNOWN
10-16 19:22:57.171 16814 16839 D InputTransport: Input channel constructed: 'ClientS', fd=163
10-16 19:22:57.171 2534  9081  I WindowManager: Cancelling animation restarting=true, leash=Surface(name=Surface(name=d24bf80 InputMethod)/@0x221a1fe - animation-leash of insets_animation)/@0x11d6796
10-16 19:22:57.171 2534  9081  I WindowManager: Reparenting to original parent: Surface(name=WindowToken{80a8b77 type=2011 android.os.Binder@1a5e976})/@0x52e0abc, destroy=false, surface=Surface(name=d24bf80 InputMethod)/@0x221a1fe
10-16 19:22:57.171 2534  9081  I WindowManager: Reparenting to leash, surface=Surface(name=d24bf80 InputMethod)/@0x221a1fe, leashParent=Surface(name=WindowToken{80a8b77 type=2011 android.os.Binder@1a5e976})/@0x52e0abc
10-16 19:22:57.171 2234  4760  I SurfaceFlinger: id=130746 createSurf, flag=24004, Surface(name=d24bf80 InputMethod)/@0x221a1fe - animation-leash of insets_animation#130746
10-16 19:22:57.174 2534  9081  D WindowManager: makeSurface duration=2 leash=Surface(name=Surface(name=d24bf80 InputMethod)/@0x221a1fe - animation-leash of insets_animation)/@0xfb3c209
10-16 19:22:57.174 2534  9081  D InsetsSourceProvider: updateControlForTarget: control=InsetsSourceControl: {3 mType=ime mSurfacePosition=Point(0, 100) mInsetsHint=Insets{left=0, top=0, right=0, bottom=1311}}, target=Window{407fa9c u0 app.universal.revanced.manager/app.revanced.manager.MainActivity}, from=com.android.server.wm.ImeInsetsSourceProvider.updateControlForTarget:17 com.android.server.wm.InsetsStateController.onControlTargetChanged:83 com.android.server.wm.DisplayContent.updateImeControlTarget:21 com.android.server.wm.DisplayContent.updateImeInputAndControlTarget:156 com.android.server.wm.WindowManagerService$LocalService.updateInputMethodTargetWindow:64
10-16 19:22:57.174 2534  9081  I ImeTracker: system_server:bfcb6804: onRequestHide at ORIGIN_SERVER reason IME_REQUESTED_CHANGED_LISTENER fromUser false
10-16 19:22:57.174 2534  3140  W PhoneWindowManager: lockNow pending, ignore updating lockscreen timeout
10-16 19:22:57.175 2989  2989  I HBD: f needOff = true , isForceOff = false, isNullInputClass : true
10-16 19:22:57.175 2989  2989  I HBD: f update cached prediction status : false
10-16 19:22:57.175 2989  2989  I HBD: h getDefaultInputRange : UNKNOWN
10-16 19:22:57.175 2989  2989  I HBD: a currentState : 0
