10-16 19:22:55.613 31236 31236 I HoneySpace.OpenFolderFRViewAdapter: init ItemStyle(itemSize=245, contentSize=100, drawablePadding=3, hideBadge=false, position=Point(14, 17), labelStyle=LabelStyle(hideLabel=false, orientation=0, maxLine=1, textColor=-452984832, textSize=11.000001, shadowRadius=0.0, shadowDx=0.0, shadowDy=0.0, shadowColor=0, applyThemeLabel=false, originalTextSize=11.0), innerPadding=Point(0, 0), scale=1.0)
10-16 19:22:55.613 31236 31236 I HoneySpace.OpenFolderFRViewAdapter: updateAppItems false
10-16 19:22:55.613 31236 31236 I HoneySpace.OpenFolderFRViewAdapter: addItemToList Client Managers containerId:242 id:406826 label:RVX Manager rank:0
10-16 19:22:55.613 31236 31236 I HoneySpace.OpenFolderFRViewAdapter: addItemToList Client Managers containerId:242 id:408078 label:Universal ReVanced Manager rank:1
10-16 19:22:55.613 31236 31236 I HoneySpace.OpenFolderFRViewAdapter: addItemToList Client Managers containerId:242 id:408012 label:ReVanced Manager rank:2
10-16 19:22:55.613 31236 31236 I HoneySpace.OpenFolderFRViewAdapter: addItemToList Client Managers containerId:242 id:370092 label:RVX Manager rank:3
10-16 19:22:55.613 31236 31236 I HoneySpace.OpenFolderFRViewAdapter: addItemToList Client Managers containerId:242 id:235776 label:OLD-RVX Manager rank:4
10-16 19:22:55.613 31236 31236 I HoneySpace.OpenFolderFRViewAdapter: addItemToList Client Managers containerId:242 id:270944 label:MicroG rank:5
10-16 19:22:55.613 31236 31236 I HoneySpace.OpenFolderFRViewAdapter: addItemToList Client Managers containerId:242 id:166702 label:YTDLnis rank:6
10-16 19:22:55.613 31236 31236 I HoneySpace.OpenFolderFRViewAdapter: addItemToList Client Managers containerId:242 id:1691 label:Seal rank:7
10-16 19:22:55.613 31236 31236 I HoneySpace.OpenFolderFRViewAdapter: addItemToList Client Managers containerId:242 id:246 label:Shizuku rank:8
10-16 19:22:55.613 31236 31236 I HoneySpace.OpenFolderFRViewAdapter: addItemToList Client Managers containerId:242 id:229721 label:Revenge Manager rank:9
10-16 19:22:55.613 31236 31236 I HoneySpace.OpenFolderFRViewAdapter: addItemToList Client Managers containerId:242 id:282571 label:Revenge Next Manager rank:10
10-16 19:22:55.613 31236 31236 I HoneySpace.OpenFolderFRViewAdapter: addItemToList Client Managers containerId:242 id:282587 label:Revenge Next rank:11
10-16 19:22:55.613 31236 31236 I HoneySpace.OpenFolderFRViewAdapter: addItemToList Client Managers containerId:242 id:1487 label:CloudStream rank:12
10-16 19:22:55.613 31236 31236 I HoneySpace.OpenFolderFRViewAdapter: addItemToList Client Managers containerId:242 id:395925 label:TikTok Plugin rank:13
10-16 19:22:55.613 31236 31236 I HoneySpace.PageIndicatorViewModel: setState 11
10-16 19:22:55.613 31236 31236 I HoneySpace.OpenFolderFRView: bindItems addItemsAtOnce: false itemCount: 1
10-16 19:22:55.613 31236 31236 I HoneySpace.OpenFolderFRView: createViewHolder 0
10-16 19:22:55.615 31236 31236 I HoneySpace.PageIndicatorViewModel: updatePageCount 1
10-16 19:22:55.615 31236 31236 I HoneySpace.PageIndicatorViewModel: updatePageCount 1
10-16 19:22:55.615 31236 31236 I HoneySpace.OpenFolderFRViewAdapter: addPage 0  [id:242] [title:Client Managers] [color:-827083853] [items:14] [container:1]
10-16 19:22:55.615 31236 31236 I HoneySpace.OpenFolderFRView: bindItems bindViewHolder 0 true
10-16 19:22:55.616 31236 31236 I HoneySpace.OpenFolderIconInflater: createBaseIconView RVX Manager APP
10-16 19:22:55.616 31236 31236 I HoneySpace.OpenFolderIconInflater: setAppItem RVX Manager APP
10-16 19:22:55.616 31236 31236 I HoneySpace.OpenFolderCellLayout: addItem [0] (0, 0) width=0, height=0, spanX=1, spanY=1, view=com.honeyspace.ui.common.iconview.IconViewImpl{f8cf1db VFED..CL. ......ID 819,338-1092,676 #7f0a02ed app:id/icon} - RVX Manager, visibility:0, alpha:1.0, badge:0, icon:218x218, iconAlpha:255, iconState:NONE, iconSize:245, forceHideBadge:false, isTransparent:false
10-16 19:22:55.617 2216  9408  I AF::Track: stop() situation track : stv_touch_tone
10-16 19:22:55.617 31236 31236 I HoneySpace.OpenFolderCellLayout: addItem [0] (0, 0)
10-16 19:22:55.617 31236 31236 I HoneySpace.OpenFolderIconInflater: createBaseIconView Universal ReVanced Manager APP
10-16 19:22:55.618 31236 31236 I HoneySpace.OpenFolderIconInflater: setAppItem Universal ReVanced Manager APP
10-16 19:22:55.618 31236 31236 I HoneySpace.OpenFolderCellLayout: addItem [0] (1, 0) width=0, height=0, spanX=1, spanY=1, view=com.honeyspace.ui.common.iconview.IconViewImpl{82a0d18 VFED..CL. ......ID 546,338-819,676 #7f0a02ed app:id/icon} - Universal ReVanced Manager, visibility:0, alpha:1.0, badge:0, icon:174x174, iconAlpha:255, iconState:NONE, iconSize:245, forceHideBadge:false, isTransparent:false
10-16 19:22:55.618 31236 31236 I HoneySpace.OpenFolderCellLayout: addItem [0] (1, 0)
10-16 19:22:55.619 31236 31236 I HoneySpace.OpenFolderIconInflater: createBaseIconView ReVanced Manager APP
10-16 19:22:55.619 31236 31236 I HoneySpace.OpenFolderIconInflater: setAppItem ReVanced Manager APP
10-16 19:22:55.619 31236 31236 I HoneySpace.OpenFolderCellLayout: addItem [0] (2, 0) width=0, height=0, spanX=1, spanY=1, view=com.honeyspace.ui.common.iconview.IconViewImpl{4951897 VFED..CL. ......ID 273,338-546,676 #7f0a02ed app:id/icon} - ReVanced Manager, visibility:0, alpha:1.0, badge:0, icon:174x174, iconAlpha:255, iconState:NONE, iconSize:245, forceHideBadge:false, isTransparent:false
10-16 19:22:55.620 31236 31236 I HoneySpace.OpenFolderCellLayout: addItem [0] (2, 0)
10-16 19:22:55.621 31236 31236 I HoneySpace.OpenFolderIconInflater: createBaseIconView RVX Manager APP
10-16 19:22:55.621 31236 31236 I HoneySpace.OpenFolderIconInflater: setAppItem RVX Manager APP
10-16 19:22:55.621 31236 31236 I HoneySpace.OpenFolderCellLayout: addItem [0] (3, 0) width=0, height=0, spanX=1, spanY=1, view=com.honeyspace.ui.common.iconview.IconViewImpl{939758e VFED..CL. ......ID 0,338-273,676 #7f0a02ed app:id/icon} - RVX Manager, visibility:0, alpha:1.0, badge:0, icon:218x218, iconAlpha:255, iconState:NONE, iconSize:245, forceHideBadge:false, isTransparent:false
10-16 19:22:55.621 31236 31236 I HoneySpace.OpenFolderCellLayout: addItem [0] (3, 0)
10-16 19:22:55.622 31236 31236 I HoneySpace.OpenFolderIconInflater: createBaseIconView OLD-RVX Manager APP
10-16 19:22:55.622 31236 31236 I HoneySpace.OpenFolderIconInflater: setAppItem OLD-RVX Manager APP
10-16 19:22:55.622 31236 31236 I HoneySpace.OpenFolderCellLayout: addItem [0] (0, 1) width=0, height=0, spanX=1, spanY=1, view=com.honeyspace.ui.common.iconview.IconViewImpl{ced10b4 VFED..CL. ......ID 819,0-1092,338 #7f0a02ed app:id/icon} - OLD-RVX Manager, visibility:0, alpha:1.0, badge:0, icon:218x218, iconAlpha:255, iconState:NONE, iconSize:245, forceHideBadge:false, isTransparent:false
10-16 19:22:55.622 31236 31236 I HoneySpace.OpenFolderCellLayout: addItem [0] (0, 1)
10-16 19:22:55.623 31236 31236 I HoneySpace.OpenFolderIconInflater: createBaseIconView MicroG APP
10-16 19:22:55.623 31236 31236 I HoneySpace.OpenFolderIconInflater: setAppItem MicroG APP
10-16 19:22:55.623 31236 31236 I HoneySpace.OpenFolderCellLayout: addItem [0] (1, 1) width=0, height=0, spanX=1, spanY=1, view=com.honeyspace.ui.common.iconview.IconViewImpl{5229829 VFED..CL. ......ID 546,0-819,338 #7f0a02ed app:id/icon} - MicroG, visibility:0, alpha:1.0, badge:0, icon:218x218, iconAlpha:255, iconState:NONE, iconSize:245, forceHideBadge:false, isTransparent:false
10-16 19:22:55.624 31236 31236 I HoneySpace.OpenFolderCellLayout: addItem [0] (1, 1)
10-16 19:22:55.624 31236 31236 I HoneySpace.OpenFolderIconInflater: createBaseIconView YTDLnis APP
10-16 19:22:55.624 31236 31236 I HoneySpace.OpenFolderIconInflater: setAppItem YTDLnis APP
10-16 19:22:55.624 31236 31236 I HoneySpace.OpenFolderCellLayout: addItem [0] (2, 1) width=0, height=0, spanX=1, spanY=1, view=com.honeyspace.ui.common.iconview.IconViewImpl{3b232d3 VFED..CL. ......ID 273,0-546,338 #7f0a02ed app:id/icon} - YTDLnis, visibility:0, alpha:1.0, badge:0, icon:174x174, iconAlpha:255, iconState:NONE, iconSize:245, forceHideBadge:false, isTransparent:false
10-16 19:22:55.625 31236 31236 I HoneySpace.OpenFolderCellLayout: addItem [0] (2, 1)
10-16 19:22:55.625 31236 31236 I HoneySpace.OpenFolderIconInflater: createBaseIconView Seal APP
10-16 19:22:55.626 31236 31236 I HoneySpace.OpenFolderIconInflater: setAppItem Seal APP
10-16 19:22:55.626 31236 31236 I HoneySpace.OpenFolderCellLayout: addItem [0] (3, 1) width=0, height=0, spanX=1, spanY=1, view=com.honeyspace.ui.common.iconview.IconViewImpl{e8066ba VFED..CL. ......ID 0,0-273,338 #7f0a02ed app:id/icon} - Seal, visibility:0, alpha:1.0, badge:0, icon:218x218, iconAlpha:255, iconState:NONE, iconSize:245, forceHideBadge:false, isTransparent:false
10-16 19:22:55.626 31236 31236 I HoneySpace.OpenFolderCellLayout: addItem [0] (3, 1)
10-16 19:22:55.627 31236 31236 I HoneySpace.OpenFolderIconInflater: createBaseIconView Shizuku APP
10-16 19:22:55.627 31236 31236 I HoneySpace.OpenFolderIconInflater: setAppItem Shizuku APP
10-16 19:22:55.627 31236 31236 I HoneySpace.OpenFolderCellLayout: addItem [0] (0, 2) width=0, height=0, spanX=1, spanY=1, view=com.honeyspace.ui.common.iconview.IconViewImpl{b6896aa VFED..CL. ......ID 273,338-546,676 #7f0a02ed app:id/icon} - Shizuku, visibility:0, alpha:1.0, badge:0, icon:174x174, iconAlpha:255, iconState:NONE, iconSize:245, forceHideBadge:false, isTransparent:false
10-16 19:22:55.627 31236 31236 I HoneySpace.OpenFolderCellLayout: addItem [0] (0, 2)
10-16 19:22:55.628 31236 31236 I HoneySpace.OpenFolderIconInflater: createBaseIconView Revenge Manager APP
10-16 19:22:55.628 31236 31236 I HoneySpace.OpenFolderIconInflater: setAppItem Revenge Manager APP
10-16 19:22:55.628 31236 31236 I HoneySpace.OpenFolderCellLayout: addItem [0] (1, 2) width=0, height=0, spanX=1, spanY=1, view=com.honeyspace.ui.common.iconview.IconViewImpl{16eb93a VFED..CL. ......ID 0,338-273,676 #7f0a02ed app:id/icon} - Revenge Manager, visibility:0, alpha:1.0, badge:0, icon:218x218, iconAlpha:255, iconState:NONE, iconSize:245, forceHideBadge:false, isTransparent:false
10-16 19:22:55.628 31236 31236 I HoneySpace.OpenFolderCellLayout: addItem [0] (1, 2)
10-16 19:22:55.629 31236 31236 I HoneySpace.OpenFolderIconInflater: createBaseIconView Revenge Next Manager APP
10-16 19:22:55.629 31236 31236 I HoneySpace.OpenFolderIconInflater: setAppItem Revenge Next Manager APP
10-16 19:22:55.629 31236 31236 I HoneySpace.OpenFolderCellLayout: addItem [0] (2, 2) width=0, height=0, spanX=1, spanY=1, view=com.honeyspace.ui.common.iconview.IconViewImpl{c6d7665 VFED..CL. ......ID 819,0-1092,338 #7f0a02ed app:id/icon} - Revenge Next Manager, visibility:0, alpha:1.0, badge:0, icon:218x218, iconAlpha:255, iconState:NONE, iconSize:245, forceHideBadge:false, isTransparent:false
10-16 19:22:55.629 31236 31236 I HoneySpace.OpenFolderCellLayout: addItem [0] (2, 2)
10-16 19:22:55.630 31236 31236 I HoneySpace.OpenFolderIconInflater: createBaseIconView Revenge Next APP
10-16 19:22:55.630 31236 31236 I HoneySpace.OpenFolderIconInflater: setAppItem Revenge Next APP
10-16 19:22:55.630 31236 31236 I HoneySpace.OpenFolderCellLayout: addItem [0] (3, 2) width=0, height=0, spanX=1, spanY=1, view=com.honeyspace.ui.common.iconview.IconViewImpl{99e0d42 VFED..CL. ......ID 546,0-819,338 #7f0a02ed app:id/icon} - Revenge Next, visibility:0, alpha:1.0, badge:0, icon:218x218, iconAlpha:255, iconState:NONE, iconSize:245, forceHideBadge:false, isTransparent:false
10-16 19:22:55.630 31236 31236 I HoneySpace.OpenFolderCellLayout: addItem [0] (3, 2)
10-16 19:22:55.631 31236 31236 I HoneySpace.OpenFolderIconInflater: createBaseIconView CloudStream APP
10-16 19:22:55.631 31236 31236 I HoneySpace.OpenFolderIconInflater: setAppItem CloudStream APP
10-16 19:22:55.631 31236 31236 I HoneySpace.OpenFolderCellLayout: addItem [0] (0, 3) width=0, height=0, spanX=1, spanY=1, view=com.honeyspace.ui.common.iconview.IconViewImpl{aeb0134 VFED..CL. ......ID 273,0-546,338 #7f0a02ed app:id/icon} - CloudStream, visibility:0, alpha:1.0, badge:0, icon:218x218, iconAlpha:255, iconState:NONE, iconSize:245, forceHideBadge:false, isTransparent:false
10-16 19:22:55.631 31236 31236 I HoneySpace.OpenFolderCellLayout: addItem [0] (0, 3)
10-16 19:22:55.632 31236 31236 I HoneySpace.OpenFolderIconInflater: createBaseIconView TikTok Plugin APP
10-16 19:22:55.632 31236 31236 I HoneySpace.OpenFolderIconInflater: setAppItem TikTok Plugin APP
10-16 19:22:55.632 31236 31236 I HoneySpace.OpenFolderCellLayout: addItem [0] (1, 3) width=0, height=0, spanX=1, spanY=1, view=com.honeyspace.ui.common.iconview.IconViewImpl{7231d5a VFED..CL. ......ID 0,0-273,338 #7f0a02ed app:id/icon} - TikTok Plugin, visibility:0, alpha:1.0, badge:0, icon:218x218, iconAlpha:255, iconState:NONE, iconSize:245, forceHideBadge:false, isTransparent:false
10-16 19:22:55.632 31236 31236 I HoneySpace.OpenFolderCellLayout: addItem [0] (1, 3)
10-16 19:22:55.632 31236 31236 I HoneySpace.OpenFolderFRView: observePageMoved:  0 0
10-16 19:22:55.632 31236 31236 I HoneySpace.PageIndicatorViewModel: moveToPageImmediately 0
10-16 19:22:55.632 31236 31236 I HoneySpace.OpenFolderFRView: observePageMoved:  0 0
10-16 19:22:55.632 31236 31236 I HoneySpace.AbsFolderViewModel: goToOpenFolderState: com.honeyspace.sdk.AppScreen$OpenPopupFolder@ee57e8c  [id:242] [title:Client Managers] [color:-827083853] [items:14] [container:1]
10-16 19:22:55.632 31236 31236 I HoneySpace.AppscreenPot: changeState currentHoneyState: com.honeyspace.sdk.AppScreen$Normal@a2a0cc3 changedState: com.honeyspace.sdk.AppScreen$OpenPopupFolder@ee57e8c
10-16 19:22:55.633 31236 31236 I HoneySpace.BackgroundManagerImpl: updateProperties[ch=224400119], com.honeyspace.sdk.AppScreen$OpenPopupFolder@ee57e8c, true
10-16 19:22:55.633 31236 31236 I HoneySpace.BackgroundManagerImpl: updateDimColor[ch=224400119]
10-16 19:22:55.633 31236 31236 I HoneySpace.BackgroundManagerImpl: updated the scrimView's end color : com.honeyspace.sdk.AppScreen$OpenPopupFolder@ee57e8c
10-16 19:22:55.633 31236 31236 I HoneySpace.BackgroundManagerImpl: updateLastDimAndBlur[ch=224400119]dim[0.0 -> 0.0] ,wBlur[0.65 -> 0.65
10-16 19:22:55.633 31236 31236 I HoneySpace.BackgroundManagerImpl: updateLastState[224400119]: com.honeyspace.sdk.AppScreen$Normal@a2a0cc3 -> com.honeyspace.sdk.AppScreen$OpenPopupFolder@ee57e8c
10-16 19:22:55.633 31236 31236 I HoneySpace.AppscreenPot: update SystemUI, changedState = com.honeyspace.sdk.AppScreen$OpenPopupFolder@ee57e8c
10-16 19:22:55.633 31236 31236 I HoneySpace.AppscreenPot: doOnStart com.honeyspace.sdk.AppScreen$OpenPopupFolder@ee57e8c
10-16 19:22:55.633 31236 31236 I HoneySpace.AbsFolderPot: doOnStateChangeStart: com.honeyspace.sdk.AppScreen$OpenPopupFolder@ee57e8c  [id:242] [title:Client Managers] [color:-827083853] [items:14] [container:1]
10-16 19:22:55.633 31236 31236 I HoneySpace.OpenPopupFolderContainer: doOnStateChange com.honeyspace.sdk.AppScreen$OpenPopupFolder@ee57e8c false
10-16 19:22:55.633 31236 31236 I HoneySpace.OpenPopupFolderContainer: updateOptionVisibility 0
10-16 19:22:55.633 31236 31236 I HoneySpace.SystemUIControlUtils: updateSystemUI, show: true, type: statusBars navigationBars, forLauncher: true
10-16 19:22:55.633 31236 31236 I HoneySpace.OpenPhonePopupFolderAnimator: removeRealPreviewIcons
10-16 19:22:55.635 31236 31236 I HoneySpace.ShellTransitionManager: getAnimatingTargetView, player-null, target-null
10-16 19:22:55.636 31236 31236 I HoneySpace.OpenPhonePopupFolderAnimator: startProgress state: com.honeyspace.sdk.AppScreen$OpenPopupFolder@ee57e8c  [id:242] [title:Client Managers] [color:-827083853] [items:14] [container:1]
10-16 19:22:55.636 31236 31236 I HoneySpace.FolderIconView: setIconVisible : visible-false, currentForceHideBadge-false
10-16 19:22:55.636 31236 31236 I HoneySpace.FolderIconView: updateInvisibleState false STATE_CHANGING current:0 new:4
10-16 19:22:55.636 31236 31236 I HoneySpace.IconView: setIconVisible : visible-false, currentForceHideBadge-false
10-16 19:22:55.636 31236 31236 I HoneySpace.IconView: updateInvisibleState false STATE_CHANGING current:0 new:4
10-16 19:22:55.636 31236 31236 I HoneySpace.IconView: setIconVisible : visible-false, currentForceHideBadge-false
10-16 19:22:55.636 31236 31236 I HoneySpace.IconView: updateInvisibleState false STATE_CHANGING current:0 new:4
10-16 19:22:55.636 31236 31236 I HoneySpace.IconView: setIconVisible : visible-false, currentForceHideBadge-false
10-16 19:22:55.636 31236 31236 I HoneySpace.IconView: updateInvisibleState false STATE_CHANGING current:0 new:4
10-16 19:22:55.636 31236 31236 I HoneySpace.IconView: setIconVisible : visible-false, currentForceHideBadge-false
10-16 19:22:55.636 31236 31236 I HoneySpace.IconView: updateInvisibleState false STATE_CHANGING current:0 new:4
10-16 19:22:55.636 31236 31236 I HoneySpace.IconView: setIconVisible : visible-false, currentForceHideBadge-false
10-16 19:22:55.636 31236 31236 I HoneySpace.IconView: updateInvisibleState false STATE_CHANGING current:0 new:4
10-16 19:22:55.636 31236 31236 I HoneySpace.IconView: setIconVisible : visible-false, currentForceHideBadge-false
10-16 19:22:55.636 31236 31236 I HoneySpace.IconView: updateInvisibleState false STATE_CHANGING current:0 new:4
10-16 19:22:55.636 31236 31236 I HoneySpace.IconView: setIconVisible : visible-false, currentForceHideBadge-false
10-16 19:22:55.636 31236 31236 I HoneySpace.IconView: updateInvisibleState false STATE_CHANGING current:0 new:4
10-16 19:22:55.636 31236 31236 I HoneySpace.IconView: setIconVisible : visible-false, currentForceHideBadge-false
10-16 19:22:55.636 31236 31236 I HoneySpace.IconView: updateInvisibleState false STATE_CHANGING current:0 new:4
10-16 19:22:55.636 31236 31236 I HoneySpace.IconView: setIconVisible : visible-false, currentForceHideBadge-false
10-16 19:22:55.636 31236 31236 I HoneySpace.IconView: updateInvisibleState false STATE_CHANGING current:0 new:4
10-16 19:22:55.636 31236 31236 I HoneySpace.IconView: setIconVisible : visible-false, currentForceHideBadge-false
10-16 19:22:55.636 31236 31236 I HoneySpace.IconView: updateInvisibleState false STATE_CHANGING current:0 new:4
10-16 19:22:55.636 31236 31236 I HoneySpace.IconView: setIconVisible : visible-false, currentForceHideBadge-false
10-16 19:22:55.636 31236 31236 I HoneySpace.IconView: updateInvisibleState false STATE_CHANGING current:0 new:4
10-16 19:22:55.636 31236 31236 I HoneySpace.IconView: setIconVisible : visible-false, currentForceHideBadge-false
10-16 19:22:55.636 31236 31236 I HoneySpace.IconView: updateInvisibleState false STATE_CHANGING current:0 new:4
10-16 19:22:55.636 31236 31236 I HoneySpace.IconView: setIconVisible : visible-false, currentForceHideBadge-false
10-16 19:22:55.636 31236 31236 I HoneySpace.IconView: updateInvisibleState false STATE_CHANGING current:0 new:4
10-16 19:22:55.636 31236 31236 I HoneySpace.IconView: setIconVisible : visible-false, currentForceHideBadge-false
10-16 19:22:55.636 31236 31236 I HoneySpace.IconView: updateInvisibleState false STATE_CHANGING current:0 new:4
10-16 19:22:55.636 31236 31236 I HoneySpace.AbsFolderPot: set folder shared state  com.honeyspace.sdk.AppScreen$OpenFolder@512f4fd  [id:242] [title:Client Managers] [color:-827083853] [items:14] [container:1]
10-16 19:22:55.636 31236 31236 I HoneySpace.ApplistViewModel: startStateChange com.honeyspace.sdk.AppScreen$OpenPopupFolder@ee57e8c
10-16 19:22:55.637 31236 31236 I HoneySpace.ApplistFastRecyclerView: updateAccessibility, state=com.honeyspace.sdk.AppScreen$OpenPopupFolder@ee57e8c
10-16 19:22:55.637 31236 31236 I HoneySpace.BackgroundManagerImpl: setProgress: com.honeyspace.sdk.AppScreen$OpenPopupFolder@ee57e8c, p=0.0, ch=224400119, open=true
10-16 19:22:55.637 31236 31236 I HoneySpace.BackgroundManagerImpl: setProgressToScrimView[ch=224400119]: progress = 0.0, dim = 0.0, currentDimAlpha={3966047=0.0, 224400119=0.0, 22346474=0.0}
10-16 19:22:55.637 31236 31236 I HoneySpace.WallpaperBlurView: apply(): progress = 0.65, radius = 162, preset = null
10-16 19:22:55.637 31236 31236 I HoneySpace.BackgroundManagerImpl: setProgressToBlurView[ch=224400119, st =  com.honeyspace.sdk.AppScreen$OpenPopupFolder@ee57e8c, progress = 0.0, wb= 0.65]
10-16 19:22:55.637 31236 31236 I HoneySpace.FolderSharedViewModel: set info id: 242 displayType: MAIN container: 1
10-16 19:22:55.638 31236 31236 I HoneySpace.ApplistFastRecyclerView: updateAccessibility, state=com.honeyspace.sdk.AppScreen$OpenPopupFolder@ee57e8c
10-16 19:22:55.638 31236 31236 I HoneySpace.BackgroundManagerImpl: setProgress: com.honeyspace.sdk.AppScreen$OpenPopupFolder@ee57e8c, p=0.0, ch=224400119, open=true
10-16 19:22:55.638 31236 31236 I HoneySpace.BackgroundManagerImpl: setProgressToScrimView[ch=224400119]: progress = 0.0, dim = 0.0, currentDimAlpha={3966047=0.0, 224400119=0.0, 22346474=0.0}
10-16 19:22:55.638 31236 31236 I HoneySpace.WallpaperBlurView: apply(): progress = 0.65, radius = 162, preset = null
10-16 19:22:55.638 31236 31236 I HoneySpace.BackgroundManagerImpl: setProgressToBlurView[ch=224400119, st =  com.honeyspace.sdk.AppScreen$OpenPopupFolder@ee57e8c, progress = 0.0, wb= 0.65]
10-16 19:22:55.644 31236 31236 I HoneySpace.OpenFolderFRView: updateCurrentPageOnLayout page=0
10-16 19:22:55.644 31236 31236 I HoneySpace.OpenFolderFRView: setCurrentPage() currentPage: 0, getNextPage: 0
10-16 19:22:55.644 31236 31236 I HoneySpace.PageIndicatorViewModel: updateTargetPage 0
10-16 19:22:55.657 31236 31236 I HoneySpace.ApplistFastRecyclerView: updateAccessibility, state=com.honeyspace.sdk.AppScreen$OpenPopupFolder@ee57e8c
10-16 19:22:55.657 31236 31236 I HoneySpace.WallpaperBlurView: apply(): progress = 0.65, radius = 162, preset = null
10-16 19:22:55.667 2167  29032 W qdgralloc: getInterlacedFlag: getMetaData returned 3, defaulting to interlaced_flag = 0
10-16 19:22:55.668 2167  29032 W qdgralloc: getInterlacedFlag: getMetaData returned 3, defaulting to interlaced_flag = 0
10-16 19:22:55.671 2163  2163  E ANDR-PERF-MPCTL: ANDR-PERF-MPCTL: internal_perf_lock_acq_verification() 385: Perflock Submit request limit reached.
10-16 19:22:55.671 2534  4683  I InputDispatcher: Delivering touch to (31236): action: 0x9, f=0x0, d=0, 'a704410', t=3
10-16 19:22:55.672 31236 31236 I HoneySpace.ApplistFastRecyclerView: updateAccessibility, state=com.honeyspace.sdk.AppScreen$OpenPopupFolder@ee57e8c
10-16 19:22:55.672 31236 31236 I HoneySpace.WallpaperBlurView: apply(): progress = 0.65, radius = 162, preset = null
10-16 19:22:55.672 2534  4697  D SemInputTaasTestCaseB: [sec_input] CASEB : tool type change pre(1) : cur(3) : Virtual TOOL_TYPE_MOUSE com.sec.android.app.launcher.Launcher
10-16 19:22:55.672 2534  4697  D SemInputDeviceHqmData: increaseCount mCaseACount:50 mCaseBCount:50 tempStr:50 50 2025/1016/19:22:55 B com.sec.android.app.launcher.Launcher com.sec.android.app.launcher && Virtual
10-16 19:22:55.673 2534  4696  D SemInputDevice:TAAS: WriteTask: [10-16 19:22:55.672]
10-16 19:22:55.673 2172  2172  I sysinput:Taas: bypassCommand:44, start
10-16 19:22:55.673 2534  4696  D SysinputHAL_V1_3(V1_2): writeTaas: ret=0
10-16 19:22:55.674 28973 29010 D PipelineWatcher: onInputBufferReleased: frameIndex not found (312823); ignored
10-16 19:22:55.675 31236 31236 I VRI[LauncherActivity]@9d98bcf: updatePointerIcon : PointerIcon{type=NOT_SPECIFIED, hotspotX=0.0, hotspotY=0.0}
10-16 19:22:55.675 2534  8579  W PointerChoreographer: Invalid device id -1. Cannot set pointer icon.
10-16 19:22:55.676 31236 31236 I HoneySpace.ApplistFastRecyclerView: updateAccessibility, state=com.honeyspace.sdk.AppScreen$OpenPopupFolder@ee57e8c
10-16 19:22:55.676 31236 31236 I HoneySpace.WallpaperBlurView: apply(): progress = 0.6499999, radius = 162, preset = null
10-16 19:22:55.683 2167  29032 W qdgralloc: getInterlacedFlag: getMetaData returned 3, defaulting to interlaced_flag = 0
10-16 19:22:55.683 2216  2692  V APM_AudioPolicyManager: stopOutput portId 4801
10-16 19:22:55.683 2216  2692  V APM_AudioPolicyManager: stopOutput() output 493, stream 1, session 154833
10-16 19:22:55.683 2216  2692  V APM_AudioPolicyManager: setBeaconMute(1) mBeaconMuteRefCount=0 mBeaconPlayingRefCount=0
10-16 19:22:55.683 2216  2692  V APM_AudioPolicyManager: getNewOutputDevices selected devices AUDIO_DEVICE_NONE
10-16 19:22:55.683 2216  2692  V APM_AudioPolicyManager: setOutputDevices caller stopSource[[portId:4785][io:493, r_submix output]] device AUDIO_DEVICE_NONE delayMs 170
10-16 19:22:55.684 2216  2692  V APM_AudioPolicyManager: setOutputDevices caller stopSource[[portId:4785][io:493, r_submix output]] setting same device AUDIO_DEVICE_NONE or null device, force=0, patch handle=4787
10-16 19:22:55.684 2216  2692  V APM_AudioPolicyManager: selectOutputForMusicEffects selected output 493
10-16 19:22:55.684 2167  29032 W qdgralloc: getInterlacedFlag: getMetaData returned 3, defaulting to interlaced_flag = 0
10-16 19:22:55.686 31236 31236 I HoneySpace.ApplistFastRecyclerView: updateAccessibility, state=com.honeyspace.sdk.AppScreen$OpenPopupFolder@ee57e8c
10-16 19:22:55.686 31236 31236 I HoneySpace.WallpaperBlurView: apply(): progress = 0.65, radius = 162, preset = null
10-16 19:22:55.692 28973 29010 D PipelineWatcher: onInputBufferReleased: frameIndex not found (312824); ignored
10-16 19:22:55.693 31236 31236 I HoneySpace.ApplistFastRecyclerView: updateAccessibility, state=com.honeyspace.sdk.AppScreen$OpenPopupFolder@ee57e8c
10-16 19:22:55.693 31236 31236 I HoneySpace.WallpaperBlurView: apply(): progress = 0.6499999, radius = 162, preset = null
10-16 19:22:55.701 31236 31236 I HoneySpace.ApplistFastRecyclerView: updateAccessibility, state=com.honeyspace.sdk.AppScreen$OpenPopupFolder@ee57e8c
10-16 19:22:55.701 31236 31236 I HoneySpace.WallpaperBlurView: apply(): progress = 0.65, radius = 162, preset = null
10-16 19:22:55.701 2167  29032 W qdgralloc: getInterlacedFlag: getMetaData returned 3, defaulting to interlaced_flag = 0
10-16 19:22:55.702 2167  29032 W qdgralloc: getInterlacedFlag: getMetaData returned 3, defaulting to interlaced_flag = 0
10-16 19:22:55.710 2167  29032 W qdgralloc: getInterlacedFlag: getMetaData returned 3, defaulting to interlaced_flag = 0
10-16 19:22:55.710 28973 29010 D PipelineWatcher: onInputBufferReleased: frameIndex not found (312825); ignored
10-16 19:22:55.711 2167  29032 W qdgralloc: getInterlacedFlag: getMetaData returned 3, defaulting to interlaced_flag = 0
10-16 19:22:55.714 31236 31236 I HoneySpace.ApplistFastRecyclerView: updateAccessibility, state=com.honeyspace.sdk.AppScreen$OpenPopupFolder@ee57e8c
10-16 19:22:55.714 31236 31236 I HoneySpace.WallpaperBlurView: apply(): progress = 0.65000004, radius = 162, preset = null
10-16 19:22:55.717 28973 29010 D PipelineWatcher: onInputBufferReleased: frameIndex not found (312826); ignored
10-16 19:22:55.718 31236 31236 I HoneySpace.ApplistFastRecyclerView: updateAccessibility, state=com.honeyspace.sdk.AppScreen$OpenPopupFolder@ee57e8c
10-16 19:22:55.719 31236 31236 I HoneySpace.WallpaperBlurView: apply(): progress = 0.65, radius = 162, preset = null
10-16 19:22:55.720 2167  29032 W qdgralloc: getInterlacedFlag: getMetaData returned 3, defaulting to interlaced_flag = 0
10-16 19:22:55.721 2167  29032 W qdgralloc: getInterlacedFlag: getMetaData returned 3, defaulting to interlaced_flag = 0
10-16 19:22:55.726 28973 29010 D PipelineWatcher: onInputBufferReleased: frameIndex not found (312827); ignored
10-16 19:22:55.726 31236 31236 I HoneySpace.ApplistFastRecyclerView: updateAccessibility, state=com.honeyspace.sdk.AppScreen$OpenPopupFolder@ee57e8c
10-16 19:22:55.726 31236 31236 I HoneySpace.WallpaperBlurView: apply(): progress = 0.65000004, radius = 162, preset = null
10-16 19:22:55.727 2167  29032 W qdgralloc: getInterlacedFlag: getMetaData returned 3, defaulting to interlaced_flag = 0
10-16 19:22:55.728 2167  29032 W qdgralloc: getInterlacedFlag: getMetaData returned 3, defaulting to interlaced_flag = 0
10-16 19:22:55.732 28973 29010 D PipelineWatcher: onInputBufferReleased: frameIndex not found (312828); ignored
10-16 19:22:55.734 31236 31236 I HoneySpace.ApplistFastRecyclerView: updateAccessibility, state=com.honeyspace.sdk.AppScreen$OpenPopupFolder@ee57e8c
10-16 19:22:55.734 31236 31236 I HoneySpace.WallpaperBlurView: apply(): progress = 0.65, radius = 162, preset = null
10-16 19:22:55.735 2167  29032 W qdgralloc: getInterlacedFlag: getMetaData returned 3, defaulting to interlaced_flag = 0
10-16 19:22:55.736 2167  29032 W qdgralloc: getInterlacedFlag: getMetaData returned 3, defaulting to interlaced_flag = 0
10-16 19:22:55.739 2167  29032 W qdgralloc: getInterlacedFlag: getMetaData returned 3, defaulting to interlaced_flag = 0
10-16 19:22:55.739 2167  29032 W qdgralloc: getInterlacedFlag: getMetaData returned 3, defaulting to interlaced_flag = 0
10-16 19:22:55.742 28973 29010 D PipelineWatcher: onInputBufferReleased: frameIndex not found (312829); ignored
10-16 19:22:55.743 31236 31236 I HoneySpace.ApplistFastRecyclerView: updateAccessibility, state=com.honeyspace.sdk.AppScreen$OpenPopupFolder@ee57e8c
10-16 19:22:55.743 31236 31236 I HoneySpace.WallpaperBlurView: apply(): progress = 0.65, radius = 162, preset = null
10-16 19:22:55.743 28973 29010 D PipelineWatcher: onInputBufferReleased: frameIndex not found (312830); ignored
10-16 19:22:55.749 2167  29032 W qdgralloc: getInterlacedFlag: getMetaData returned 3, defaulting to interlaced_flag = 0
10-16 19:22:55.749 2167  29032 W qdgralloc: getInterlacedFlag: getMetaData returned 3, defaulting to interlaced_flag = 0
10-16 19:22:55.751 31236 31236 I HoneySpace.ApplistFastRecyclerView: updateAccessibility, state=com.honeyspace.sdk.AppScreen$OpenPopupFolder@ee57e8c
10-16 19:22:55.751 31236 31236 I HoneySpace.WallpaperBlurView: apply(): progress = 0.65, radius = 162, preset = null
10-16 19:22:55.753 2167  29032 W qdgralloc: getInterlacedFlag: getMetaData returned 3, defaulting to interlaced_flag = 0
10-16 19:22:55.753 2167  29032 W qdgralloc: getInterlacedFlag: getMetaData returned 3, defaulting to interlaced_flag = 0
10-16 19:22:55.754 28973 29010 D PipelineWatcher: onInputBufferReleased: frameIndex not found (312831); ignored
10-16 19:22:55.757 28973 29010 D PipelineWatcher: onInputBufferReleased: frameIndex not found (312832); ignored
10-16 19:22:55.759 31236 31236 I HoneySpace.ApplistFastRecyclerView: updateAccessibility, state=com.honeyspace.sdk.AppScreen$OpenPopupFolder@ee57e8c
10-16 19:22:55.760 31236 31236 I HoneySpace.WallpaperBlurView: apply(): progress = 0.65, radius = 162, preset = null
10-16 19:22:55.764 2167  29032 W qdgralloc: getInterlacedFlag: getMetaData returned 3, defaulting to interlaced_flag = 0
10-16 19:22:55.765 2167  29032 W qdgralloc: getInterlacedFlag: getMetaData returned 3, defaulting to interlaced_flag = 0
10-16 19:22:55.767 2167  29032 W qdgralloc: getInterlacedFlag: getMetaData returned 3, defaulting to interlaced_flag = 0
10-16 19:22:55.768 28973 29010 D PipelineWatcher: onInputBufferReleased: frameIndex not found (312833); ignored
10-16 19:22:55.768 2167  29032 W qdgralloc: getInterlacedFlag: getMetaData returned 3, defaulting to interlaced_flag = 0
10-16 19:22:55.770 31236 31236 I HoneySpace.ApplistFastRecyclerView: updateAccessibility, state=com.honeyspace.sdk.AppScreen$OpenPopupFolder@ee57e8c
10-16 19:22:55.770 31236 31236 I HoneySpace.WallpaperBlurView: apply(): progress = 0.65, radius = 162, preset = null
10-16 19:22:55.773 28973 29010 D PipelineWatcher: onInputBufferReleased: frameIndex not found (312834); ignored
10-16 19:22:55.776 31236 31236 I HoneySpace.ApplistFastRecyclerView: updateAccessibility, state=com.honeyspace.sdk.AppScreen$OpenPopupFolder@ee57e8c
10-16 19:22:55.776 31236 31236 I HoneySpace.WallpaperBlurView: apply(): progress = 0.65, radius = 162, preset = null
10-16 19:22:55.781 2167  29032 W qdgralloc: getInterlacedFlag: getMetaData returned 3, defaulting to interlaced_flag = 0
10-16 19:22:55.782 2167  29032 W qdgralloc: getInterlacedFlag: getMetaData returned 3, defaulting to interlaced_flag = 0
10-16 19:22:55.785 2167  29032 W qdgralloc: getInterlacedFlag: getMetaData returned 3, defaulting to interlaced_flag = 0
10-16 19:22:55.785 28973 29010 D PipelineWatcher: onInputBufferReleased: frameIndex not found (312835); ignored
10-16 19:22:55.785 31236 31236 I HoneySpace.ApplistFastRecyclerView: updateAccessibility, state=com.honeyspace.sdk.AppScreen$OpenPopupFolder@ee57e8c
10-16 19:22:55.786 31236 31236 I HoneySpace.WallpaperBlurView: apply(): progress = 0.65, radius = 162, preset = null
10-16 19:22:55.786 2167  29032 W qdgralloc: getInterlacedFlag: getMetaData returned 3, defaulting to interlaced_flag = 0
10-16 19:22:55.791 28973 29010 D PipelineWatcher: onInputBufferReleased: frameIndex not found (312836); ignored
10-16 19:22:55.791 2167  29032 W qdgralloc: getInterlacedFlag: getMetaData returned 3, defaulting to interlaced_flag = 0
10-16 19:22:55.792 2167  29032 W qdgralloc: getInterlacedFlag: getMetaData returned 3, defaulting to interlaced_flag = 0
10-16 19:22:55.793 31236 31236 I HoneySpace.ApplistFastRecyclerView: updateAccessibility, state=com.honeyspace.sdk.AppScreen$OpenPopupFolder@ee57e8c
10-16 19:22:55.793 31236 31236 I HoneySpace.WallpaperBlurView: apply(): progress = 0.65, radius = 162, preset = null
10-16 19:22:55.795 28973 29010 D PipelineWatcher: onInputBufferReleased: frameIndex not found (312837); ignored
10-16 19:22:55.800 31236 31236 I HoneySpace.ApplistFastRecyclerView: updateAccessibility, state=com.honeyspace.sdk.AppScreen$OpenPopupFolder@ee57e8c
10-16 19:22:55.801 31236 31236 I HoneySpace.WallpaperBlurView: apply(): progress = 0.65, radius = 162, preset = null
10-16 19:22:55.808 2167  29032 W qdgralloc: getInterlacedFlag: getMetaData returned 3, defaulting to interlaced_flag = 0
10-16 19:22:55.809 2167  29032 W qdgralloc: getInterlacedFlag: getMetaData returned 3, defaulting to interlaced_flag = 0
10-16 19:22:55.810 31236 31236 I HoneySpace.ApplistFastRecyclerView: updateAccessibility, state=com.honeyspace.sdk.AppScreen$OpenPopupFolder@ee57e8c
10-16 19:22:55.810 31236 31236 I HoneySpace.WallpaperBlurView: apply(): progress = 0.65, radius = 162, preset = null
10-16 19:22:55.813 2167  29032 W qdgralloc: getInterlacedFlag: getMetaData returned 3, defaulting to interlaced_flag = 0
10-16 19:22:55.813 2167  29032 W qdgralloc: getInterlacedFlag: getMetaData returned 3, defaulting to interlaced_flag = 0
10-16 19:22:55.814 28973 29010 D PipelineWatcher: onInputBufferReleased: frameIndex not found (312838); ignored
10-16 19:22:55.816 28973 29010 D PipelineWatcher: onInputBufferReleased: frameIndex not found (312839); ignored
10-16 19:22:55.817 31236 31236 I HoneySpace.ApplistFastRecyclerView: updateAccessibility, state=com.honeyspace.sdk.AppScreen$OpenPopupFolder@ee57e8c
10-16 19:22:55.818 31236 31236 I HoneySpace.WallpaperBlurView: apply(): progress = 0.65, radius = 162, preset = null
10-16 19:22:55.824 2167  29032 W qdgralloc: getInterlacedFlag: getMetaData returned 3, defaulting to interlaced_flag = 0
10-16 19:22:55.824 2167  29032 W qdgralloc: getInterlacedFlag: getMetaData returned 3, defaulting to interlaced_flag = 0
10-16 19:22:55.826 31236 31236 I HoneySpace.ApplistFastRecyclerView: updateAccessibility, state=com.honeyspace.sdk.AppScreen$OpenPopupFolder@ee57e8c
10-16 19:22:55.826 31236 31236 I HoneySpace.WallpaperBlurView: apply(): progress = 0.65, radius = 162, preset = null
10-16 19:22:55.830 28973 29010 D PipelineWatcher: onInputBufferReleased: frameIndex not found (312840); ignored
10-16 19:22:55.830 2167  29032 W qdgralloc: getInterlacedFlag: getMetaData returned 3, defaulting to interlaced_flag = 0
10-16 19:22:55.830 2167  29032 W qdgralloc: getInterlacedFlag: getMetaData returned 3, defaulting to interlaced_flag = 0
10-16 19:22:55.834 28973 29010 D PipelineWatcher: onInputBufferReleased: frameIndex not found (312841); ignored
10-16 19:22:55.834 31236 31236 I HoneySpace.ApplistFastRecyclerView: updateAccessibility, state=com.honeyspace.sdk.AppScreen$OpenPopupFolder@ee57e8c
10-16 19:22:55.834 31236 31236 I HoneySpace.WallpaperBlurView: apply(): progress = 0.65, radius = 162, preset = null
10-16 19:22:55.834 2534  3136  I GestureDetector: handleMessage TAP
10-16 19:22:55.837 2534  2534  I GestureDetector: handleMessage TAP
10-16 19:22:55.841 2167  29032 W qdgralloc: getInterlacedFlag: getMetaData returned 3, defaulting to interlaced_flag = 0
10-16 19:22:55.842 2167  29032 W qdgralloc: getInterlacedFlag: getMetaData returned 3, defaulting to interlaced_flag = 0
10-16 19:22:55.843 31236 31236 I HoneySpace.ApplistFastRecyclerView: updateAccessibility, state=com.honeyspace.sdk.AppScreen$OpenPopupFolder@ee57e8c
10-16 19:22:55.843 31236 31236 I HoneySpace.WallpaperBlurView: apply(): progress = 0.65, radius = 162, preset = null
10-16 19:22:55.846 28973 29010 D PipelineWatcher: onInputBufferReleased: frameIndex not found (312842); ignored
10-16 19:22:55.846 2167  29032 W qdgralloc: getInterlacedFlag: getMetaData returned 3, defaulting to interlaced_flag = 0
10-16 19:22:55.847 2167  29032 W qdgralloc: getInterlacedFlag: getMetaData returned 3, defaulting to interlaced_flag = 0
10-16 19:22:55.850 28973 29010 D PipelineWatcher: onInputBufferReleased: frameIndex not found (312843); ignored
10-16 19:22:55.851 31236 31236 I HoneySpace.ApplistFastRecyclerView: updateAccessibility, state=com.honeyspace.sdk.AppScreen$OpenPopupFolder@ee57e8c
10-16 19:22:55.851 31236 31236 I HoneySpace.WallpaperBlurView: apply(): progress = 0.65, radius = 162, preset = null
10-16 19:22:55.856 2167  29032 W qdgralloc: getInterlacedFlag: getMetaData returned 3, defaulting to interlaced_flag = 0
10-16 19:22:55.857 2167  29032 W qdgralloc: getInterlacedFlag: getMetaData returned 3, defaulting to interlaced_flag = 0
10-16 19:22:55.859 31236 31236 I HoneySpace.ApplistFastRecyclerView: updateAccessibility, state=com.honeyspace.sdk.AppScreen$OpenPopupFolder@ee57e8c
10-16 19:22:55.859 31236 31236 I HoneySpace.WallpaperBlurView: apply(): progress = 0.65, radius = 162, preset = null
10-16 19:22:55.860 2167  29032 W qdgralloc: getInterlacedFlag: getMetaData returned 3, defaulting to interlaced_flag = 0
10-16 19:22:55.860 28973 29010 D PipelineWatcher: onInputBufferReleased: frameIndex not found (312844); ignored
10-16 19:22:55.860 2167  29032 W qdgralloc: getInterlacedFlag: getMetaData returned 3, defaulting to interlaced_flag = 0
10-16 19:22:55.865 28973 29010 D PipelineWatcher: onInputBufferReleased: frameIndex not found (312845); ignored
10-16 19:22:55.868 31236 31236 I HoneySpace.ApplistFastRecyclerView: updateAccessibility, state=com.honeyspace.sdk.AppScreen$OpenPopupFolder@ee57e8c
10-16 19:22:55.868 31236 31236 I HoneySpace.WallpaperBlurView: apply(): progress = 0.65, radius = 162, preset = null
10-16 19:22:55.876 31236 31236 I HoneySpace.ApplistFastRecyclerView: updateAccessibility, state=com.honeyspace.sdk.AppScreen$OpenPopupFolder@ee57e8c
10-16 19:22:55.877 31236 31236 I HoneySpace.WallpaperBlurView: apply(): progress = 0.65, radius = 162, preset = null
10-16 19:22:55.884 31236 31236 I HoneySpace.ApplistFastRecyclerView: updateAccessibility, state=com.honeyspace.sdk.AppScreen$OpenPopupFolder@ee57e8c
10-16 19:22:55.884 31236 31236 I HoneySpace.WallpaperBlurView: apply(): progress = 0.65, radius = 162, preset = null
10-16 19:22:55.891 31236 31236 I HoneySpace.ApplistFastRecyclerView: updateAccessibility, state=com.honeyspace.sdk.AppScreen$OpenPopupFolder@ee57e8c
10-16 19:22:55.892 31236 31236 I HoneySpace.WallpaperBlurView: apply(): progress = 0.65, radius = 162, preset = null
10-16 19:22:55.900 2167  29032 W qdgralloc: getInterlacedFlag: getMetaData returned 3, defaulting to interlaced_flag = 0
10-16 19:22:55.900 2167  29032 W qdgralloc: getInterlacedFlag: getMetaData returned 3, defaulting to interlaced_flag = 0
10-16 19:22:55.901 31236 31236 I HoneySpace.ApplistFastRecyclerView: updateAccessibility, state=com.honeyspace.sdk.AppScreen$OpenPopupFolder@ee57e8c
10-16 19:22:55.901 31236 31236 I HoneySpace.WallpaperBlurView: apply(): progress = 0.65, radius = 162, preset = null
10-16 19:22:55.904 2167  29032 W qdgralloc: getInterlacedFlag: getMetaData returned 3, defaulting to interlaced_flag = 0
10-16 19:22:55.905 2167  29032 W qdgralloc: getInterlacedFlag: getMetaData returned 3, defaulting to interlaced_flag = 0
10-16 19:22:55.905 28973 29010 D PipelineWatcher: onInputBufferReleased: frameIndex not found (312846); ignored
10-16 19:22:55.909 31236 31236 I HoneySpace.ApplistFastRecyclerView: updateAccessibility, state=com.honeyspace.sdk.AppScreen$OpenPopupFolder@ee57e8c
10-16 19:22:55.909 31236 31236 I HoneySpace.WallpaperBlurView: apply(): progress = 0.65, radius = 162, preset = null
10-16 19:22:55.909 28973 29010 D PipelineWatcher: onInputBufferReleased: frameIndex not found (312847); ignored
10-16 19:22:55.912 2167  29032 W qdgralloc: getInterlacedFlag: getMetaData returned 3, defaulting to interlaced_flag = 0
10-16 19:22:55.912 2167  29032 W qdgralloc: getInterlacedFlag: getMetaData returned 3, defaulting to interlaced_flag = 0
10-16 19:22:55.917 28973 29010 D PipelineWatcher: onInputBufferReleased: frameIndex not found (312848); ignored
10-16 19:22:55.917 31236 31236 I HoneySpace.ApplistFastRecyclerView: updateAccessibility, state=com.honeyspace.sdk.AppScreen$OpenPopupFolder@ee57e8c
10-16 19:22:55.917 31236 31236 I HoneySpace.WallpaperBlurView: apply(): progress = 0.65, radius = 162, preset = null
10-16 19:22:55.926 31236 31236 I HoneySpace.ApplistFastRecyclerView: updateAccessibility, state=com.honeyspace.sdk.AppScreen$OpenPopupFolder@ee57e8c
10-16 19:22:55.926 31236 31236 I HoneySpace.WallpaperBlurView: apply(): progress = 0.65, radius = 162, preset = null
10-16 19:22:55.933 31236 31236 I HoneySpace.ApplistFastRecyclerView: updateAccessibility, state=com.honeyspace.sdk.AppScreen$OpenPopupFolder@ee57e8c
10-16 19:22:55.933 31236 31236 I HoneySpace.WallpaperBlurView: apply(): progress = 0.65, radius = 162, preset = null
10-16 19:22:55.944 31236 31236 I HoneySpace.ApplistFastRecyclerView: updateAccessibility, state=com.honeyspace.sdk.AppScreen$OpenPopupFolder@ee57e8c
10-16 19:22:55.944 31236 31236 I HoneySpace.WallpaperBlurView: apply(): progress = 0.65, radius = 162, preset = null
10-16 19:22:55.951 31236 31236 I HoneySpace.ApplistFastRecyclerView: updateAccessibility, state=com.honeyspace.sdk.AppScreen$OpenPopupFolder@ee57e8c
10-16 19:22:55.951 31236 31236 I HoneySpace.WallpaperBlurView: apply(): progress = 0.65, radius = 162, preset = null
10-16 19:22:55.956 2167  29032 W qdgralloc: getInterlacedFlag: getMetaData returned 3, defaulting to interlaced_flag = 0
10-16 19:22:55.957 2167  29032 W qdgralloc: getInterlacedFlag: getMetaData returned 3, defaulting to interlaced_flag = 0
10-16 19:22:55.960 31236 31236 I HoneySpace.ApplistFastRecyclerView: updateAccessibility, state=com.honeyspace.sdk.AppScreen$OpenPopupFolder@ee57e8c
10-16 19:22:55.960 31236 31236 I HoneySpace.WallpaperBlurView: apply(): progress = 0.65, radius = 162, preset = null
10-16 19:22:55.963 2167  29032 W qdgralloc: getInterlacedFlag: getMetaData returned 3, defaulting to interlaced_flag = 0
10-16 19:22:55.963 28973 29010 D PipelineWatcher: onInputBufferReleased: frameIndex not found (312849); ignored
10-16 19:22:55.963 2167  29032 W qdgralloc: getInterlacedFlag: getMetaData returned 3, defaulting to interlaced_flag = 0
10-16 19:22:55.966 31236 31236 I HoneySpace.ApplistFastRecyclerView: updateAccessibility, state=com.honeyspace.sdk.AppScreen$OpenPopupFolder@ee57e8c
10-16 19:22:55.967 31236 31236 I HoneySpace.WallpaperBlurView: apply(): progress = 0.65, radius = 162, preset = null
10-16 19:22:55.967 2167  29032 W qdgralloc: getInterlacedFlag: getMetaData returned 3, defaulting to interlaced_flag = 0
10-16 19:22:55.968 2167  29032 W qdgralloc: getInterlacedFlag: getMetaData returned 3, defaulting to interlaced_flag = 0
10-16 19:22:55.968 28973 29010 D PipelineWatcher: onInputBufferReleased: frameIndex not found (312850); ignored
10-16 19:22:55.973 28973 29010 D PipelineWatcher: onInputBufferReleased: frameIndex not found (312851); ignored
10-16 19:22:55.975 31236 31236 I HoneySpace.ApplistFastRecyclerView: updateAccessibility, state=com.honeyspace.sdk.AppScreen$OpenPopupFolder@ee57e8c
10-16 19:22:55.975 31236 31236 I HoneySpace.WallpaperBlurView: apply(): progress = 0.65, radius = 162, preset = null
10-16 19:22:55.984 31236 31236 I HoneySpace.ApplistFastRecyclerView: updateAccessibility, state=com.honeyspace.sdk.AppScreen$OpenPopupFolder@ee57e8c
10-16 19:22:55.984 31236 31236 I HoneySpace.BackgroundManagerImpl: setProgress: com.honeyspace.sdk.AppScreen$OpenPopupFolder@ee57e8c, p=1.0, ch=224400119, open=true
10-16 19:22:55.984 31236 31236 I HoneySpace.BackgroundManagerImpl: setProgressToScrimView[ch=224400119]: progress = 1.0, dim = 0.0, currentDimAlpha={3966047=0.0, 224400119=0.0, 22346474=0.0}
10-16 19:22:55.984 31236 31236 I HoneySpace.WallpaperBlurView: apply(): progress = 0.65, radius = 162, preset = null
10-16 19:22:55.984 31236 31236 I HoneySpace.BackgroundManagerImpl: setProgressToBlurView[ch=224400119, st =  com.honeyspace.sdk.AppScreen$OpenPopupFolder@ee57e8c, progress = 1.0, wb= 0.65]
10-16 19:22:55.984 31236 31236 I HoneySpace.AppscreenPot: doOnEnd com.honeyspace.sdk.AppScreen$OpenPopupFolder@ee57e8c
10-16 19:22:55.984 31236 31236 I HoneySpace.AbsFolderPot: doOnStateChangeEnd: com.honeyspace.sdk.AppScreen$OpenPopupFolder@ee57e8c  [id:242] [title:Client Managers] [color:-827083853] [items:14] [container:1]
10-16 19:22:55.984 31236 31236 I HoneySpace.OpenPhonePopupFolderAnimator: endStateProgress state: com.honeyspace.sdk.AppScreen$OpenPopupFolder@ee57e8c  [id:242] [title:Client Managers] [color:-827083853] [items:14] [container:1]
10-16 19:22:55.984 31236 31236 I HoneySpace.IconView: setIconVisible : visible-true, currentForceHideBadge-true
10-16 19:22:55.985 31236 31236 I HoneySpace.IconView: updateInvisibleState true STATE_CHANGING current:4 new:0
10-16 19:22:55.985 31236 31236 I HoneySpace.IconView: setIconVisible : visible-true, currentForceHideBadge-true
10-16 19:22:55.985 31236 31236 I HoneySpace.IconView: updateInvisibleState true STATE_CHANGING current:4 new:0
10-16 19:22:55.985 31236 31236 I HoneySpace.IconView: setIconVisible : visible-true, currentForceHideBadge-true
10-16 19:22:55.985 31236 31236 I HoneySpace.IconView: updateInvisibleState true STATE_CHANGING current:4 new:0
10-16 19:22:55.985 31236 31236 I HoneySpace.IconView: setIconVisible : visible-true, currentForceHideBadge-true
10-16 19:22:55.985 31236 31236 I HoneySpace.IconView: updateInvisibleState true STATE_CHANGING current:4 new:0
10-16 19:22:55.985 31236 31236 I HoneySpace.IconView: setIconVisible : visible-true, currentForceHideBadge-true
10-16 19:22:55.985 31236 31236 I HoneySpace.IconView: updateInvisibleState true STATE_CHANGING current:4 new:0
10-16 19:22:55.985 31236 31236 I HoneySpace.IconView: setIconVisible : visible-true, currentForceHideBadge-true
10-16 19:22:55.985 31236 31236 I HoneySpace.IconView: updateInvisibleState true STATE_CHANGING current:4 new:0
10-16 19:22:55.985 31236 31236 I HoneySpace.IconView: setIconVisible : visible-true, currentForceHideBadge-true
10-16 19:22:55.985 31236 31236 I HoneySpace.IconView: updateInvisibleState true STATE_CHANGING current:4 new:0
10-16 19:22:55.985 31236 31236 I HoneySpace.IconView: setIconVisible : visible-true, currentForceHideBadge-true
10-16 19:22:55.985 31236 31236 I HoneySpace.IconView: updateInvisibleState true STATE_CHANGING current:4 new:0
10-16 19:22:55.985 31236 31236 I HoneySpace.IconView: setIconVisible : visible-true, currentForceHideBadge-true
10-16 19:22:55.985 31236 31236 I HoneySpace.IconView: updateInvisibleState true STATE_CHANGING current:4 new:0
10-16 19:22:55.985 31236 31236 I HoneySpace.IconView: setIconVisible : visible-true, currentForceHideBadge-true
10-16 19:22:55.985 31236 31236 I HoneySpace.IconView: updateInvisibleState true STATE_CHANGING current:4 new:0
10-16 19:22:55.985 31236 31236 I HoneySpace.IconView: setIconVisible : visible-true, currentForceHideBadge-true
10-16 19:22:55.985 31236 31236 I HoneySpace.IconView: updateInvisibleState true STATE_CHANGING current:4 new:0
10-16 19:22:55.985 31236 31236 I HoneySpace.IconView: setIconVisible : visible-true, currentForceHideBadge-true
10-16 19:22:55.985 31236 31236 I HoneySpace.IconView: updateInvisibleState true STATE_CHANGING current:4 new:0
10-16 19:22:55.985 31236 31236 I HoneySpace.IconView: setIconVisible : visible-true, currentForceHideBadge-true
10-16 19:22:55.985 31236 31236 I HoneySpace.IconView: updateInvisibleState true STATE_CHANGING current:4 new:0
10-16 19:22:55.985 31236 31236 I HoneySpace.IconView: setIconVisible : visible-true, currentForceHideBadge-true
10-16 19:22:55.985 31236 31236 I HoneySpace.IconView: updateInvisibleState true STATE_CHANGING current:4 new:0
10-16 19:22:55.985 31236 31236 I HoneySpace.OpenPhonePopupFolderAnimator: removeRealPreviewIcons
10-16 19:22:55.990 31236 31236 I HoneySpace.PageIndicatorMarker: onFinishInflate set marker
10-16 19:22:55.990 31236 31236 I HoneySpace.PageIndicatorMarker: setMarkerDrawables isDefaultTheme = true
10-16 19:22:55.991 31236 31236 I HoneySpace.PageIndicatorMarker: onFinishInflate set marker
10-16 19:22:55.991 31236 31236 I HoneySpace.PageIndicatorMarker: setMarkerDrawables isDefaultTheme = true
10-16 19:22:55.992 31236 31236 I HoneySpace.HoneySpaceManagerContainer: getWindowBounds, key = (com.sec.android.app.launcher.Launcher, 0)
10-16 19:22:55.992 31236 31236 I HoneySpace.PageIndicatorView: init markerIconSize: 67, windowBounds: WindowBounds width=1440 height=3088, bounds=Rect(0, 0 - 1440, 3088), insets=Insets{left=0, top=100, right=0, bottom=146}, systemInsets=Insets{left=0, top=100, right=0, bottom=146}, cutout=Rect(0, 100 - 0, 0), gestureActionInsets=Insets{left=0, top=145, right=0, bottom=146}, insetsIgnoreCutout=Insets{left=0, top=100, right=0, bottom=146}, baseScreenSize=Point(1440, 2942)screenSizeIncludeCutout: Point(1440, 2942)
