12-21 01:40:46.163 18795 18795 I SurfaceControl: nativeRelease nativeObject s[513222124832]
12-21 01:40:46.163 18795 18795 I SurfaceControl: nativeRelease nativeObject e[513222124832]
12-21 01:40:46.178 18795 18795 D InputTransport: Input channel destroyed: '96ba496', fd=88
12-21 01:40:46.204 18795 18795 I ViewRootImpl@344caf9[MainActivity]: MSG_WINDOW_FOCUS_CHANGED 1 1
12-21 01:40:46.204 18795 18795 D InputMethodManager: prepareNavigationBarInfo() DecorView@b378342[MainActivity]
12-21 01:40:46.204 18795 18795 D InputMethodManager: getNavigationBarColor() 0
12-21 01:40:46.205 18795 18795 D InputMethodManager: prepareNavigationBarInfo() DecorView@b378342[MainActivity]
12-21 01:40:46.205 18795 18795 D InputMethodManager: getNavigationBarColor() 0
12-21 01:40:46.205 18795 18795 V InputMethodManager: Starting input: tba=app.universal.revanced.manager ic=null mNaviBarColor 0 mIsGetNaviBarColorSuccess true , NavVisible : true , NavTrans : false
12-21 01:40:46.205 18795 18795 D InputMethodManager: startInputInner - Id : 0
12-21 01:40:46.205 18795 18795 I InputMethodManager: startInputInner - mService.startInputOrWindowGainedFocus
12-21 01:40:46.208 18795 18795 D InputTransport: Input channel constructed: 'ClientS', fd=88
12-21 01:40:46.208 18795 18795 D InputTransport: Input channel destroyed: 'ClientS', fd=101
12-21 01:40:46.235 18795 18795 I SurfaceControl: nativeRelease nativeObject s[513301231424]
12-21 01:40:46.235 18795 18795 I SurfaceControl: nativeRelease nativeObject e[513301231424]
12-21 01:40:46.235 18795 18795 I SurfaceControl: nativeRelease nativeObject s[513301226144]
12-21 01:40:46.235 18795 18795 I SurfaceControl: nativeRelease nativeObject e[513301226144]
12-21 01:40:47.816 18795 18795 I ViewRootImpl@344caf9[MainActivity]: ViewPostIme key 0
12-21 01:40:47.818 18795 18795 I ViewRootImpl@344caf9[MainActivity]: ViewPostIme key 1
12-21 01:40:47.845 18795 19421 W libEGL  : EGLNativeWindowType 0x771c3f9010 disconnect failed
12-21 01:40:47.845 18795 18795 D ViewRootImpl@344caf9[MainActivity]: dispatchDetachedFromWindow: reset blurmask
12-21 01:40:47.845 18795 18795 I ViewRootImpl@344caf9[MainActivity]: dispatchDetachedFromWindow
12-21 01:40:47.845 18795 18795 I SurfaceControl: nativeRelease nativeObject s[511199308544]
12-21 01:40:47.845 18795 18795 I SurfaceControl: nativeRelease nativeObject e[511199308544]
12-21 01:40:47.863 18795 18795 D InputTransport: Input channel destroyed: 'd2eecea', fd=89
12-21 01:40:47.880 18795 18795 I ViewRootImpl@9c2abf3[MainActivity]: MSG_WINDOW_FOCUS_CHANGED 1 1
12-21 01:40:47.881 18795 18795 D InputMethodManager: prepareNavigationBarInfo() DecorView@430d45a[MainActivity]
12-21 01:40:47.881 18795 18795 D InputMethodManager: getNavigationBarColor() 0
12-21 01:40:47.881 18795 18795 D InputMethodManager: prepareNavigationBarInfo() DecorView@430d45a[MainActivity]
12-21 01:40:47.881 18795 18795 D InputMethodManager: getNavigationBarColor() 0
12-21 01:40:47.881 18795 18795 V InputMethodManager: Starting input: tba=app.universal.revanced.manager ic=null mNaviBarColor 0 mIsGetNaviBarColorSuccess true , NavVisible : true , NavTrans : false
12-21 01:40:47.881 18795 18795 D InputMethodManager: startInputInner - Id : 0
12-21 01:40:47.881 18795 18795 I InputMethodManager: startInputInner - mService.startInputOrWindowGainedFocus
12-21 01:40:47.883 18795 18795 D InputTransport: Input channel constructed: 'ClientS', fd=89
12-21 01:40:47.884 18795 18795 D InputTransport: Input channel destroyed: 'ClientS', fd=88
12-21 01:40:47.897 18795 18795 I SurfaceControl: nativeRelease nativeObject s[513301236224]
12-21 01:40:47.897 18795 18795 I SurfaceControl: nativeRelease nativeObject e[513301236224]
12-21 01:40:47.897 18795 18795 I SurfaceControl: nativeRelease nativeObject s[513301236128]
12-21 01:40:47.897 18795 18795 I SurfaceControl: nativeRelease nativeObject e[513301236128]
12-21 01:40:49.229 18795 18795 I ViewRootImpl@9c2abf3[MainActivity]: ViewPostIme pointer 0
12-21 01:40:49.284 18795 18795 I ViewRootImpl@9c2abf3[MainActivity]: ViewPostIme pointer 1
12-21 01:40:50.141 18795 18795 I ViewRootImpl@9c2abf3[MainActivity]: ViewPostIme pointer 0
12-21 01:40:50.212 18795 18795 I ViewRootImpl@9c2abf3[MainActivity]: ViewPostIme pointer 1
12-21 01:40:50.237 18795 18795 D Universal ReVanced Manager: Dispatching Update check
12-21 01:40:50.240 18795 26247 D Universal ReVanced Manager: Running Update check
12-21 01:40:50.250 18795 26247 D Universal ReVanced Manager: Updating patch bundle: Unnamed
12-21 01:40:51.018 18795 18795 D CompatibilityChangeReporter: Compat change id reported: 147798919; UID 10392; state: ENABLED
12-21 01:40:51.029 18795 18795 D Toast   : show: caller = org.koin.dsl.ModuleDSLKt.toast$default:21 
12-21 01:40:51.029 18795 18795 I Toast   : show: focusDisplayId = 0, isFocusInDesktop = false mCustomDisplayId=-1 isDexDualMode=false
12-21 01:40:51.029 18795 18795 I Toast   : show: isActivityContext = false
12-21 01:40:51.149 18795 18795 I ViewRootImpl@9c2abf3[MainActivity]: ViewPostIme pointer 0
12-21 01:40:51.214 18795 18795 I ViewRootImpl@9c2abf3[MainActivity]: ViewPostIme pointer 1
12-21 01:40:51.245 18795 22031 D Universal ReVanced Manager: Stopping action runner
12-21 01:40:52.867 18795 18795 I ViewRootImpl@9c2abf3[MainActivity]: ViewPostIme pointer 0
12-21 01:40:53.290 18795 18795 I ViewRootImpl@9c2abf3[MainActivity]: MSG_WINDOW_FOCUS_CHANGED 0 1
12-21 01:40:53.545 18795 18795 I SurfaceControl: nativeRelease nativeObject s[513301237088]
12-21 01:40:53.545 18795 18795 I SurfaceControl: nativeRelease nativeObject e[513301237088]
12-21 01:40:53.545 18795 18795 I SurfaceControl: nativeRelease nativeObject s[513301231424]
12-21 01:40:53.545 18795 18795 I SurfaceControl: nativeRelease nativeObject e[513301231424]
12-21 01:40:53.545 18795 18795 I SurfaceControl: nativeRelease nativeObject s[513301236992]
12-21 01:40:53.545 18795 18795 I SurfaceControl: nativeRelease nativeObject e[513301236992]
12-21 01:40:53.693 18795 18795 D InputTransport: Input channel destroyed: 'ClientS', fd=89
12-21 01:40:53.725 18795 18795 I SurfaceControl: nativeRelease nativeObject s[513301237184]
12-21 01:40:53.725 18795 18795 I SurfaceControl: nativeRelease nativeObject e[513301237184]
12-21 01:40:54.288 18795 19421 W libEGL  : EGLNativeWindowType 0x781ab66010 disconnect failed
12-21 01:40:54.307 18795 18795 I SurfaceControl: nativeRelease nativeObject s[511189897216]
12-21 01:40:54.307 18795 18795 I SurfaceControl: nativeRelease nativeObject e[511189897216]
12-21 01:40:54.308 18795 18795 I SurfaceControl: assignNativeObject: nativeObject = 0 Surface(name=null)/@0x36c1db4 / android.view.SurfaceControl.readFromParcel:1117 android.view.IWindowSession$Stub$Proxy.relayout:1826 android.view.ViewRootImpl.relayoutWindow:9005 android.view.ViewRootImpl.performTraversals:3360 android.view.ViewRootImpl.doTraversal:2618 android.view.ViewRootImpl$TraversalRunnable.run:9971 android.view.Choreographer$CallbackRecord.run:1010 android.view.Choreographer.doCallbacks:809 android.view.Choreographer.doFrame:744 android.view.Choreographer$FrameDisplayEventReceiver.run:995 
12-21 01:40:54.309 18795 18795 I SurfaceControl: assignNativeObject: nativeObject = 0 Surface(name=null)/@0xd6e2832 / android.view.SurfaceControl.readFromParcel:1117 android.view.IWindowSession$Stub$Proxy.relayout:1836 android.view.ViewRootImpl.relayoutWindow:9005 android.view.ViewRootImpl.performTraversals:3360 android.view.ViewRootImpl.doTraversal:2618 android.view.ViewRootImpl$TraversalRunnable.run:9971 android.view.Choreographer$CallbackRecord.run:1010 android.view.Choreographer.doCallbacks:809 android.view.Choreographer.doFrame:744 android.view.Choreographer$FrameDisplayEventReceiver.run:995 
12-21 01:40:54.315 18795 18795 I ViewRootImpl@9c2abf3[MainActivity]: Relayout returned: old=(0,0,1080,2340) new=(0,0,1080,2340) req=(1080,2340)8 dur=21 res=0x5 s={false 0} ch=true fn=281
12-21 01:40:54.394 18795 18795 I ViewRootImpl@9c2abf3[MainActivity]: stopped(true) old=false
12-21 01:41:01.164 18795 19405 W System  : A resource failed to call release. 
12-21 01:41:01.164 18795 19405 I SurfaceControl: nativeRelease nativeObject s[513301236032]
12-21 01:41:01.164 18795 19405 I SurfaceControl: nativeRelease nativeObject e[513301236032]
12-21 01:41:01.165 18795 19405 W System  : A resource failed to call release. 
12-21 01:41:01.165 18795 19405 I SurfaceControl: nativeRelease nativeObject s[513301235936]
12-21 01:41:01.165 18795 19405 I SurfaceControl: nativeRelease nativeObject e[513301235936]
12-21 01:41:01.165 18795 19405 W System  : A resource failed to call release. 
12-21 01:41:01.165 18795 19405 I SurfaceControl: nativeRelease nativeObject s[513301231520]
12-21 01:41:01.165 18795 19405 I SurfaceControl: nativeRelease nativeObject e[513301231520]
12-21 01:41:01.165 18795 19405 W System  : A resource failed to call release. 
12-21 01:41:01.165 18795 19405 I SurfaceControl: nativeRelease nativeObject s[511189898752]
12-21 01:41:01.165 18795 19405 I SurfaceControl: nativeRelease nativeObject e[511189898752]
12-21 01:41:01.166 18795 19405 W System  : A resource failed to call release. 
12-21 01:41:01.166 18795 19405 I SurfaceControl: nativeRelease nativeObject s[511199310656]
12-21 01:41:01.166 18795 19405 I SurfaceControl: nativeRelease nativeObject e[511199310656]
12-21 01:41:01.190 18795 19405 W System  : A resource failed to call release. 
12-21 01:41:01.190 18795 19405 I SurfaceControl: nativeRelease nativeObject s[511199310464]
12-21 01:41:01.190 18795 19405 I SurfaceControl: nativeRelease nativeObject e[511199310464]
12-21 01:46:11.041 18795 18795 I SurfaceControl: assignNativeObject: nativeObject = 0 Surface(name=null)/@0x36c1db4 / android.view.SurfaceControl.readFromParcel:1117 android.view.IWindowSession$Stub$Proxy.relayout:1826 android.view.ViewRootImpl.relayoutWindow:9005 android.view.ViewRootImpl.performTraversals:3360 android.view.ViewRootImpl.doTraversal:2618 android.view.ViewRootImpl$TraversalRunnable.run:9971 android.view.Choreographer$CallbackRecord.run:1010 android.view.Choreographer.doCallbacks:809 android.view.Choreographer.doFrame:744 android.view.Choreographer$FrameDisplayEventReceiver.run:995 
12-21 01:46:11.042 18795 18795 I SurfaceControl: assignNativeObject: nativeObject = 0 Surface(name=null)/@0xd6e2832 / android.view.SurfaceControl.readFromParcel:1117 android.view.IWindowSession$Stub$Proxy.relayout:1836 android.view.ViewRootImpl.relayoutWindow:9005 android.view.ViewRootImpl.performTraversals:3360 android.view.ViewRootImpl.doTraversal:2618 android.view.ViewRootImpl$TraversalRunnable.run:9971 android.view.Choreographer$CallbackRecord.run:1010 android.view.Choreographer.doCallbacks:809 android.view.Choreographer.doFrame:744 android.view.Choreographer$FrameDisplayEventReceiver.run:995 
12-21 01:46:11.046 18795 18795 I ViewRootImpl@9c2abf3[MainActivity]: Relayout returned: old=(0,0,1080,2340) new=(0,0,1080,2340) req=(1080,2340)4 dur=45 res=0x1 s={false 0} ch=false fn=-1
12-21 01:46:11.049 18795 18795 I ViewRootImpl@9c2abf3[MainActivity]: stopped(false) old=true
12-21 01:46:11.105 18795 18795 I ViewRootImpl@9c2abf3[MainActivity]: stopped(false) old=false
12-21 01:46:11.197 18795 18795 I SurfaceControl: assignNativeObject: nativeObject = 0 Surface(name=null)/@0xd6e2832 / android.view.SurfaceControl.readFromParcel:1117 android.view.IWindowSession$Stub$Proxy.relayout:1836 android.view.ViewRootImpl.relayoutWindow:9005 android.view.ViewRootImpl.performTraversals:3360 android.view.ViewRootImpl.doTraversal:2618 android.view.ViewRootImpl$TraversalRunnable.run:9971 android.view.Choreographer$CallbackRecord.run:1010 android.view.Choreographer.doCallbacks:809 android.view.Choreographer.doFrame:744 android.view.Choreographer$FrameDisplayEventReceiver.run:995 
12-21 01:46:11.198 18795 18795 I ViewRootImpl@9c2abf3[MainActivity]: Relayout returned: old=(0,0,1080,2340) new=(0,0,1080,2340) req=(1080,2340)0 dur=27 res=0x7 s={true 515844235264} ch=true fn=-1
12-21 01:46:11.207 18795 18795 I ViewRootImpl@9c2abf3[MainActivity]: [DP] dp(1) 1 android.view.ViewRootImpl.reportNextDraw:10957 android.view.ViewRootImpl.performTraversals:3845 android.view.ViewRootImpl.doTraversal:2618 
12-21 01:46:11.208 18795 18795 I ViewRootImpl@9c2abf3[MainActivity]: [DP] pd() Asnyc report
12-21 01:46:11.341 18795 18795 I ViewRootImpl@9c2abf3[MainActivity]: [DP] pdf(0) 1 android.view.ViewRootImpl.lambda$performDraw$1$ViewRootImpl:4668 android.view.-$$Lambda$ViewRootImpl$DJd0VUYJgsebcnSohO6h8zc_ONI.run:6 android.os.Handler.handleCallback:938 
12-21 01:46:11.341 18795 18795 I ViewRootImpl@9c2abf3[MainActivity]: [DP] rdf()
12-21 01:46:11.364 18795 18795 I ViewRootImpl@9c2abf3[MainActivity]: MSG_WINDOW_FOCUS_CHANGED 1 1
12-21 01:46:11.364 18795 18795 D InputMethodManager: prepareNavigationBarInfo() DecorView@430d45a[MainActivity]
12-21 01:46:11.364 18795 18795 D InputMethodManager: getNavigationBarColor() 0
12-21 01:46:11.365 18795 18795 D InputMethodManager: prepareNavigationBarInfo() DecorView@430d45a[MainActivity]
12-21 01:46:11.366 18795 18795 D InputMethodManager: getNavigationBarColor() 0
12-21 01:46:11.366 18795 18795 V InputMethodManager: Starting input: tba=app.universal.revanced.manager ic=null mNaviBarColor 0 mIsGetNaviBarColorSuccess true , NavVisible : true , NavTrans : false
12-21 01:46:11.366 18795 18795 D InputMethodManager: startInputInner - Id : 0
12-21 01:46:11.366 18795 18795 I InputMethodManager: startInputInner - mService.startInputOrWindowGainedFocus
12-21 01:46:11.379 18795 18795 D InputTransport: Input channel constructed: 'ClientS', fd=90
12-21 01:46:11.397 18795 18795 I SurfaceControl: nativeRelease nativeObject s[513301225472]
12-21 01:46:11.397 18795 18795 I SurfaceControl: nativeRelease nativeObject e[513301225472]
12-21 01:46:11.397 18795 18795 I SurfaceControl: nativeRelease nativeObject s[513301237280]
12-21 01:46:11.397 18795 18795 I SurfaceControl: nativeRelease nativeObject e[513301237280]
12-21 01:46:11.496 18795 18795 I ViewRootImpl@9c2abf3[MainActivity]: ViewPostIme pointer 0
12-21 01:46:11.529 18795 18795 I ViewRootImpl@9c2abf3[MainActivity]: ViewPostIme pointer 1
12-21 01:46:15.058 18795 18795 I ViewRootImpl@9c2abf3[MainActivity]: ViewPostIme pointer 0
12-21 01:46:15.097 18795 18795 I ViewRootImpl@9c2abf3[MainActivity]: ViewPostIme pointer 1
12-21 01:46:16.495 18795 18795 I ViewRootImpl@9c2abf3[MainActivity]: ViewPostIme key 0
12-21 01:46:16.497 18795 18795 I ViewRootImpl@9c2abf3[MainActivity]: ViewPostIme key 1
12-21 01:46:17.658 18795 18795 I ViewRootImpl@9c2abf3[MainActivity]: ViewPostIme pointer 0
12-21 01:46:17.713 18795 18795 I ViewRootImpl@9c2abf3[MainActivity]: ViewPostIme pointer 1
12-21 01:46:17.764 18795 18795 D InstallerManager: parseToken(:internal:) -> Internal
12-21 01:46:17.764 18795 18795 D InstallerManager: parseToken(:none:) -> None
12-21 01:46:17.790 18795 18795 W PackageManager: Failure retrieving resources for com.google.android.packageinstaller: Drawable com.android.packageinstaller:drawable/ic_app_icon with resource ID #0x7f070060
12-21 01:46:17.846 18795 18795 W PackageManager: Failure retrieving resources for com.google.android.packageinstaller: Drawable com.android.packageinstaller:drawable/ic_app_icon with resource ID #0x7f070060
12-21 01:46:18.008 18795 18795 W PackageManager: Failure retrieving resources for com.google.android.packageinstaller: Drawable com.android.packageinstaller:drawable/ic_app_icon with resource ID #0x7f070060
12-21 01:46:18.015 18795 18795 W PackageManager: Failure retrieving resources for com.google.android.packageinstaller: Drawable com.android.packageinstaller:drawable/ic_app_icon with resource ID #0x7f070060
12-21 01:46:18.926 18795 18795 I ViewRootImpl@9c2abf3[MainActivity]: ViewPostIme pointer 0
12-21 01:46:19.001 18795 18795 I ViewRootImpl@9c2abf3[MainActivity]: ViewPostIme pointer 1
12-21 01:46:19.527 18795 18795 W PackageManager: Failure retrieving resources for com.google.android.packageinstaller: Drawable com.android.packageinstaller:drawable/ic_app_icon with resource ID #0x7f070060
12-21 01:46:19.537 18795 18795 W PackageManager: Failure retrieving resources for com.google.android.packageinstaller: Drawable com.android.packageinstaller:drawable/ic_app_icon with resource ID #0x7f070060
12-21 01:46:21.051 18795 18795 W PackageManager: Failure retrieving resources for com.google.android.packageinstaller: Drawable com.android.packageinstaller:drawable/ic_app_icon with resource ID #0x7f070060
12-21 01:46:21.071 18795 18795 W PackageManager: Failure retrieving resources for com.google.android.packageinstaller: Drawable com.android.packageinstaller:drawable/ic_app_icon with resource ID #0x7f070060
12-21 01:46:22.603 18795 18795 W PackageManager: Failure retrieving resources for com.google.android.packageinstaller: Drawable com.android.packageinstaller:drawable/ic_app_icon with resource ID #0x7f070060
12-21 01:46:22.622 18795 18795 W PackageManager: Failure retrieving resources for com.google.android.packageinstaller: Drawable com.android.packageinstaller:drawable/ic_app_icon with resource ID #0x7f070060
12-21 01:46:24.144 18795 18795 W PackageManager: Failure retrieving resources for com.google.android.packageinstaller: Drawable com.android.packageinstaller:drawable/ic_app_icon with resource ID #0x7f070060
12-21 01:46:24.175 18795 18795 W PackageManager: Failure retrieving resources for com.google.android.packageinstaller: Drawable com.android.packageinstaller:drawable/ic_app_icon with resource ID #0x7f070060
12-21 01:46:24.292 18795 18795 I ViewRootImpl@9c2abf3[MainActivity]: ViewPostIme pointer 0
12-21 01:46:24.538 18795 18795 I ViewRootImpl@9c2abf3[MainActivity]: ViewPostIme pointer 1
12-21 01:46:24.990 18795 18795 I ViewRootImpl@9c2abf3[MainActivity]: ViewPostIme pointer 0
12-21 01:46:25.029 18795 18795 I ViewRootImpl@9c2abf3[MainActivity]: ViewPostIme pointer 1
12-21 01:46:25.717 18795 18795 W PackageManager: Failure retrieving resources for com.google.android.packageinstaller: Drawable com.android.packageinstaller:drawable/ic_app_icon with resource ID #0x7f070060
12-21 01:46:25.768 18795 18795 W PackageManager: Failure retrieving resources for com.google.android.packageinstaller: Drawable com.android.packageinstaller:drawable/ic_app_icon with resource ID #0x7f070060
12-21 01:46:27.291 18795 18795 W PackageManager: Failure retrieving resources for com.google.android.packageinstaller: Drawable com.android.packageinstaller:drawable/ic_app_icon with resource ID #0x7f070060
12-21 01:46:27.323 18795 18795 W PackageManager: Failure retrieving resources for com.google.android.packageinstaller: Drawable com.android.packageinstaller:drawable/ic_app_icon with resource ID #0x7f070060
12-21 01:46:27.823 18795 18795 I ViewRootImpl@9c2abf3[MainActivity]: ViewPostIme pointer 0
12-21 01:46:28.557 18795 18795 I ViewRootImpl@9c2abf3[MainActivity]: ViewPostIme pointer 1
12-21 01:46:28.839 18795 18795 W PackageManager: Failure retrieving resources for com.google.android.packageinstaller: Drawable com.android.packageinstaller:drawable/ic_app_icon with resource ID #0x7f070060
12-21 01:46:28.849 18795 18795 W PackageManager: Failure retrieving resources for com.google.android.packageinstaller: Drawable com.android.packageinstaller:drawable/ic_app_icon with resource ID #0x7f070060
12-21 01:46:28.885 18795 18795 I ViewRootImpl@9c2abf3[MainActivity]: ViewPostIme pointer 0
12-21 01:46:29.980 18795 18795 I ViewRootImpl@9c2abf3[MainActivity]: ViewPostIme pointer 1
12-21 01:46:30.360 18795 18795 W PackageManager: Failure retrieving resources for com.google.android.packageinstaller: Drawable com.android.packageinstaller:drawable/ic_app_icon with resource ID #0x7f070060
12-21 01:46:30.370 18795 18795 W PackageManager: Failure retrieving resources for com.google.android.packageinstaller: Drawable com.android.packageinstaller:drawable/ic_app_icon with resource ID #0x7f070060
12-21 01:46:31.112 18795 18795 I ViewRootImpl@9c2abf3[MainActivity]: ViewPostIme pointer 0
12-21 01:46:31.164 18795 18795 I ViewRootImpl@9c2abf3[MainActivity]: ViewPostIme pointer 1
12-21 01:46:31.402 18795 18795 I ViewRootImpl@9c2abf3[MainActivity]: ViewPostIme pointer 0
12-21 01:46:31.881 18795 18795 W PackageManager: Failure retrieving resources for com.google.android.packageinstaller: Drawable com.android.packageinstaller:drawable/ic_app_icon with resource ID #0x7f070060
12-21 01:46:31.891 18795 18795 W PackageManager: Failure retrieving resources for com.google.android.packageinstaller: Drawable com.android.packageinstaller:drawable/ic_app_icon with resource ID #0x7f070060
12-21 01:46:32.064 18795 18795 I ViewRootImpl@9c2abf3[MainActivity]: ViewPostIme pointer 1
12-21 01:46:32.807 18795 18795 I ViewRootImpl@9c2abf3[MainActivity]: ViewPostIme pointer 0
12-21 01:46:33.409 18795 18795 W PackageManager: Failure retrieving resources for com.google.android.packageinstaller: Drawable com.android.packageinstaller:drawable/ic_app_icon with resource ID #0x7f070060
12-21 01:46:33.421 18795 18795 W PackageManager: Failure retrieving resources for com.google.android.packageinstaller: Drawable com.android.packageinstaller:drawable/ic_app_icon with resource ID #0x7f070060
12-21 01:46:33.459 18795 18795 I ViewRootImpl@9c2abf3[MainActivity]: ViewPostIme pointer 1
12-21 01:46:33.846 18795 18795 I ViewRootImpl@9c2abf3[MainActivity]: ViewPostIme pointer 0
12-21 01:46:34.266 18795 18795 I ViewRootImpl@9c2abf3[MainActivity]: ViewPostIme pointer 1
12-21 01:46:34.826 18795 18795 I ViewRootImpl@9c2abf3[MainActivity]: ViewPostIme pointer 0
12-21 01:46:34.907 18795 18795 I ViewRootImpl@9c2abf3[MainActivity]: ViewPostIme pointer 1
12-21 01:46:34.932 18795 18795 W PackageManager: Failure retrieving resources for com.google.android.packageinstaller: Drawable com.android.packageinstaller:drawable/ic_app_icon with resource ID #0x7f070060
12-21 01:46:34.942 18795 18795 W PackageManager: Failure retrieving resources for com.google.android.packageinstaller: Drawable com.android.packageinstaller:drawable/ic_app_icon with resource ID #0x7f070060
12-21 01:46:36.453 18795 18795 W PackageManager: Failure retrieving resources for com.google.android.packageinstaller: Drawable com.android.packageinstaller:drawable/ic_app_icon with resource ID #0x7f070060
12-21 01:46:36.461 18795 18795 W PackageManager: Failure retrieving resources for com.google.android.packageinstaller: Drawable com.android.packageinstaller:drawable/ic_app_icon with resource ID #0x7f070060
12-21 01:46:36.813 18795 18795 I ViewRootImpl@9c2abf3[MainActivity]: ViewPostIme key 0
12-21 01:46:36.815 18795 18795 I ViewRootImpl@9c2abf3[MainActivity]: ViewPostIme key 1
12-21 01:46:38.723 18795 18795 I ViewRootImpl@9c2abf3[MainActivity]: ViewPostIme pointer 0
12-21 01:46:38.767 18795 18795 I ViewRootImpl@9c2abf3[MainActivity]: ViewPostIme pointer 1
12-21 01:46:38.800 18795 18795 D InstallerManager: parseToken(:internal:) -> Internal
12-21 01:46:38.801 18795 18795 D InstallerManager: parseToken(:none:) -> None
12-21 01:46:38.804 18795 18795 W PackageManager: Failure retrieving resources for com.google.android.packageinstaller: Drawable com.android.packageinstaller:drawable/ic_app_icon with resource ID #0x7f070060
12-21 01:46:38.817 18795 18795 W PackageManager: Failure retrieving resources for com.google.android.packageinstaller: Drawable com.android.packageinstaller:drawable/ic_app_icon with resource ID #0x7f070060
12-21 01:46:38.928 18795 18795 W PackageManager: Failure retrieving resources for com.google.android.packageinstaller: Drawable com.android.packageinstaller:drawable/ic_app_icon with resource ID #0x7f070060
12-21 01:46:38.937 18795 18795 W PackageManager: Failure retrieving resources for com.google.android.packageinstaller: Drawable com.android.packageinstaller:drawable/ic_app_icon with resource ID #0x7f070060
12-21 01:46:39.527 18795 18795 I ViewRootImpl@9c2abf3[MainActivity]: ViewPostIme pointer 0
12-21 01:46:39.529 18795 18795 I ViewRootImpl@9c2abf3[MainActivity]: ViewPostIme pointer 1
12-21 01:46:39.545 18795 18795 I Dialog  : mIsSamsungBasicInteraction = false, isMetaDataInActivity = false
12-21 01:46:39.551 18795 18795 I DecorView: [INFO] isPopOver=false, config=false
12-21 01:46:39.551 18795 18795 I DecorView: updateCaptionType >> DecorView@8ed91e5[], isFloating=true, isApplication=true, hasWindowDecorCaption=false, hasWindowControllerCallback=false
12-21 01:46:39.551 18795 18795 D DecorView: setCaptionType = 0, this = DecorView@8ed91e5[]
12-21 01:46:39.577 18795 18795 D InputTransport: Input channel constructed: 'b7a2431', fd=95
12-21 01:46:39.578 18795 18795 I ViewRootImpl@8d7d936[MainActivity]: setView = com.android.internal.policy.DecorView@8ed91e5 TM=true
12-21 01:46:39.639 18795 18795 I SurfaceControl: assignNativeObject: nativeObject = 0 Surface(name=null)/@0xb847131 / android.view.SurfaceControl.readFromParcel:1117 android.view.IWindowSession$Stub$Proxy.relayout:1836 android.view.ViewRootImpl.relayoutWindow:9005 android.view.ViewRootImpl.performTraversals:3360 android.view.ViewRootImpl.doTraversal:2618 android.view.ViewRootImpl$TraversalRunnable.run:9971 android.view.Choreographer$CallbackRecord.run:1010 android.view.Choreographer.doCallbacks:809 android.view.Choreographer.doFrame:744 android.view.Choreographer$FrameDisplayEventReceiver.run:995 
12-21 01:46:39.642 18795 18795 I ViewRootImpl@8d7d936[MainActivity]: Relayout returned: old=(0,86,1080,2340) new=(108,298,972,2127) req=(864,1829)0 dur=14 res=0x7 s={true 511184896000} ch=true fn=-1
12-21 01:46:39.648 18795 18795 I ViewRootImpl@8d7d936[MainActivity]: [DP] dp(1) 1 android.view.ViewRootImpl.reportNextDraw:10957 android.view.ViewRootImpl.performTraversals:3845 android.view.ViewRootImpl.doTraversal:2618 
12-21 01:46:39.648 18795 18795 I ViewRootImpl@8d7d936[MainActivity]: [DP] pd() Asnyc report
12-21 01:46:39.714 18795 18795 I ViewRootImpl@8d7d936[MainActivity]: [DP] pdf(0) 1 android.view.ViewRootImpl.lambda$performDraw$1$ViewRootImpl:4668 android.view.-$$Lambda$ViewRootImpl$DJd0VUYJgsebcnSohO6h8zc_ONI.run:6 android.os.Handler.handleCallback:938 
12-21 01:46:39.714 18795 18795 I ViewRootImpl@8d7d936[MainActivity]: [DP] rdf()
12-21 01:46:39.749 18795 18795 I SurfaceControl: nativeRelease nativeObject s[510311586720]
12-21 01:46:39.749 18795 18795 I SurfaceControl: nativeRelease nativeObject e[510311586720]
12-21 01:46:39.749 18795 18795 I SurfaceControl: assignNativeObject: nativeObject = 0 Surface(name=null)/@0xb847131 / android.view.SurfaceControl.readFromParcel:1117 android.view.IWindowSession$Stub$Proxy.relayout:1836 android.view.ViewRootImpl.relayoutWindow:9005 android.view.ViewRootImpl.performTraversals:3360 android.view.ViewRootImpl.doTraversal:2618 android.view.ViewRootImpl$TraversalRunnable.run:9971 android.view.Choreographer$CallbackRecord.run:1010 android.view.Choreographer.doCallbacks:809 android.view.Choreographer.doFrame:744 android.view.Choreographer$FrameDisplayEventReceiver.run:995 
12-21 01:46:39.750 18795 18795 I SurfaceControl: nativeRelease nativeObject s[510311586912]
12-21 01:46:39.751 18795 18795 I SurfaceControl: nativeRelease nativeObject e[510311586912]
12-21 01:46:39.751 18795 18795 I SurfaceControl: nativeRelease nativeObject s[510311586816]
12-21 01:46:39.751 18795 18795 I SurfaceControl: nativeRelease nativeObject e[510311586816]
12-21 01:46:39.751 18795 18795 I ViewRootImpl@8d7d936[MainActivity]: Relayout returned: old=(108,298,972,2127) new=(108,298,972,2127) req=(864,1829)0 dur=29 res=0x1 s={true 511184896000} ch=false fn=2
12-21 01:46:39.754 18795 18795 I SurfaceControl: nativeRelease nativeObject s[510311589408]
12-21 01:46:39.754 18795 18795 I SurfaceControl: nativeRelease nativeObject e[510311589408]
12-21 01:46:39.754 18795 18795 I SurfaceControl: nativeRelease nativeObject s[510311586720]
12-21 01:46:39.754 18795 18795 I SurfaceControl: nativeRelease nativeObject e[510311586720]
12-21 01:46:39.755 18795 18795 I SurfaceControl: nativeRelease nativeObject s[513301231424]
12-21 01:46:39.755 18795 18795 I SurfaceControl: nativeRelease nativeObject e[513301231424]
12-21 01:46:39.755 18795 18795 I SurfaceControl: nativeRelease nativeObject s[513301226144]
12-21 01:46:39.755 18795 18795 I SurfaceControl: nativeRelease nativeObject e[513301226144]
12-21 01:46:39.755 18795 18795 I SurfaceControl: nativeRelease nativeObject s[513301225664]
12-21 01:46:39.756 18795 18795 I SurfaceControl: nativeRelease nativeObject e[513301225664]
12-21 01:46:39.756 18795 18795 I ViewRootImpl@9c2abf3[MainActivity]: MSG_WINDOW_FOCUS_CHANGED 0 1
12-21 01:46:39.760 18795 18795 I ViewRootImpl@8d7d936[MainActivity]: MSG_WINDOW_FOCUS_CHANGED 1 1
12-21 01:46:39.760 18795 18795 D InputMethodManager: prepareNavigationBarInfo() DecorView@8ed91e5[MainActivity]
12-21 01:46:39.760 18795 18795 D InputMethodManager: getNavigationBarColor() -16711423
12-21 01:46:39.760 18795 18795 D InputMethodManager: prepareNavigationBarInfo() DecorView@8ed91e5[MainActivity]
12-21 01:46:39.760 18795 18795 D InputMethodManager: getNavigationBarColor() -16711423
12-21 01:46:39.761 18795 18795 V InputMethodManager: Starting input: tba=app.universal.revanced.manager ic=null mNaviBarColor -16711423 mIsGetNaviBarColorSuccess true , NavVisible : true , NavTrans : false
12-21 01:46:39.761 18795 18795 D InputMethodManager: startInputInner - Id : 0
12-21 01:46:39.761 18795 18795 I InputMethodManager: startInputInner - mService.startInputOrWindowGainedFocus
12-21 01:46:39.765 18795 18795 D InputTransport: Input channel constructed: 'ClientS', fd=118
12-21 01:46:39.765 18795 18795 D InputTransport: Input channel destroyed: 'ClientS', fd=90
12-21 01:46:39.778 18795 18795 I SurfaceControl: nativeRelease nativeObject s[513301236032]
12-21 01:46:39.778 18795 18795 I SurfaceControl: nativeRelease nativeObject e[513301236032]
12-21 01:46:39.778 18795 18795 I SurfaceControl: nativeRelease nativeObject s[513301235840]
12-21 01:46:39.778 18795 18795 I SurfaceControl: nativeRelease nativeObject e[513301235840]
12-21 01:46:39.778 18795 18795 I SurfaceControl: nativeRelease nativeObject s[511199310368]
12-21 01:46:39.778 18795 18795 I SurfaceControl: nativeRelease nativeObject e[511199310368]
12-21 01:46:40.448 18795 18795 W PackageManager: Failure retrieving resources for com.google.android.packageinstaller: Drawable com.android.packageinstaller:drawable/ic_app_icon with resource ID #0x7f070060
12-21 01:46:40.464 18795 18795 W PackageManager: Failure retrieving resources for com.google.android.packageinstaller: Drawable com.android.packageinstaller:drawable/ic_app_icon with resource ID #0x7f070060
12-21 01:46:41.666 18795 18795 I ViewRootImpl@8d7d936[MainActivity]: ViewPostIme pointer 0
12-21 01:46:41.729 18795 18795 I ViewRootImpl@8d7d936[MainActivity]: ViewPostIme pointer 1
12-21 01:46:41.980 18795 18795 W PackageManager: Failure retrieving resources for com.google.android.packageinstaller: Drawable com.android.packageinstaller:drawable/ic_app_icon with resource ID #0x7f070060
12-21 01:46:41.994 18795 18795 W PackageManager: Failure retrieving resources for com.google.android.packageinstaller: Drawable com.android.packageinstaller:drawable/ic_app_icon with resource ID #0x7f070060
12-21 01:46:43.206 18795 18795 I ViewRootImpl@8d7d936[MainActivity]: ViewPostIme pointer 0
12-21 01:46:43.277 18795 18795 I ViewRootImpl@8d7d936[MainActivity]: ViewPostIme pointer 1
12-21 01:46:43.279 18795 26245 D InstallerManager: parseToken(:internal:) -> Internal
12-21 01:46:43.280 18795 26245 D InstallerManager: updateFallbackToken -> Component(bin.mt.plus/bin.mt.plus.OpenFileActivity)
12-21 01:46:43.309 18795 19421 W libEGL  : EGLNativeWindowType 0x7704fe8010 disconnect failed
12-21 01:46:43.309 18795 19421 D OpenGLRenderer: endAllActiveAnimators on 0x76d1097300 (UnprojectedRipple) with handle 0x7705a47280
12-21 01:46:43.309 18795 18795 D ViewRootImpl@8d7d936[MainActivity]: dispatchDetachedFromWindow: reset blurmask
12-21 01:46:43.309 18795 18795 I ViewRootImpl@8d7d936[MainActivity]: dispatchDetachedFromWindow
12-21 01:46:43.309 18795 18795 I SurfaceControl: nativeRelease nativeObject s[510311589312]
12-21 01:46:43.309 18795 18795 I SurfaceControl: nativeRelease nativeObject e[510311589312]
12-21 01:46:43.327 18795 18795 D InputTransport: Input channel destroyed: 'b7a2431', fd=95
12-21 01:46:43.329 18795 18795 I SurfaceControl: nativeRelease nativeObject s[513222115424]
12-21 01:46:43.329 18795 18795 I SurfaceControl: nativeRelease nativeObject e[513222115424]
12-21 01:46:43.329 18795 18795 I SurfaceControl: nativeRelease nativeObject s[511189898272]
12-21 01:46:43.329 18795 18795 I SurfaceControl: nativeRelease nativeObject e[511189898272]
12-21 01:46:43.329 18795 18795 I SurfaceControl: nativeRelease nativeObject s[511189898176]
12-21 01:46:43.329 18795 18795 I SurfaceControl: nativeRelease nativeObject e[511189898176]
12-21 01:46:43.350 18795 18795 D InstallerManager: parseToken(bin.mt.plus/bin.mt.plus.OpenFileActivity) -> Component(bin.mt.plus/bin.mt.plus.OpenFileActivity)
12-21 01:46:43.353 18795 18795 W PackageManager: Failure retrieving resources for com.google.android.packageinstaller: Drawable com.android.packageinstaller:drawable/ic_app_icon with resource ID #0x7f070060
12-21 01:46:43.365 18795 18795 W PackageManager: Failure retrieving resources for com.google.android.packageinstaller: Drawable com.android.packageinstaller:drawable/ic_app_icon with resource ID #0x7f070060
12-21 01:46:43.395 18795 18795 W PackageManager: Failure retrieving resources for com.google.android.packageinstaller: Drawable com.android.packageinstaller:drawable/ic_app_icon with resource ID #0x7f070060
12-21 01:46:43.407 18795 18795 W PackageManager: Failure retrieving resources for com.google.android.packageinstaller: Drawable com.android.packageinstaller:drawable/ic_app_icon with resource ID #0x7f070060
12-21 01:46:43.423 18795 18795 I ViewRootImpl@9c2abf3[MainActivity]: MSG_WINDOW_FOCUS_CHANGED 1 1
12-21 01:46:43.423 18795 18795 D InputMethodManager: prepareNavigationBarInfo() DecorView@430d45a[MainActivity]
12-21 01:46:43.423 18795 18795 D InputMethodManager: getNavigationBarColor() 0
12-21 01:46:43.424 18795 18795 D InputMethodManager: prepareNavigationBarInfo() DecorView@430d45a[MainActivity]
12-21 01:46:43.424 18795 18795 D InputMethodManager: getNavigationBarColor() 0
12-21 01:46:43.424 18795 18795 V InputMethodManager: Starting input: tba=app.universal.revanced.manager ic=null mNaviBarColor 0 mIsGetNaviBarColorSuccess true , NavVisible : true , NavTrans : false
12-21 01:46:43.424 18795 18795 D InputMethodManager: startInputInner - Id : 0
12-21 01:46:43.424 18795 18795 I InputMethodManager: startInputInner - mService.startInputOrWindowGainedFocus
12-21 01:46:43.426 18795 18795 D InputTransport: Input channel constructed: 'ClientS', fd=91
12-21 01:46:43.427 18795 18795 D InputTransport: Input channel destroyed: 'ClientS', fd=118
12-21 01:46:43.434 18795 18795 I SurfaceControl: nativeRelease nativeObject s[511189905376]
12-21 01:46:43.434 18795 18795 I SurfaceControl: nativeRelease nativeObject e[511189905376]
12-21 01:46:43.436 18795 18795 I SurfaceControl: nativeRelease nativeObject s[513301236224]
12-21 01:46:43.436 18795 18795 I SurfaceControl: nativeRelease nativeObject e[513301236224]
12-21 01:46:43.436 18795 18795 I SurfaceControl: nativeRelease nativeObject s[513301236128]
12-21 01:46:43.436 18795 18795 I SurfaceControl: nativeRelease nativeObject e[513301236128]
12-21 01:46:43.936 18795 18795 I ViewRootImpl@9c2abf3[MainActivity]: ViewPostIme pointer 0
12-21 01:46:43.969 18795 18795 I ViewRootImpl@9c2abf3[MainActivity]: ViewPostIme pointer 1
12-21 01:46:43.985 18795 18795 I Dialog  : mIsSamsungBasicInteraction = false, isMetaDataInActivity = false
12-21 01:46:43.987 18795 18795 I DecorView: [INFO] isPopOver=false, config=false
12-21 01:46:43.987 18795 18795 I DecorView: updateCaptionType >> DecorView@c99c785[], isFloating=true, isApplication=true, hasWindowDecorCaption=false, hasWindowControllerCallback=false
12-21 01:46:43.988 18795 18795 D DecorView: setCaptionType = 0, this = DecorView@c99c785[]
12-21 01:46:44.011 18795 18795 D InputTransport: Input channel constructed: 'a6692ac', fd=90
12-21 01:46:44.011 18795 18795 I ViewRootImpl@b800271[MainActivity]: setView = com.android.internal.policy.DecorView@c99c785 TM=true
12-21 01:46:44.053 18795 18795 I SurfaceControl: assignNativeObject: nativeObject = 0 Surface(name=null)/@0xfcb475b / android.view.SurfaceControl.readFromParcel:1117 android.view.IWindowSession$Stub$Proxy.relayout:1836 android.view.ViewRootImpl.relayoutWindow:9005 android.view.ViewRootImpl.performTraversals:3360 android.view.ViewRootImpl.doTraversal:2618 android.view.ViewRootImpl$TraversalRunnable.run:9971 android.view.Choreographer$CallbackRecord.run:1010 android.view.Choreographer.doCallbacks:809 android.view.Choreographer.doFrame:744 android.view.Choreographer$FrameDisplayEventReceiver.run:995 
12-21 01:46:44.057 18795 18795 I ViewRootImpl@b800271[MainActivity]: Relayout returned: old=(0,86,1080,2340) new=(108,298,972,2127) req=(864,1829)0 dur=14 res=0x7 s={true 511575904256} ch=true fn=-1
12-21 01:46:44.061 18795 18795 I ViewRootImpl@b800271[MainActivity]: [DP] dp(1) 1 android.view.ViewRootImpl.reportNextDraw:10957 android.view.ViewRootImpl.performTraversals:3845 android.view.ViewRootImpl.doTraversal:2618 
12-21 01:46:44.061 18795 18795 I ViewRootImpl@b800271[MainActivity]: [DP] pd() Asnyc report
12-21 01:46:44.070 18795 18795 I ViewRootImpl@b800271[MainActivity]: [DP] pdf(0) 1 android.view.ViewRootImpl.lambda$performDraw$1$ViewRootImpl:4668 android.view.-$$Lambda$ViewRootImpl$DJd0VUYJgsebcnSohO6h8zc_ONI.run:6 android.os.Handler.handleCallback:938 
12-21 01:46:44.070 18795 18795 I ViewRootImpl@b800271[MainActivity]: [DP] rdf()
12-21 01:46:44.096 18795 18795 I SurfaceControl: nativeRelease nativeObject s[511189898272]
12-21 01:46:44.096 18795 18795 I SurfaceControl: nativeRelease nativeObject e[511189898272]
12-21 01:46:44.097 18795 18795 I SurfaceControl: assignNativeObject: nativeObject = 0 Surface(name=null)/@0xfcb475b / android.view.SurfaceControl.readFromParcel:1117 android.view.IWindowSession$Stub$Proxy.relayout:1836 android.view.ViewRootImpl.relayoutWindow:9005 android.view.ViewRootImpl.performTraversals:3360 android.view.ViewRootImpl.doTraversal:2618 android.view.ViewRootImpl$TraversalRunnable.run:9971 android.view.Choreographer$CallbackRecord.run:1010 android.view.Choreographer.doCallbacks:809 android.view.Choreographer.doFrame:744 android.view.Choreographer$FrameDisplayEventReceiver.run:995 
12-21 01:46:44.097 18795 18795 I SurfaceControl: nativeRelease nativeObject s[511189900096]
12-21 01:46:44.097 18795 18795 I SurfaceControl: nativeRelease nativeObject e[511189900096]
12-21 01:46:44.097 18795 18795 I SurfaceControl: nativeRelease nativeObject s[511189899808]
12-21 01:46:44.097 18795 18795 I SurfaceControl: nativeRelease nativeObject e[511189899808]
12-21 01:46:44.097 18795 18795 I ViewRootImpl@b800271[MainActivity]: Relayout returned: old=(108,298,972,2127) new=(108,298,972,2127) req=(864,1829)0 dur=19 res=0x1 s={true 511575904256} ch=false fn=2
12-21 01:46:44.105 18795 18795 I SurfaceControl: nativeRelease nativeObject s[513301226144]
12-21 01:46:44.105 18795 18795 I SurfaceControl: nativeRelease nativeObject e[513301226144]
12-21 01:46:44.105 18795 18795 I SurfaceControl: nativeRelease nativeObject s[513301225664]
12-21 01:46:44.105 18795 18795 I SurfaceControl: nativeRelease nativeObject e[513301225664]
12-21 01:46:44.105 18795 18795 I SurfaceControl: nativeRelease nativeObject s[513301225568]
12-21 01:46:44.105 18795 18795 I SurfaceControl: nativeRelease nativeObject e[513301225568]
12-21 01:46:44.106 18795 18795 I SurfaceControl: nativeRelease nativeObject s[510310913824]
12-21 01:46:44.106 18795 18795 I SurfaceControl: nativeRelease nativeObject e[510310913824]
12-21 01:46:44.106 18795 18795 I SurfaceControl: nativeRelease nativeObject s[511189898272]
12-21 01:46:44.106 18795 18795 I SurfaceControl: nativeRelease nativeObject e[511189898272]
12-21 01:46:44.107 18795 18795 I ViewRootImpl@9c2abf3[MainActivity]: MSG_WINDOW_FOCUS_CHANGED 0 1
12-21 01:46:44.110 18795 18795 I ViewRootImpl@b800271[MainActivity]: MSG_WINDOW_FOCUS_CHANGED 1 1
12-21 01:46:44.110 18795 18795 D InputMethodManager: prepareNavigationBarInfo() DecorView@c99c785[MainActivity]
12-21 01:46:44.110 18795 18795 D InputMethodManager: getNavigationBarColor() -16711423
12-21 01:46:44.110 18795 18795 D InputMethodManager: prepareNavigationBarInfo() DecorView@c99c785[MainActivity]
12-21 01:46:44.110 18795 18795 D InputMethodManager: getNavigationBarColor() -16711423
12-21 01:46:44.110 18795 18795 V InputMethodManager: Starting input: tba=app.universal.revanced.manager ic=null mNaviBarColor -16711423 mIsGetNaviBarColorSuccess true , NavVisible : true , NavTrans : false
12-21 01:46:44.110 18795 18795 D InputMethodManager: startInputInner - Id : 0
12-21 01:46:44.110 18795 18795 I InputMethodManager: startInputInner - mService.startInputOrWindowGainedFocus
12-21 01:46:44.112 18795 18795 D InputTransport: Input channel constructed: 'ClientS', fd=105
12-21 01:46:44.112 18795 18795 D InputTransport: Input channel destroyed: 'ClientS', fd=91
12-21 01:46:44.118 18795 18795 I SurfaceControl: nativeRelease nativeObject s[511189905472]
12-21 01:46:44.118 18795 18795 I SurfaceControl: nativeRelease nativeObject e[511189905472]
12-21 01:46:44.120 18795 18795 I SurfaceControl: nativeRelease nativeObject s[513301231424]
12-21 01:46:44.120 18795 18795 I SurfaceControl: nativeRelease nativeObject e[513301231424]
12-21 01:46:44.120 18795 18795 I SurfaceControl: nativeRelease nativeObject s[513301231328]
12-21 01:46:44.120 18795 18795 I SurfaceControl: nativeRelease nativeObject e[513301231328]
12-21 01:46:44.923 18795 18795 W PackageManager: Failure retrieving resources for com.google.android.packageinstaller: Drawable com.android.packageinstaller:drawable/ic_app_icon with resource ID #0x7f070060
12-21 01:46:44.941 18795 18795 W PackageManager: Failure retrieving resources for com.google.android.packageinstaller: Drawable com.android.packageinstaller:drawable/ic_app_icon with resource ID #0x7f070060
12-21 01:46:46.033 18795 18795 I ViewRootImpl@b800271[MainActivity]: ViewPostIme pointer 0
12-21 01:46:46.112 18795 18795 I ViewRootImpl@b800271[MainActivity]: ViewPostIme pointer 1
12-21 01:46:46.114 18795 28862 D InstallerManager: parseToken(:internal:) -> Internal
12-21 01:46:46.115 18795 28862 D InstallerManager: updateFallbackToken -> Component(bin.mt.plus/bin.mt.plus.OpenFileActivity)
12-21 01:46:46.143 18795 19421 W libEGL  : EGLNativeWindowType 0x771c4cd010 disconnect failed
12-21 01:46:46.143 18795 19421 D OpenGLRenderer: endAllActiveAnimators on 0x76d129f900 (UnprojectedRipple) with handle 0x7704f9b220
12-21 01:46:46.143 18795 18795 D ViewRootImpl@b800271[MainActivity]: dispatchDetachedFromWindow: reset blurmask
12-21 01:46:46.143 18795 18795 I ViewRootImpl@b800271[MainActivity]: dispatchDetachedFromWindow
12-21 01:46:46.143 18795 18795 I SurfaceControl: nativeRelease nativeObject s[510310912672]
12-21 01:46:46.143 18795 18795 I SurfaceControl: nativeRelease nativeObject e[510310912672]
12-21 01:46:46.161 18795 18795 D InputTransport: Input channel destroyed: 'a6692ac', fd=90
12-21 01:46:46.163 18795 18795 I SurfaceControl: nativeRelease nativeObject s[513301236032]
12-21 01:46:46.163 18795 18795 I SurfaceControl: nativeRelease nativeObject e[513301236032]
12-21 01:46:46.163 18795 18795 I SurfaceControl: nativeRelease nativeObject s[513301235936]
12-21 01:46:46.163 18795 18795 I SurfaceControl: nativeRelease nativeObject e[513301235936]
12-21 01:46:46.163 18795 18795 I SurfaceControl: nativeRelease nativeObject s[513301231520]
12-21 01:46:46.163 18795 18795 I SurfaceControl: nativeRelease nativeObject e[513301231520]
12-21 01:46:46.180 18795 18795 I ViewRootImpl@9c2abf3[MainActivity]: MSG_WINDOW_FOCUS_CHANGED 1 1
12-21 01:46:46.180 18795 18795 D InputMethodManager: prepareNavigationBarInfo() DecorView@430d45a[MainActivity]
12-21 01:46:46.180 18795 18795 D InputMethodManager: getNavigationBarColor() 0
12-21 01:46:46.181 18795 18795 D InputMethodManager: prepareNavigationBarInfo() DecorView@430d45a[MainActivity]
12-21 01:46:46.181 18795 18795 D InputMethodManager: getNavigationBarColor() 0
12-21 01:46:46.181 18795 18795 V InputMethodManager: Starting input: tba=app.universal.revanced.manager ic=null mNaviBarColor 0 mIsGetNaviBarColorSuccess true , NavVisible : true , NavTrans : false
12-21 01:46:46.181 18795 18795 D InputMethodManager: startInputInner - Id : 0
12-21 01:46:46.181 18795 18795 I InputMethodManager: startInputInner - mService.startInputOrWindowGainedFocus
12-21 01:46:46.183 18795 18795 D InputTransport: Input channel constructed: 'ClientS', fd=90
12-21 01:46:46.183 18795 18795 D InputTransport: Input channel destroyed: 'ClientS', fd=105
12-21 01:46:46.196 18795 18795 I SurfaceControl: nativeRelease nativeObject s[513301225568]
12-21 01:46:46.196 18795 18795 I SurfaceControl: nativeRelease nativeObject e[513301225568]
12-21 01:46:46.198 18795 18795 I SurfaceControl: nativeRelease nativeObject s[513222124256]
12-21 01:46:46.198 18795 18795 I SurfaceControl: nativeRelease nativeObject e[513222124256]
12-21 01:46:46.198 18795 18795 I SurfaceControl: nativeRelease nativeObject s[510311591616]
12-21 01:46:46.198 18795 18795 I SurfaceControl: nativeRelease nativeObject e[510311591616]
12-21 01:46:46.460 18795 18795 W PackageManager: Failure retrieving resources for com.google.android.packageinstaller: Drawable com.android.packageinstaller:drawable/ic_app_icon with resource ID #0x7f070060
12-21 01:46:46.469 18795 18795 W PackageManager: Failure retrieving resources for com.google.android.packageinstaller: Drawable com.android.packageinstaller:drawable/ic_app_icon with resource ID #0x7f070060
12-21 01:46:46.507 18795 18795 I ViewRootImpl@9c2abf3[MainActivity]: ViewPostIme pointer 0
12-21 01:46:46.562 18795 18795 I ViewRootImpl@9c2abf3[MainActivity]: ViewPostIme pointer 1
12-21 01:46:46.569 18795 18795 W PackageManager: Failure retrieving resources for com.google.android.packageinstaller: Drawable com.android.packageinstaller:drawable/ic_app_icon with resource ID #0x7f070060
12-21 01:46:46.578 18795 18795 I Dialog  : mIsSamsungBasicInteraction = false, isMetaDataInActivity = false
12-21 01:46:46.580 18795 18795 I DecorView: [INFO] isPopOver=false, config=false
12-21 01:46:46.580 18795 18795 I DecorView: updateCaptionType >> DecorView@2d24af[], isFloating=false, isApplication=true, hasWindowDecorCaption=false, hasWindowControllerCallback=false
12-21 01:46:46.580 18795 18795 D DecorView: setCaptionType = 0, this = DecorView@2d24af[]
12-21 01:46:46.601 18795 18795 D InputTransport: Input channel constructed: '32257f8', fd=91
12-21 01:46:46.602 18795 18795 I ViewRootImpl@d906fd8[MainActivity]: setView = com.android.internal.policy.DecorView@2d24af TM=true
12-21 01:46:46.626 18795 18795 W PackageManager: Failure retrieving resources for com.google.android.packageinstaller: Drawable com.android.packageinstaller:drawable/ic_app_icon with resource ID #0x7f070060
12-21 01:46:46.661 18795 18795 I SurfaceControl: assignNativeObject: nativeObject = 0 Surface(name=null)/@0x9393071 / android.view.SurfaceControl.readFromParcel:1117 android.view.IWindowSession$Stub$Proxy.relayout:1836 android.view.ViewRootImpl.relayoutWindow:9005 android.view.ViewRootImpl.performTraversals:3360 android.view.ViewRootImpl.doTraversal:2618 android.view.ViewRootImpl$TraversalRunnable.run:9971 android.view.Choreographer$CallbackRecord.run:1010 android.view.Choreographer.doCallbacks:809 android.view.Choreographer.doFrame:744 android.view.Choreographer$FrameDisplayEventReceiver.run:995 
12-21 01:46:46.663 18795 18795 I ViewRootImpl@d906fd8[MainActivity]: Relayout returned: old=(0,0,1080,2340) new=(0,0,1080,2340) req=(1080,2340)0 dur=14 res=0x7 s={true 511575904256} ch=true fn=-1
12-21 01:46:46.670 18795 18795 I ViewRootImpl@d906fd8[MainActivity]: [DP] dp(1) 1 android.view.ViewRootImpl.reportNextDraw:10957 android.view.ViewRootImpl.performTraversals:3845 android.view.ViewRootImpl.doTraversal:2618 
12-21 01:46:46.670 18795 18795 I ViewRootImpl@d906fd8[MainActivity]: [DP] pd() Asnyc report
12-21 01:46:46.677 18795 18795 I ViewRootImpl@d906fd8[MainActivity]: [DP] pdf(0) 1 android.view.ViewRootImpl.lambda$performDraw$1$ViewRootImpl:4668 android.view.-$$Lambda$ViewRootImpl$DJd0VUYJgsebcnSohO6h8zc_ONI.run:6 android.os.Handler.handleCallback:938 
12-21 01:46:46.677 18795 18795 I ViewRootImpl@d906fd8[MainActivity]: [DP] rdf()
12-21 01:46:46.706 18795 18795 I SurfaceControl: nativeRelease nativeObject s[515843583520]
12-21 01:46:46.706 18795 18795 I SurfaceControl: nativeRelease nativeObject e[515843583520]
12-21 01:46:46.707 18795 18795 I SurfaceControl: assignNativeObject: nativeObject = 0 Surface(name=null)/@0x9393071 / android.view.SurfaceControl.readFromParcel:1117 android.view.IWindowSession$Stub$Proxy.relayout:1836 android.view.ViewRootImpl.relayoutWindow:9005 android.view.ViewRootImpl.performTraversals:3360 android.view.ViewRootImpl.doTraversal:2618 android.view.ViewRootImpl$TraversalRunnable.run:9971 android.view.Choreographer$CallbackRecord.run:1010 android.view.Choreographer.doCallbacks:809 android.view.Choreographer.doFrame:744 android.view.Choreographer$FrameDisplayEventReceiver.run:995 
12-21 01:46:46.708 18795 18795 I SurfaceControl: nativeRelease nativeObject s[511189900096]
12-21 01:46:46.708 18795 18795 I SurfaceControl: nativeRelease nativeObject e[511189900096]
12-21 01:46:46.708 18795 18795 I SurfaceControl: nativeRelease nativeObject s[513301225568]
12-21 01:46:46.708 18795 18795 I SurfaceControl: nativeRelease nativeObject e[513301225568]
12-21 01:46:46.708 18795 18795 I ViewRootImpl@d906fd8[MainActivity]: Relayout returned: old=(0,0,1080,2340) new=(0,0,1080,2340) req=(1080,2340)0 dur=19 res=0x1 s={true 511575904256} ch=false fn=2
12-21 01:46:46.711 18795 18795 I SurfaceControl: nativeRelease nativeObject s[513301231424]
