12-21 01:32:14.062 18795 18795 I ViewRootImpl@9c2abf3[MainActivity]: stopped(false) old=false
12-21 01:32:14.110 18795 18795 I SurfaceControl: assignNativeObject: nativeObject = 0 Surface(name=null)/@0xd6e2832 / android.view.SurfaceControl.readFromParcel:1117 android.view.IWindowSession$Stub$Proxy.relayout:1836 android.view.ViewRootImpl.relayoutWindow:9005 android.view.ViewRootImpl.performTraversals:3360 android.view.ViewRootImpl.doTraversal:2618 android.view.ViewRootImpl$TraversalRunnable.run:9971 android.view.Choreographer$CallbackRecord.run:1010 android.view.Choreographer.doCallbacks:809 android.view.Choreographer.doFrame:744 android.view.Choreographer$FrameDisplayEventReceiver.run:995 
12-21 01:32:14.111 18795 18795 I ViewRootImpl@9c2abf3[MainActivity]: Relayout returned: old=(0,0,1080,2340) new=(0,0,1080,2340) req=(1080,2340)0 dur=21 res=0x7 s={true 511576297472} ch=true fn=-1
12-21 01:32:14.112 18795 18795 I ViewRootImpl@9c2abf3[MainActivity]: [DP] dp(1) 1 android.view.ViewRootImpl.reportNextDraw:10957 android.view.ViewRootImpl.performTraversals:3845 android.view.ViewRootImpl.doTraversal:2618 
12-21 01:32:14.112 18795 18795 I ViewRootImpl@9c2abf3[MainActivity]: [DP] pd() Asnyc report
12-21 01:32:14.158 18795 18795 I ViewRootImpl@9c2abf3[MainActivity]: [DP] pdf(0) 1 android.view.ViewRootImpl.lambda$performDraw$1$ViewRootImpl:4668 android.view.-$$Lambda$ViewRootImpl$DJd0VUYJgsebcnSohO6h8zc_ONI.run:6 android.os.Handler.handleCallback:938 
12-21 01:32:14.158 18795 18795 I ViewRootImpl@9c2abf3[MainActivity]: [DP] rdf()
12-21 01:32:14.176 18795 18795 I ViewRootImpl@9c2abf3[MainActivity]: MSG_WINDOW_FOCUS_CHANGED 1 1
12-21 01:32:14.176 18795 18795 D InputMethodManager: prepareNavigationBarInfo() DecorView@430d45a[MainActivity]
12-21 01:32:14.176 18795 18795 D InputMethodManager: getNavigationBarColor() 0
12-21 01:32:14.176 18795 18795 D InputMethodManager: prepareNavigationBarInfo() DecorView@430d45a[MainActivity]
12-21 01:32:14.176 18795 18795 D InputMethodManager: getNavigationBarColor() 0
12-21 01:32:14.176 18795 18795 V InputMethodManager: Starting input: tba=app.universal.revanced.manager ic=null mNaviBarColor 0 mIsGetNaviBarColorSuccess true , NavVisible : true , NavTrans : false
12-21 01:32:14.176 18795 18795 D InputMethodManager: startInputInner - Id : 0
12-21 01:32:14.176 18795 18795 I InputMethodManager: startInputInner - mService.startInputOrWindowGainedFocus
12-21 01:32:14.193 18795 18795 D InputTransport: Input channel constructed: 'ClientS', fd=89
12-21 01:32:14.203 18795 18795 I SurfaceControl: nativeRelease nativeObject s[515843583904]
12-21 01:32:14.203 18795 18795 I SurfaceControl: nativeRelease nativeObject e[515843583904]
12-21 01:32:14.203 18795 18795 I SurfaceControl: nativeRelease nativeObject s[511199305856]
12-21 01:32:14.203 18795 18795 I SurfaceControl: nativeRelease nativeObject e[511199305856]
12-21 01:32:15.140 18795 18795 I ViewRootImpl@9c2abf3[MainActivity]: ViewPostIme pointer 0
12-21 01:32:15.332 18795 18795 I ViewRootImpl@9c2abf3[MainActivity]: MSG_WINDOW_FOCUS_CHANGED 0 1
12-21 01:32:15.383 18795 18795 I SurfaceControl: nativeRelease nativeObject s[513222120032]
12-21 01:32:15.384 18795 18795 I SurfaceControl: nativeRelease nativeObject e[513222120032]
12-21 01:32:15.384 18795 18795 I SurfaceControl: nativeRelease nativeObject s[513222115808]
12-21 01:32:15.384 18795 18795 I SurfaceControl: nativeRelease nativeObject e[513222115808]
12-21 01:32:15.384 18795 18795 I SurfaceControl: nativeRelease nativeObject s[513222115424]
12-21 01:32:15.384 18795 18795 I SurfaceControl: nativeRelease nativeObject e[513222115424]
12-21 01:32:15.474 18795 18795 D InputTransport: Input channel destroyed: 'ClientS', fd=89
12-21 01:32:15.482 18795 18795 I SurfaceControl: nativeRelease nativeObject s[513222122240]
12-21 01:32:15.482 18795 18795 I SurfaceControl: nativeRelease nativeObject e[513222122240]
12-21 01:32:15.752 18795 19421 W libEGL  : EGLNativeWindowType 0x771c52d010 disconnect failed
12-21 01:32:15.760 18795 18795 I SurfaceControl: nativeRelease nativeObject s[511199304608]
12-21 01:32:15.760 18795 18795 I SurfaceControl: nativeRelease nativeObject e[511199304608]
12-21 01:32:15.761 18795 18795 I SurfaceControl: assignNativeObject: nativeObject = 0 Surface(name=null)/@0x36c1db4 / android.view.SurfaceControl.readFromParcel:1117 android.view.IWindowSession$Stub$Proxy.relayout:1826 android.view.ViewRootImpl.relayoutWindow:9005 android.view.ViewRootImpl.performTraversals:3360 android.view.ViewRootImpl.doTraversal:2618 android.view.ViewRootImpl$TraversalRunnable.run:9971 android.view.Choreographer$CallbackRecord.run:1010 android.view.Choreographer.doCallbacks:809 android.view.Choreographer.doFrame:744 android.view.Choreographer$FrameDisplayEventReceiver.run:995 
12-21 01:32:15.761 18795 18795 I SurfaceControl: assignNativeObject: nativeObject = 0 Surface(name=null)/@0xd6e2832 / android.view.SurfaceControl.readFromParcel:1117 android.view.IWindowSession$Stub$Proxy.relayout:1836 android.view.ViewRootImpl.relayoutWindow:9005 android.view.ViewRootImpl.performTraversals:3360 android.view.ViewRootImpl.doTraversal:2618 android.view.ViewRootImpl$TraversalRunnable.run:9971 android.view.Choreographer$CallbackRecord.run:1010 android.view.Choreographer.doCallbacks:809 android.view.Choreographer.doFrame:744 android.view.Choreographer$FrameDisplayEventReceiver.run:995 
12-21 01:32:15.762 18795 18795 I ViewRootImpl@9c2abf3[MainActivity]: Relayout returned: old=(0,0,1080,2340) new=(0,0,1080,2340) req=(1080,2340)8 dur=8 res=0x5 s={false 0} ch=true fn=14
12-21 01:32:15.771 18795 18795 I ViewRootImpl@9c2abf3[MainActivity]: stopped(true) old=false
12-21 01:32:16.766 18795 18795 I SurfaceControl: assignNativeObject: nativeObject = 0 Surface(name=null)/@0x36c1db4 / android.view.SurfaceControl.readFromParcel:1117 android.view.IWindowSession$Stub$Proxy.relayout:1826 android.view.ViewRootImpl.relayoutWindow:9005 android.view.ViewRootImpl.performTraversals:3360 android.view.ViewRootImpl.doTraversal:2618 android.view.ViewRootImpl$TraversalRunnable.run:9971 android.view.Choreographer$CallbackRecord.run:1010 android.view.Choreographer.doCallbacks:809 android.view.Choreographer.doFrame:744 android.view.Choreographer$FrameDisplayEventReceiver.run:995 
12-21 01:32:16.766 18795 18795 I SurfaceControl: assignNativeObject: nativeObject = 0 Surface(name=null)/@0xd6e2832 / android.view.SurfaceControl.readFromParcel:1117 android.view.IWindowSession$Stub$Proxy.relayout:1836 android.view.ViewRootImpl.relayoutWindow:9005 android.view.ViewRootImpl.performTraversals:3360 android.view.ViewRootImpl.doTraversal:2618 android.view.ViewRootImpl$TraversalRunnable.run:9971 android.view.Choreographer$CallbackRecord.run:1010 android.view.Choreographer.doCallbacks:809 android.view.Choreographer.doFrame:744 android.view.Choreographer$FrameDisplayEventReceiver.run:995 
12-21 01:32:16.767 18795 18795 I ViewRootImpl@9c2abf3[MainActivity]: Relayout returned: old=(0,0,1080,2340) new=(0,0,1080,2340) req=(1080,2340)4 dur=21 res=0x1 s={false 0} ch=false fn=-1
12-21 01:32:16.767 18795 18795 I ViewRootImpl@9c2abf3[MainActivity]: stopped(false) old=true
12-21 01:32:16.775 18795 18795 I ViewRootImpl@9c2abf3[MainActivity]: stopped(false) old=false
12-21 01:32:16.809 18795 18795 I SurfaceControl: assignNativeObject: nativeObject = 0 Surface(name=null)/@0xd6e2832 / android.view.SurfaceControl.readFromParcel:1117 android.view.IWindowSession$Stub$Proxy.relayout:1836 android.view.ViewRootImpl.relayoutWindow:9005 android.view.ViewRootImpl.performTraversals:3360 android.view.ViewRootImpl.doTraversal:2618 android.view.ViewRootImpl$TraversalRunnable.run:9971 android.view.Choreographer$CallbackRecord.run:1010 android.view.Choreographer.doCallbacks:809 android.view.Choreographer.doFrame:744 android.view.Choreographer$FrameDisplayEventReceiver.run:995 
12-21 01:32:16.810 18795 18795 I ViewRootImpl@9c2abf3[MainActivity]: Relayout returned: old=(0,0,1080,2340) new=(0,0,1080,2340) req=(1080,2340)0 dur=23 res=0x7 s={true 511576297472} ch=true fn=-1
12-21 01:32:16.811 18795 18795 I ViewRootImpl@9c2abf3[MainActivity]: [DP] dp(1) 1 android.view.ViewRootImpl.reportNextDraw:10957 android.view.ViewRootImpl.performTraversals:3845 android.view.ViewRootImpl.doTraversal:2618 
12-21 01:32:16.811 18795 18795 I ViewRootImpl@9c2abf3[MainActivity]: [DP] pd() Asnyc report
12-21 01:32:16.847 18795 18795 I ViewRootImpl@9c2abf3[MainActivity]: [DP] pdf(0) 1 android.view.ViewRootImpl.lambda$performDraw$1$ViewRootImpl:4668 android.view.-$$Lambda$ViewRootImpl$DJd0VUYJgsebcnSohO6h8zc_ONI.run:6 android.os.Handler.handleCallback:938 
12-21 01:32:16.847 18795 18795 I ViewRootImpl@9c2abf3[MainActivity]: [DP] rdf()
12-21 01:32:16.872 18795 18795 I ViewRootImpl@9c2abf3[MainActivity]: MSG_WINDOW_FOCUS_CHANGED 1 1
12-21 01:32:16.872 18795 18795 D InputMethodManager: prepareNavigationBarInfo() DecorView@430d45a[MainActivity]
12-21 01:32:16.873 18795 18795 D InputMethodManager: getNavigationBarColor() 0
12-21 01:32:16.873 18795 18795 D InputMethodManager: prepareNavigationBarInfo() DecorView@430d45a[MainActivity]
12-21 01:32:16.873 18795 18795 D InputMethodManager: getNavigationBarColor() 0
12-21 01:32:16.873 18795 18795 V InputMethodManager: Starting input: tba=app.universal.revanced.manager ic=null mNaviBarColor 0 mIsGetNaviBarColorSuccess true , NavVisible : true , NavTrans : false
12-21 01:32:16.873 18795 18795 D InputMethodManager: startInputInner - Id : 0
12-21 01:32:16.873 18795 18795 I InputMethodManager: startInputInner - mService.startInputOrWindowGainedFocus
12-21 01:32:16.881 18795 18795 D InputTransport: Input channel constructed: 'ClientS', fd=90
12-21 01:32:16.897 18795 18795 I SurfaceControl: nativeRelease nativeObject s[515843579488]
12-21 01:32:16.897 18795 18795 I SurfaceControl: nativeRelease nativeObject e[515843579488]
12-21 01:32:16.897 18795 18795 I SurfaceControl: nativeRelease nativeObject s[515843579296]
12-21 01:32:16.897 18795 18795 I SurfaceControl: nativeRelease nativeObject e[515843579296]
12-21 01:32:20.637 18795 18795 I ViewRootImpl@9c2abf3[MainActivity]: ViewPostIme pointer 0
12-21 01:32:20.822 18795 18795 I ViewRootImpl@9c2abf3[MainActivity]: MSG_WINDOW_FOCUS_CHANGED 0 1
12-21 01:32:20.859 18795 18795 I SurfaceControl: nativeRelease nativeObject s[515843583904]
12-21 01:32:20.859 18795 18795 I SurfaceControl: nativeRelease nativeObject e[515843583904]
12-21 01:32:20.859 18795 18795 I SurfaceControl: nativeRelease nativeObject s[515843583712]
12-21 01:32:20.859 18795 18795 I SurfaceControl: nativeRelease nativeObject e[515843583712]
12-21 01:32:20.859 18795 18795 I SurfaceControl: nativeRelease nativeObject s[515843582848]
12-21 01:32:20.859 18795 18795 I SurfaceControl: nativeRelease nativeObject e[515843582848]
12-21 01:32:20.949 18795 18795 D InputTransport: Input channel destroyed: 'ClientS', fd=90
12-21 01:32:20.959 18795 18795 I SurfaceControl: nativeRelease nativeObject s[513222115424]
12-21 01:32:20.959 18795 18795 I SurfaceControl: nativeRelease nativeObject e[513222115424]
12-21 01:32:21.226 18795 18795 I ViewRootImpl@9c2abf3[MainActivity]: stopped(true) old=false
12-21 01:32:21.231 18795 18795 I SurfaceControl: nativeRelease nativeObject s[513222120320]
12-21 01:32:21.231 18795 18795 I SurfaceControl: nativeRelease nativeObject e[513222120320]
12-21 01:32:21.280 18795 19421 W libEGL  : EGLNativeWindowType 0x771c52d010 disconnect failed
12-21 01:32:21.288 18795 18795 I SurfaceControl: assignNativeObject: nativeObject = 0 Surface(name=null)/@0x36c1db4 / android.view.SurfaceControl.readFromParcel:1117 android.view.IWindowSession$Stub$Proxy.relayout:1826 android.view.ViewRootImpl.relayoutWindow:9005 android.view.ViewRootImpl.performTraversals:3360 android.view.ViewRootImpl.doTraversal:2618 android.view.ViewRootImpl$TraversalRunnable.run:9971 android.view.Choreographer$CallbackRecord.run:1010 android.view.Choreographer.doCallbacks:809 android.view.Choreographer.doFrame:744 android.view.Choreographer$FrameDisplayEventReceiver.run:995 
12-21 01:32:21.289 18795 18795 I SurfaceControl: assignNativeObject: nativeObject = 0 Surface(name=null)/@0xd6e2832 / android.view.SurfaceControl.readFromParcel:1117 android.view.IWindowSession$Stub$Proxy.relayout:1836 android.view.ViewRootImpl.relayoutWindow:9005 android.view.ViewRootImpl.performTraversals:3360 android.view.ViewRootImpl.doTraversal:2618 android.view.ViewRootImpl$TraversalRunnable.run:9971 android.view.Choreographer$CallbackRecord.run:1010 android.view.Choreographer.doCallbacks:809 android.view.Choreographer.doFrame:744 android.view.Choreographer$FrameDisplayEventReceiver.run:995 
12-21 01:32:21.291 18795 18795 I ViewRootImpl@9c2abf3[MainActivity]: Relayout returned: old=(0,0,1080,2340) new=(0,0,1080,2340) req=(1080,2340)8 dur=8 res=0x5 s={false 0} ch=false fn=-1
12-21 01:35:00.676 18795 19402 W evanced.manage: Suspending all threads took: 105.986ms
12-21 01:36:04.756 18795 19466 D Universal ReVanced Manager: Bundle: PatchBundleEntity(uid=0, name=ReVanced Patches, displayName=Official ReVanced Patches, versionHash=v5.47.0, source=api, autoUpdate=true, sortOrder=0, createdAt=1766060061000, updatedAt=1766258742076)
12-21 01:36:04.757 18795 19466 D Universal ReVanced Manager: Bundle: PatchBundleEntity(uid=-237722203, name=ReVanced Liso Patches, displayName=null, versionHash=v1.0.0-dev.6, source=https://raw.githubusercontent.com/Jman-Github/ReVanced-Patch-Bundles/bundles/patch-bundles/lisouseInaikyrios-patch-bundles/lisouseInaikyrios-latest-patches-bundle.json, autoUpdate=true, sortOrder=1, createdAt=1764310914000, updatedAt=1766259290259)
12-21 01:36:04.757 18795 19466 D Universal ReVanced Manager: Bundle: PatchBundleEntity(uid=63546442, name=ReVanced Patches, displayName=Inotia00 Patches (stable), versionHash=v5.13.1, source=https://raw.githubusercontent.com/Jman-Github/ReVanced-Patch-Bundles/bundles/patch-bundles/inotia00-patch-bundles/inotia00-stable-patches-bundle.json, autoUpdate=true, sortOrder=2, createdAt=1763208609000, updatedAt=1766259255448)
12-21 01:36:04.757 18795 19466 D Universal ReVanced Manager: Bundle: PatchBundleEntity(uid=-649655273, name=ReVanced Patches, displayName=Inotia00 Patches (latest), versionHash=v5.14.1-dev.5, source=https://raw.githubusercontent.com/Jman-Github/ReVanced-Patch-Bundles/bundles/patch-bundles/inotia00-patch-bundles/inotia00-latest-patches-bundle.json, autoUpdate=true, sortOrder=3, createdAt=1765628370000, updatedAt=1766259184464)
12-21 01:36:04.757 18795 19466 D Universal ReVanced Manager: Bundle: PatchBundleEntity(uid=-855442497, name=ReVanced Patches, displayName=Anddea Patches (stable), versionHash=v3.14.0, source=https://raw.githubusercontent.com/Jman-Github/ReVanced-Patch-Bundles/bundles/patch-bundles/anddea-patch-bundles/anddea-stable-patches-bundle.json, autoUpdate=true, sortOrder=4, createdAt=1759694972000, updatedAt=1766259091936)
12-21 01:36:04.758 18795 19466 D Universal ReVanced Manager: Bundle: PatchBundleEntity(uid=1892486611, name=RVX Patches, displayName=Anddea Patches (latest), versionHash=v3.15.0-dev.7, source=https://raw.githubusercontent.com/Jman-Github/ReVanced-Patch-Bundles/bundles/patch-bundles/anddea-patch-bundles/anddea-latest-patches-bundle.json, autoUpdate=true, sortOrder=5, createdAt=1765717851000, updatedAt=1766258780783)
12-21 01:36:04.758 18795 19466 D Universal ReVanced Manager: Bundle: PatchBundleEntity(uid=-2135529179, name=Unnamed, displayName=null, versionHash=v3.15.0-dev.7, source=https://raw.githubusercontent.com/Jman-Github/ReVanced-Patch-Bundles/bundles/patch-bundles/anddea-patch-bundles/anddea-dev-patches-bundle.json, autoUpdate=true, sortOrder=6, createdAt=1765717851000, updatedAt=1766277364578)
12-21 01:36:12.006 18795 19466 I evanced.manage: Waiting for a blocking GC ClassLinker
12-21 01:36:12.582 18795 19466 I evanced.manage: WaitForGcToComplete blocked ClassLinker on HeapTrim for 575.170ms
12-21 01:36:16.741 18795 19402 W evanced.manage: Suspending all threads took: 20.813ms
12-21 01:36:19.577 18795 19466 W evanced.manage: Verification of app.revanced.patcher.patch.BytecodePatch app.revanced.patches.shared.drc.DrcAudioPatchKt.drcAudioPatch(kotlin.jvm.functions.Function1) took 102.201ms (205.48 bytecodes/s) (1888B approximate peak alloc)
12-21 01:36:25.012 18795 19466 I evanced.manage: Waiting for a blocking GC ClassLinker
12-21 01:36:25.050 18795 19466 I evanced.manage: WaitForGcToComplete blocked ClassLinker on HeapTrim for 37.960ms
12-21 01:36:28.565 18795 19466 I evanced.manage: Waiting for a blocking GC ClassLinker
12-21 01:36:29.141 18795 19466 I evanced.manage: WaitForGcToComplete blocked ClassLinker on HeapTrim for 575.592ms
12-21 01:36:30.972 18795 19466 E Universal ReVanced Manager: Failed to load bundle Unnamed
12-21 01:36:30.972 18795 19466 E Universal ReVanced Manager: java.util.zip.ZipException: error in opening zip file
12-21 01:36:30.972 18795 19466 E Universal ReVanced Manager: 	at java.util.zip.ZipFile.open(Native Method)
12-21 01:36:30.972 18795 19466 E Universal ReVanced Manager: 	at java.util.zip.ZipFile.<init>(ZipFile.java:265)
12-21 01:36:30.972 18795 19466 E Universal ReVanced Manager: 	at java.util.zip.ZipFile.<init>(ZipFile.java:187)
12-21 01:36:30.972 18795 19466 E Universal ReVanced Manager: 	at java.util.jar.JarFile.<init>(JarFile.java:169)
12-21 01:36:30.972 18795 19466 E Universal ReVanced Manager: 	at java.util.jar.JarFile.<init>(JarFile.java:106)
12-21 01:36:30.972 18795 19466 E Universal ReVanced Manager: 	at app.revanced.manager.patcher.patch.PatchBundle$Loader.loadBundle(Unknown Source:4)
12-21 01:36:30.972 18795 19466 E Universal ReVanced Manager: 	at app.revanced.manager.patcher.patch.PatchBundle$Loader.metadata(Unknown Source:5)
12-21 01:36:30.972 18795 19466 E Universal ReVanced Manager: 	at app.revanced.manager.domain.repository.PatchBundleRepository.loadMetadata(Unknown Source:185)
12-21 01:36:30.972 18795 19466 E Universal ReVanced Manager: 	at app.revanced.manager.domain.repository.PatchBundleRepository.access$doReload(Unknown Source:310)
12-21 01:36:30.972 18795 19466 E Universal ReVanced Manager: 	at app.revanced.manager.domain.repository.PatchBundleRepository$doReload$1.invokeSuspend(Unknown Source:11)
12-21 01:36:30.972 18795 19466 E Universal ReVanced Manager: 	at kotlin.coroutines.jvm.internal.BaseContinuationImpl.resumeWith(Unknown Source:11)
12-21 01:36:30.972 18795 19466 E Universal ReVanced Manager: 	at kotlinx.coroutines.UndispatchedCoroutine.afterResume(Unknown Source:57)
12-21 01:36:30.972 18795 19466 E Universal ReVanced Manager: 	at kotlinx.coroutines.AbstractCoroutine.resumeWith(Unknown Source:22)
12-21 01:36:30.972 18795 19466 E Universal ReVanced Manager: 	at kotlin.coroutines.jvm.internal.BaseContinuationImpl.resumeWith(Unknown Source:47)
12-21 01:36:30.972 18795 19466 E Universal ReVanced Manager: 	at kotlinx.coroutines.DispatchedTask.run(Unknown Source:132)
12-21 01:36:30.972 18795 19466 E Universal ReVanced Manager: 	at kotlinx.coroutines.scheduling.CoroutineScheduler$Worker.run(Unknown Source:95)
12-21 01:36:30.979 18795 19466 D Universal ReVanced Manager: Dispatching Mark bundles as failed
12-21 01:36:31.001 18795 19469 D Universal ReVanced Manager: Running Mark bundles as failed
12-21 01:36:31.208 18795 19415 D Universal ReVanced Manager: Stopping action runner
12-21 01:40:25.296 18795 18795 I SurfaceControl: assignNativeObject: nativeObject = 0 Surface(name=null)/@0x36c1db4 / android.view.SurfaceControl.readFromParcel:1117 android.view.IWindowSession$Stub$Proxy.relayout:1826 android.view.ViewRootImpl.relayoutWindow:9005 android.view.ViewRootImpl.performTraversals:3360 android.view.ViewRootImpl.doTraversal:2618 android.view.ViewRootImpl$TraversalRunnable.run:9971 android.view.Choreographer$CallbackRecord.run:1010 android.view.Choreographer.doCallbacks:809 android.view.Choreographer.doFrame:744 android.view.Choreographer$FrameDisplayEventReceiver.run:995 
12-21 01:40:25.298 18795 18795 I SurfaceControl: assignNativeObject: nativeObject = 0 Surface(name=null)/@0xd6e2832 / android.view.SurfaceControl.readFromParcel:1117 android.view.IWindowSession$Stub$Proxy.relayout:1836 android.view.ViewRootImpl.relayoutWindow:9005 android.view.ViewRootImpl.performTraversals:3360 android.view.ViewRootImpl.doTraversal:2618 android.view.ViewRootImpl$TraversalRunnable.run:9971 android.view.Choreographer$CallbackRecord.run:1010 android.view.Choreographer.doCallbacks:809 android.view.Choreographer.doFrame:744 android.view.Choreographer$FrameDisplayEventReceiver.run:995 
12-21 01:40:25.305 18795 18795 I ViewRootImpl@9c2abf3[MainActivity]: Relayout returned: old=(0,0,1080,2340) new=(0,0,1080,2340) req=(1080,2340)4 dur=58 res=0x1 s={false 0} ch=false fn=-1
12-21 01:40:25.306 18795 18795 I ViewRootImpl@9c2abf3[MainActivity]: stopped(false) old=true
12-21 01:40:25.395 18795 18795 I ViewRootImpl@9c2abf3[MainActivity]: stopped(false) old=false
12-21 01:40:25.643 18795 18795 I SurfaceControl: assignNativeObject: nativeObject = 0 Surface(name=null)/@0xd6e2832 / android.view.SurfaceControl.readFromParcel:1117 android.view.IWindowSession$Stub$Proxy.relayout:1836 android.view.ViewRootImpl.relayoutWindow:9005 android.view.ViewRootImpl.performTraversals:3360 android.view.ViewRootImpl.doTraversal:2618 android.view.ViewRootImpl$TraversalRunnable.run:9971 android.view.Choreographer$CallbackRecord.run:1010 android.view.Choreographer.doCallbacks:809 android.view.Choreographer.doFrame:744 android.view.Choreographer$FrameDisplayEventReceiver.run:995 
12-21 01:40:25.645 18795 18795 I ViewRootImpl@9c2abf3[MainActivity]: Relayout returned: old=(0,0,1080,2340) new=(0,0,1080,2340) req=(1080,2340)0 dur=27 res=0x7 s={true 515844235264} ch=true fn=-1
12-21 01:40:25.656 18795 18795 I ViewRootImpl@9c2abf3[MainActivity]: [DP] dp(1) 1 android.view.ViewRootImpl.reportNextDraw:10957 android.view.ViewRootImpl.performTraversals:3845 android.view.ViewRootImpl.doTraversal:2618 
12-21 01:40:25.656 18795 18795 I ViewRootImpl@9c2abf3[MainActivity]: [DP] pd() Asnyc report
12-21 01:40:25.815 18795 18795 I ViewRootImpl@9c2abf3[MainActivity]: [DP] pdf(0) 1 android.view.ViewRootImpl.lambda$performDraw$1$ViewRootImpl:4668 android.view.-$$Lambda$ViewRootImpl$DJd0VUYJgsebcnSohO6h8zc_ONI.run:6 android.os.Handler.handleCallback:938 
12-21 01:40:25.815 18795 18795 I ViewRootImpl@9c2abf3[MainActivity]: [DP] rdf()
12-21 01:40:25.842 18795 18795 I ViewRootImpl@9c2abf3[MainActivity]: MSG_WINDOW_FOCUS_CHANGED 1 1
12-21 01:40:25.842 18795 18795 D InputMethodManager: prepareNavigationBarInfo() DecorView@430d45a[MainActivity]
12-21 01:40:25.842 18795 18795 D InputMethodManager: getNavigationBarColor() 0
12-21 01:40:25.843 18795 18795 D InputMethodManager: prepareNavigationBarInfo() DecorView@430d45a[MainActivity]
12-21 01:40:25.843 18795 18795 D InputMethodManager: getNavigationBarColor() 0
12-21 01:40:25.843 18795 18795 V InputMethodManager: Starting input: tba=app.universal.revanced.manager ic=null mNaviBarColor 0 mIsGetNaviBarColorSuccess true , NavVisible : true , NavTrans : false
12-21 01:40:25.843 18795 18795 D InputMethodManager: startInputInner - Id : 0
12-21 01:40:25.843 18795 18795 I InputMethodManager: startInputInner - mService.startInputOrWindowGainedFocus
12-21 01:40:25.851 18795 19402 I evanced.manage: Background concurrent copying GC freed 6238(430KB) AllocSpace objects, 0(0B) LOS objects, 50% free, 19MB/39MB, paused 2.052ms total 1.953s
12-21 01:40:25.852 18795 18795 D InputTransport: Input channel constructed: 'ClientS', fd=88
12-21 01:40:25.886 18795 18795 I SurfaceControl: nativeRelease nativeObject s[513222120032]
12-21 01:40:25.886 18795 18795 I SurfaceControl: nativeRelease nativeObject e[513222120032]
12-21 01:40:25.886 18795 18795 I SurfaceControl: nativeRelease nativeObject s[513222115808]
12-21 01:40:25.886 18795 18795 I SurfaceControl: nativeRelease nativeObject e[513222115808]
12-21 01:40:26.823 18795 18795 I ViewRootImpl@9c2abf3[MainActivity]: ViewPostIme pointer 0
12-21 01:40:26.911 18795 18795 I ViewRootImpl@9c2abf3[MainActivity]: ViewPostIme pointer 1
12-21 01:40:27.454 18795 18795 I ViewRootImpl@9c2abf3[MainActivity]: ViewPostIme pointer 0
12-21 01:40:27.502 18795 18795 I ViewRootImpl@9c2abf3[MainActivity]: ViewPostIme pointer 1
12-21 01:40:27.528 18795 18795 I Dialog  : mIsSamsungBasicInteraction = false, isMetaDataInActivity = false
12-21 01:40:27.535 18795 18795 I DecorView: [INFO] isPopOver=false, config=false
12-21 01:40:27.536 18795 18795 I DecorView: updateCaptionType >> DecorView@b378342[], isFloating=false, isApplication=true, hasWindowDecorCaption=false, hasWindowControllerCallback=false
12-21 01:40:27.536 18795 18795 D DecorView: setCaptionType = 0, this = DecorView@b378342[]
12-21 01:40:27.566 18795 18795 D InputTransport: Input channel constructed: 'd2eecea', fd=89
12-21 01:40:27.567 18795 18795 I ViewRootImpl@344caf9[MainActivity]: setView = com.android.internal.policy.DecorView@b378342 TM=true
12-21 01:40:27.652 18795 18795 I SurfaceControl: assignNativeObject: nativeObject = 0 Surface(name=null)/@0x25044b5 / android.view.SurfaceControl.readFromParcel:1117 android.view.IWindowSession$Stub$Proxy.relayout:1836 android.view.ViewRootImpl.relayoutWindow:9005 android.view.ViewRootImpl.performTraversals:3360 android.view.ViewRootImpl.doTraversal:2618 android.view.ViewRootImpl$TraversalRunnable.run:9971 android.view.Choreographer$CallbackRecord.run:1010 android.view.Choreographer.doCallbacks:809 android.view.Choreographer.doFrame:744 android.view.Choreographer$FrameDisplayEventReceiver.run:995 
12-21 01:40:27.654 18795 18795 I ViewRootImpl@344caf9[MainActivity]: Relayout returned: old=(0,0,1080,2340) new=(0,0,1080,2340) req=(1080,2252)0 dur=12 res=0x7 s={true 511575035904} ch=true fn=-1
12-21 01:40:27.663 18795 18795 I ViewRootImpl@344caf9[MainActivity]: [DP] dp(1) 1 android.view.ViewRootImpl.reportNextDraw:10957 android.view.ViewRootImpl.performTraversals:3845 android.view.ViewRootImpl.doTraversal:2618 
12-21 01:40:27.663 18795 18795 I ViewRootImpl@344caf9[MainActivity]: [DP] pd() Asnyc report
12-21 01:40:27.697 18795 18795 I ViewRootImpl@344caf9[MainActivity]: [DP] pdf(0) 1 android.view.ViewRootImpl.lambda$performDraw$1$ViewRootImpl:4668 android.view.-$$Lambda$ViewRootImpl$DJd0VUYJgsebcnSohO6h8zc_ONI.run:6 android.os.Handler.handleCallback:938 
12-21 01:40:27.697 18795 18795 I ViewRootImpl@344caf9[MainActivity]: [DP] rdf()
12-21 01:40:27.720 18795 18795 I SurfaceControl: nativeRelease nativeObject s[511199311520]
12-21 01:40:27.720 18795 18795 I SurfaceControl: nativeRelease nativeObject e[511199311520]
12-21 01:40:27.721 18795 18795 I SurfaceControl: assignNativeObject: nativeObject = 0 Surface(name=null)/@0x25044b5 / android.view.SurfaceControl.readFromParcel:1117 android.view.IWindowSession$Stub$Proxy.relayout:1836 android.view.ViewRootImpl.relayoutWindow:9005 android.view.ViewRootImpl.performTraversals:3360 android.view.ViewRootImpl.doTraversal:2618 android.view.ViewRootImpl$TraversalRunnable.run:9971 android.view.Choreographer$CallbackRecord.run:1010 android.view.Choreographer.doCallbacks:809 android.view.Choreographer.doFrame:744 android.view.Choreographer$FrameDisplayEventReceiver.run:995 
12-21 01:40:27.723 18795 18795 I SurfaceControl: nativeRelease nativeObject s[511199311712]
12-21 01:40:27.723 18795 18795 I SurfaceControl: nativeRelease nativeObject e[511199311712]
12-21 01:40:27.723 18795 18795 I SurfaceControl: nativeRelease nativeObject s[511199311616]
12-21 01:40:27.723 18795 18795 I SurfaceControl: nativeRelease nativeObject e[511199311616]
12-21 01:40:27.723 18795 18795 I ViewRootImpl@344caf9[MainActivity]: Relayout returned: old=(0,0,1080,2340) new=(0,0,1080,2340) req=(1080,2340)0 dur=9 res=0x1 s={true 511575035904} ch=false fn=2
12-21 01:40:27.737 18795 18795 I SurfaceControl: nativeRelease nativeObject s[510311586528]
12-21 01:40:27.737 18795 18795 I SurfaceControl: nativeRelease nativeObject e[510311586528]
12-21 01:40:27.737 18795 18795 I SurfaceControl: nativeRelease nativeObject s[511199311520]
12-21 01:40:27.737 18795 18795 I SurfaceControl: nativeRelease nativeObject e[511199311520]
12-21 01:40:27.738 18795 18795 I SurfaceControl: nativeRelease nativeObject s[511199309504]
12-21 01:40:27.738 18795 18795 I SurfaceControl: nativeRelease nativeObject e[511199309504]
12-21 01:40:27.738 18795 18795 I SurfaceControl: nativeRelease nativeObject s[511199308640]
12-21 01:40:27.738 18795 18795 I SurfaceControl: nativeRelease nativeObject e[511199308640]
12-21 01:40:27.739 18795 18795 I SurfaceControl: nativeRelease nativeObject s[511199308544]
12-21 01:40:27.739 18795 18795 I SurfaceControl: nativeRelease nativeObject e[511199308544]
12-21 01:40:27.739 18795 18795 I ViewRootImpl@9c2abf3[MainActivity]: MSG_WINDOW_FOCUS_CHANGED 0 1
12-21 01:40:27.745 18795 18795 I ViewRootImpl@344caf9[MainActivity]: MSG_RESIZED_REPORT: frame=(0,0,1080,2340) ci=(0,0,0,0) vi=(0,0,0,0) or=1
12-21 01:40:27.746 18795 18795 I ViewRootImpl@344caf9[MainActivity]: [DP] dp(1) 1 android.view.ViewRootImpl.reportNextDraw:10957 android.view.ViewRootImpl.access$1200:256 android.view.ViewRootImpl$ViewRootHandler.handleMessage:6101 
12-21 01:40:27.746 18795 18795 I ViewRootImpl@344caf9[MainActivity]: MSG_WINDOW_FOCUS_CHANGED 1 1
12-21 01:40:27.746 18795 18795 D InputMethodManager: prepareNavigationBarInfo() DecorView@b378342[MainActivity]
12-21 01:40:27.746 18795 18795 D InputMethodManager: getNavigationBarColor() 0
12-21 01:40:27.746 18795 18795 D InputMethodManager: prepareNavigationBarInfo() DecorView@b378342[MainActivity]
12-21 01:40:27.746 18795 18795 D InputMethodManager: getNavigationBarColor() 0
12-21 01:40:27.746 18795 18795 V InputMethodManager: Starting input: tba=app.universal.revanced.manager ic=null mNaviBarColor 0 mIsGetNaviBarColorSuccess true , NavVisible : true , NavTrans : false
12-21 01:40:27.746 18795 18795 D InputMethodManager: startInputInner - Id : 0
12-21 01:40:27.746 18795 18795 I InputMethodManager: startInputInner - mService.startInputOrWindowGainedFocus
12-21 01:40:27.749 18795 18795 D InputTransport: Input channel constructed: 'ClientS', fd=102
12-21 01:40:27.749 18795 18795 D InputTransport: Input channel destroyed: 'ClientS', fd=88
12-21 01:40:27.761 18795 18795 I SurfaceControl: nativeRelease nativeObject s[510311586432]
12-21 01:40:27.761 18795 18795 I SurfaceControl: nativeRelease nativeObject e[510311586432]
12-21 01:40:27.761 18795 18795 I SurfaceControl: assignNativeObject: nativeObject = 0 Surface(name=null)/@0x25044b5 / android.view.SurfaceControl.readFromParcel:1117 android.view.IWindowSession$Stub$Proxy.relayout:1836 android.view.ViewRootImpl.relayoutWindow:9005 android.view.ViewRootImpl.performTraversals:3360 android.view.ViewRootImpl.doTraversal:2618 android.view.ViewRootImpl$TraversalRunnable.run:9971 android.view.Choreographer$CallbackRecord.run:1010 android.view.Choreographer.doCallbacks:809 android.view.Choreographer.doFrame:744 android.view.Choreographer$FrameDisplayEventReceiver.run:995 
12-21 01:40:27.762 18795 18795 I SurfaceControl: nativeRelease nativeObject s[511199310272]
12-21 01:40:27.762 18795 18795 I SurfaceControl: nativeRelease nativeObject e[511199310272]
12-21 01:40:27.763 18795 18795 I SurfaceControl: nativeRelease nativeObject s[511199309696]
12-21 01:40:27.763 18795 18795 I SurfaceControl: nativeRelease nativeObject e[511199309696]
12-21 01:40:27.763 18795 18795 I ViewRootImpl@344caf9[MainActivity]: Relayout returned: old=(0,0,1080,2340) new=(0,0,1080,2340) req=(1080,2340)0 dur=10 res=0x1 s={true 511575035904} ch=false fn=3
12-21 01:40:27.763 18795 18795 I ViewRootImpl@344caf9[MainActivity]: [DP] pd() Asnyc report
12-21 01:40:27.773 18795 19421 W libEGL  : EGLNativeWindowType 0x771c3f9010 disconnect failed
12-21 01:40:27.815 18795 18795 I ViewRootImpl@344caf9[MainActivity]: [DP] pdf(0) 1 android.view.ViewRootImpl.lambda$performDraw$1$ViewRootImpl:4668 android.view.-$$Lambda$ViewRootImpl$DJd0VUYJgsebcnSohO6h8zc_ONI.run:6 android.os.Handler.handleCallback:938 
12-21 01:40:27.815 18795 18795 I ViewRootImpl@344caf9[MainActivity]: [DP] rdf()
12-21 01:40:27.827 18795 18795 I SurfaceControl: nativeRelease nativeObject s[511199308640]
12-21 01:40:27.827 18795 18795 I SurfaceControl: nativeRelease nativeObject e[511199308640]
12-21 01:40:27.827 18795 18795 I SurfaceControl: nativeRelease nativeObject s[510311586432]
12-21 01:40:27.827 18795 18795 I SurfaceControl: nativeRelease nativeObject e[510311586432]
12-21 01:40:27.827 18795 18795 I SurfaceControl: nativeRelease nativeObject s[513222122816]
12-21 01:40:27.827 18795 18795 I SurfaceControl: nativeRelease nativeObject e[513222122816]
12-21 01:40:34.405 18795 18795 D SmartClipDataCropperImpl: doExtractSmartClipData : Extraction start! reqId = 4  Cropped area = Rect(540, 1170 - 541, 1171)  Package = app.universal.revanced.manager
12-21 01:40:34.419 18795 18795 D SmartClipDataCropperImpl: getChildViewsByZOrder : Z order detected
12-21 01:40:34.424 18795 18795 D SmartClipDataCropperImpl: getChildViewsByZOrder : Parent=android.widget.FrameLayout{cbe0537 V.E...... ........ 0,0-1080,2340 #1020002 android:id/content} / View=androidx.compose.ui.window.DialogLayout{2092aa4 V.E...... ........ 0,0-1080,2340} / Z=21.6
12-21 01:40:34.425 18795 18795 D SmartClipDataCropperImpl: addAppMetaTag : package name is app.universal.revanced.manager
12-21 01:40:34.425 18795 18795 D SmartClipDataCropperImpl: sendExtractionResultToSmartClipService : -- Extracted SmartClip data information --
12-21 01:40:34.426 18795 18795 D SmartClipDataCropperImpl: sendExtractionResultToSmartClipService : Request Id : 4
12-21 01:40:34.426 18795 18795 D SmartClipDataCropperImpl: sendExtractionResultToSmartClipService : Extraction mode : 1
12-21 01:40:34.426 18795 18795 D SemSmartClipDataRepository: ----- Start of SmartClip repository informations -----
12-21 01:40:34.426 18795 18795 D SemSmartClipDataRepository: ** Content type : image
12-21 01:40:34.427 18795 18795 D SemSmartClipDataRepository: ** Meta area rect : Rect(0, 0 - 0, 0)
12-21 01:40:34.427 18795 18795 D SemSmartClipDataRepository: ** Captured image file path : null
12-21 01:40:34.427 18795 18795 D SemSmartClipDataRepository: ----- End of SmartClip repository informations -----
12-21 01:40:34.445 18795 18795 D SmartClipDataCropperImpl: sendExtractionResultToSmartClipService : Elapsed = 41
12-21 01:40:35.717 18795 18795 I ViewRootImpl@344caf9[MainActivity]: ViewPostIme pointer 0
12-21 01:40:35.791 18795 18795 I ViewRootImpl@344caf9[MainActivity]: ViewPostIme pointer 1
12-21 01:40:35.859 18795 18795 I Dialog  : mIsSamsungBasicInteraction = false, isMetaDataInActivity = false
12-21 01:40:35.869 18795 18795 I DecorView: [INFO] isPopOver=false, config=false
12-21 01:40:35.869 18795 18795 I DecorView: updateCaptionType >> DecorView@8052a3c[], isFloating=false, isApplication=true, hasWindowDecorCaption=false, hasWindowControllerCallback=false
12-21 01:40:35.869 18795 18795 D DecorView: setCaptionType = 0, this = DecorView@8052a3c[]
12-21 01:40:35.944 18795 18795 D InputTransport: Input channel constructed: '96ba496', fd=88
12-21 01:40:35.945 18795 18795 I ViewRootImpl@81da63b[MainActivity]: setView = com.android.internal.policy.DecorView@8052a3c TM=true
12-21 01:40:36.033 18795 18795 I SurfaceControl: assignNativeObject: nativeObject = 0 Surface(name=null)/@0x77d03c6 / android.view.SurfaceControl.readFromParcel:1117 android.view.IWindowSession$Stub$Proxy.relayout:1836 android.view.ViewRootImpl.relayoutWindow:9005 android.view.ViewRootImpl.performTraversals:3360 android.view.ViewRootImpl.doTraversal:2618 android.view.ViewRootImpl$TraversalRunnable.run:9971 android.view.Choreographer$CallbackRecord.run:1010 android.view.Choreographer.doCallbacks:809 android.view.Choreographer.doFrame:744 android.view.Choreographer$FrameDisplayEventReceiver.run:995 
12-21 01:40:36.038 18795 18795 I ViewRootImpl@81da63b[MainActivity]: Relayout returned: old=(0,0,1080,2340) new=(0,0,1080,2340) req=(1080,2252)0 dur=23 res=0x7 s={true 511576064000} ch=true fn=-1
12-21 01:40:36.051 18795 18795 I ViewRootImpl@81da63b[MainActivity]: [DP] dp(1) 1 android.view.ViewRootImpl.reportNextDraw:10957 android.view.ViewRootImpl.performTraversals:3845 android.view.ViewRootImpl.doTraversal:2618 
12-21 01:40:36.051 18795 18795 I ViewRootImpl@81da63b[MainActivity]: [DP] pd() Asnyc report
12-21 01:40:36.071 18795 18795 I ViewRootImpl@81da63b[MainActivity]: [DP] pdf(0) 1 android.view.ViewRootImpl.lambda$performDraw$1$ViewRootImpl:4668 android.view.-$$Lambda$ViewRootImpl$DJd0VUYJgsebcnSohO6h8zc_ONI.run:6 android.os.Handler.handleCallback:938 
12-21 01:40:36.071 18795 18795 I ViewRootImpl@81da63b[MainActivity]: [DP] rdf()
12-21 01:40:36.103 18795 18795 I SurfaceControl: nativeRelease nativeObject s[510311591616]
12-21 01:40:36.104 18795 18795 I SurfaceControl: nativeRelease nativeObject e[510311591616]
12-21 01:40:36.104 18795 18795 I SurfaceControl: assignNativeObject: nativeObject = 0 Surface(name=null)/@0x77d03c6 / android.view.SurfaceControl.readFromParcel:1117 android.view.IWindowSession$Stub$Proxy.relayout:1836 android.view.ViewRootImpl.relayoutWindow:9005 android.view.ViewRootImpl.performTraversals:3360 android.view.ViewRootImpl.doTraversal:2618 android.view.ViewRootImpl$TraversalRunnable.run:9971 android.view.Choreographer$CallbackRecord.run:1010 android.view.Choreographer.doCallbacks:809 android.view.Choreographer.doFrame:744 android.view.Choreographer$FrameDisplayEventReceiver.run:995 
12-21 01:40:36.105 18795 18795 I SurfaceControl: nativeRelease nativeObject s[510311591808]
12-21 01:40:36.105 18795 18795 I SurfaceControl: nativeRelease nativeObject e[510311591808]
12-21 01:40:36.105 18795 18795 I SurfaceControl: nativeRelease nativeObject s[510311591712]
12-21 01:40:36.105 18795 18795 I SurfaceControl: nativeRelease nativeObject e[510311591712]
12-21 01:40:36.105 18795 18795 I ViewRootImpl@81da63b[MainActivity]: Relayout returned: old=(0,0,1080,2340) new=(0,0,1080,2340) req=(1080,2340)0 dur=27 res=0x1 s={true 511576064000} ch=false fn=2
12-21 01:40:36.115 18795 18795 I SurfaceControl: nativeRelease nativeObject s[510311587200]
12-21 01:40:36.115 18795 18795 I SurfaceControl: nativeRelease nativeObject e[510311587200]
12-21 01:40:36.115 18795 18795 I SurfaceControl: nativeRelease nativeObject s[513222124256]
12-21 01:40:36.115 18795 18795 I SurfaceControl: nativeRelease nativeObject e[513222124256]
12-21 01:40:36.115 18795 18795 I SurfaceControl: nativeRelease nativeObject s[513222122912]
12-21 01:40:36.115 18795 18795 I SurfaceControl: nativeRelease nativeObject e[513222122912]
12-21 01:40:36.116 18795 18795 I SurfaceControl: nativeRelease nativeObject s[510311593344]
12-21 01:40:36.116 18795 18795 I SurfaceControl: nativeRelease nativeObject e[510311593344]
12-21 01:40:36.116 18795 18795 I SurfaceControl: nativeRelease nativeObject s[510311591616]
12-21 01:40:36.116 18795 18795 I SurfaceControl: nativeRelease nativeObject e[510311591616]
12-21 01:40:36.116 18795 18795 I ViewRootImpl@344caf9[MainActivity]: MSG_WINDOW_FOCUS_CHANGED 0 1
12-21 01:40:36.118 18795 18795 I ViewRootImpl@81da63b[MainActivity]: MSG_RESIZED_REPORT: frame=(0,0,1080,2340) ci=(0,0,0,0) vi=(0,0,0,0) or=1
12-21 01:40:36.118 18795 18795 I ViewRootImpl@81da63b[MainActivity]: [DP] dp(1) 1 android.view.ViewRootImpl.reportNextDraw:10957 android.view.ViewRootImpl.access$1200:256 android.view.ViewRootImpl$ViewRootHandler.handleMessage:6101 
12-21 01:40:36.147 18795 18795 I SurfaceControl: nativeRelease nativeObject s[510311593248]
12-21 01:40:36.147 18795 18795 I SurfaceControl: nativeRelease nativeObject e[510311593248]
12-21 01:40:36.148 18795 18795 I SurfaceControl: assignNativeObject: nativeObject = 0 Surface(name=null)/@0x77d03c6 / android.view.SurfaceControl.readFromParcel:1117 android.view.IWindowSession$Stub$Proxy.relayout:1836 android.view.ViewRootImpl.relayoutWindow:9005 android.view.ViewRootImpl.performTraversals:3360 android.view.ViewRootImpl.doTraversal:2618 android.view.ViewRootImpl$TraversalRunnable.run:9971 android.view.Choreographer$CallbackRecord.run:1010 android.view.Choreographer.doCallbacks:809 android.view.Choreographer.doFrame:744 android.view.Choreographer$FrameDisplayEventReceiver.run:995 
12-21 01:40:36.149 18795 18795 I SurfaceControl: nativeRelease nativeObject s[510311587392]
12-21 01:40:36.149 18795 18795 I SurfaceControl: nativeRelease nativeObject e[510311587392]
12-21 01:40:36.149 18795 18795 I SurfaceControl: nativeRelease nativeObject s[510311587296]
12-21 01:40:36.149 18795 18795 I SurfaceControl: nativeRelease nativeObject e[510311587296]
12-21 01:40:36.150 18795 18795 I ViewRootImpl@81da63b[MainActivity]: Relayout returned: old=(0,0,1080,2340) new=(0,0,1080,2340) req=(1080,2340)0 dur=15 res=0x1 s={true 511576064000} ch=false fn=3
12-21 01:40:36.150 18795 18795 I ViewRootImpl@81da63b[MainActivity]: [DP] pd() Asnyc report
12-21 01:40:36.153 18795 19421 W libEGL  : EGLNativeWindowType 0x771c4f4010 disconnect failed
12-21 01:40:36.181 18795 18795 I ViewRootImpl@81da63b[MainActivity]: [DP] pdf(0) 1 android.view.ViewRootImpl.lambda$performDraw$1$ViewRootImpl:4668 android.view.-$$Lambda$ViewRootImpl$DJd0VUYJgsebcnSohO6h8zc_ONI.run:6 android.os.Handler.handleCallback:938 
12-21 01:40:36.181 18795 18795 I ViewRootImpl@81da63b[MainActivity]: [DP] rdf()
12-21 01:40:36.186 18795 18795 I ViewRootImpl@81da63b[MainActivity]: MSG_WINDOW_FOCUS_CHANGED 1 1
12-21 01:40:36.187 18795 18795 D InputMethodManager: prepareNavigationBarInfo() DecorView@8052a3c[MainActivity]
12-21 01:40:36.187 18795 18795 D InputMethodManager: getNavigationBarColor() 0
12-21 01:40:36.187 18795 18795 D InputMethodManager: prepareNavigationBarInfo() DecorView@8052a3c[MainActivity]
12-21 01:40:36.187 18795 18795 D InputMethodManager: getNavigationBarColor() 0
12-21 01:40:36.187 18795 18795 V InputMethodManager: Starting input: tba=app.universal.revanced.manager ic=null mNaviBarColor 0 mIsGetNaviBarColorSuccess true , NavVisible : true , NavTrans : false
12-21 01:40:36.187 18795 18795 D InputMethodManager: startInputInner - Id : 0
12-21 01:40:36.187 18795 18795 I InputMethodManager: startInputInner - mService.startInputOrWindowGainedFocus
12-21 01:40:36.195 18795 18795 D InputTransport: Input channel constructed: 'ClientS', fd=110
12-21 01:40:36.195 18795 18795 D InputTransport: Input channel destroyed: 'ClientS', fd=102
12-21 01:40:36.213 18795 18795 I SurfaceControl: nativeRelease nativeObject s[511199310368]
12-21 01:40:36.213 18795 18795 I SurfaceControl: nativeRelease nativeObject e[511199310368]
12-21 01:40:36.223 18795 18795 I SurfaceControl: nativeRelease nativeObject s[513222126560]
12-21 01:40:36.223 18795 18795 I SurfaceControl: nativeRelease nativeObject e[513222126560]
12-21 01:40:36.223 18795 18795 I SurfaceControl: nativeRelease nativeObject s[510311593248]
12-21 01:40:36.223 18795 18795 I SurfaceControl: nativeRelease nativeObject e[510311593248]
12-21 01:40:37.258 18795 18795 I ViewRootImpl@81da63b[MainActivity]: ViewPostIme pointer 0
12-21 01:40:37.355 18795 18795 I ViewRootImpl@81da63b[MainActivity]: ViewPostIme pointer 1
12-21 01:40:37.417 18795 18795 I SurfaceControl: nativeRelease nativeObject s[511199305568]
12-21 01:40:37.418 18795 18795 I SurfaceControl: nativeRelease nativeObject e[511199305568]
12-21 01:40:37.418 18795 18795 I SurfaceControl: nativeRelease nativeObject s[513222124256]
12-21 01:40:37.418 18795 18795 I SurfaceControl: nativeRelease nativeObject e[513222124256]
12-21 01:40:37.418 18795 18795 I SurfaceControl: nativeRelease nativeObject s[510311587488]
12-21 01:40:37.418 18795 18795 I SurfaceControl: nativeRelease nativeObject e[510311587488]
12-21 01:40:37.434 18795 18795 I ViewRootImpl@81da63b[MainActivity]: MSG_WINDOW_FOCUS_CHANGED 0 1
12-21 01:40:37.519 18795 18795 D SmartClipRemoteRequestDispatcher: dispatchScrollableAreaInfo : windowRect = Rect(0, 0 - 1080, 2340)
12-21 01:40:37.522 18795 18795 D SmartClipRemoteRequestDispatcher: dispatchScrollableAreaInfo : Scrollable view count = 1
12-21 01:40:37.522 18795 18795 D SmartClipRemoteRequestDispatcher: dispatchScrollableAreaInfo : Unscrollable view count = 0
12-21 01:40:37.527 18795 18795 D SmartClipRemoteRequestDispatcher: dispatchScrollableAreaInfo : Pkg=app.universal.revanced.manager Activity=null
12-21 01:40:39.797 18795 18795 I SurfaceControl: nativeRelease nativeObject s[510311587200]
12-21 01:40:39.797 18795 18795 I SurfaceControl: nativeRelease nativeObject e[510311587200]
12-21 01:40:39.813 18795 18795 I ViewRootImpl@81da63b[MainActivity]: MSG_WINDOW_FOCUS_CHANGED 1 1
12-21 01:40:39.813 18795 18795 D InputMethodManager: prepareNavigationBarInfo() DecorView@8052a3c[MainActivity]
12-21 01:40:39.813 18795 18795 D InputMethodManager: getNavigationBarColor() 0
12-21 01:40:39.813 18795 18795 D InputMethodManager: prepareNavigationBarInfo() DecorView@8052a3c[MainActivity]
12-21 01:40:39.813 18795 18795 D InputMethodManager: getNavigationBarColor() 0
12-21 01:40:39.813 18795 18795 V InputMethodManager: Starting input: tba=app.universal.revanced.manager ic=null mNaviBarColor 0 mIsGetNaviBarColorSuccess true , NavVisible : true , NavTrans : false
12-21 01:40:39.813 18795 18795 D InputMethodManager: startInputInner - Id : 0
12-21 01:40:39.813 18795 18795 I InputMethodManager: startInputInner - mService.startInputOrWindowGainedFocus
12-21 01:40:39.816 18795 18795 D InputTransport: Input channel constructed: 'ClientS', fd=102
12-21 01:40:39.816 18795 18795 D InputTransport: Input channel destroyed: 'ClientS', fd=110
12-21 01:40:40.768 18795 18795 I ViewRootImpl@81da63b[MainActivity]: ViewPostIme pointer 0
12-21 01:40:40.806 18795 18795 I ViewRootImpl@81da63b[MainActivity]: ViewPostIme pointer 1
12-21 01:40:41.309 18795 18795 I ViewRootImpl@81da63b[MainActivity]: MSG_WINDOW_FOCUS_CHANGED 0 1
12-21 01:40:42.313 18795 18795 I SurfaceControl: nativeRelease nativeObject s[510311587968]
12-21 01:40:42.313 18795 18795 I SurfaceControl: nativeRelease nativeObject e[510311587968]
12-21 01:40:42.313 18795 18795 I SurfaceControl: nativeRelease nativeObject s[511199305472]
12-21 01:40:42.313 18795 18795 I SurfaceControl: nativeRelease nativeObject e[511199305472]
12-21 01:40:42.314 18795 18795 I SurfaceControl: nativeRelease nativeObject s[513222124448]
12-21 01:40:42.314 18795 18795 I SurfaceControl: nativeRelease nativeObject e[513222124448]
12-21 01:40:43.693 18795 18795 D InputTransport: Input channel destroyed: 'ClientS', fd=102
12-21 01:40:43.739 18795 18795 I SurfaceControl: nativeRelease nativeObject s[511189897216]
12-21 01:40:43.739 18795 18795 I SurfaceControl: nativeRelease nativeObject e[511189897216]
12-21 01:40:45.112 18795 18795 I ViewRootImpl@81da63b[MainActivity]: stopped(false) old=false
12-21 01:40:45.112 18795 18795 I ViewRootImpl@344caf9[MainActivity]: stopped(false) old=false
12-21 01:40:45.112 18795 18795 I ViewRootImpl@9c2abf3[MainActivity]: stopped(false) old=false
12-21 01:40:45.183 18795 18795 I SurfaceControl: nativeRelease nativeObject s[511199307680]
12-21 01:40:45.183 18795 18795 I SurfaceControl: nativeRelease nativeObject e[511199307680]
12-21 01:40:45.184 18795 18795 I SurfaceControl: assignNativeObject: nativeObject = 0 Surface(name=null)/@0xd6e2832 / android.view.SurfaceControl.readFromParcel:1117 android.view.IWindowSession$Stub$Proxy.relayout:1836 android.view.ViewRootImpl.relayoutWindow:9005 android.view.ViewRootImpl.performTraversals:3360 android.view.ViewRootImpl.doTraversal:2618 android.view.ViewRootImpl$TraversalRunnable.run:9971 android.view.Choreographer$CallbackRecord.run:1010 android.view.Choreographer.doCallbacks:809 android.view.Choreographer.doFrame:744 android.view.Choreographer$FrameDisplayEventReceiver.run:995 
12-21 01:40:45.185 18795 18795 I ViewRootImpl@9c2abf3[MainActivity]: Relayout returned: old=(0,0,1080,2340) new=(0,0,1080,2340) req=(1080,2340)0 dur=15 res=0x1 s={true 515844235264} ch=false fn=83
12-21 01:40:45.201 18795 18795 I ViewRootImpl@81da63b[MainActivity]: MSG_WINDOW_FOCUS_CHANGED 1 1
12-21 01:40:45.201 18795 18795 D InputMethodManager: prepareNavigationBarInfo() DecorView@8052a3c[MainActivity]
12-21 01:40:45.201 18795 18795 D InputMethodManager: getNavigationBarColor() 0
12-21 01:40:45.201 18795 18795 D InputMethodManager: prepareNavigationBarInfo() DecorView@8052a3c[MainActivity]
12-21 01:40:45.201 18795 18795 D InputMethodManager: getNavigationBarColor() 0
12-21 01:40:45.201 18795 18795 V InputMethodManager: Starting input: tba=app.universal.revanced.manager ic=null mNaviBarColor 0 mIsGetNaviBarColorSuccess true , NavVisible : true , NavTrans : false
12-21 01:40:45.201 18795 18795 D InputMethodManager: startInputInner - Id : 0
12-21 01:40:45.201 18795 18795 I InputMethodManager: startInputInner - mService.startInputOrWindowGainedFocus
12-21 01:40:45.225 18795 18795 D InputTransport: Input channel constructed: 'ClientS', fd=101
12-21 01:40:45.284 18795 18795 I SurfaceControl: nativeRelease nativeObject s[511199305568]
12-21 01:40:45.284 18795 18795 I SurfaceControl: nativeRelease nativeObject e[511199305568]
12-21 01:40:45.284 18795 18795 I SurfaceControl: nativeRelease nativeObject s[511189897312]
12-21 01:40:45.284 18795 18795 I SurfaceControl: nativeRelease nativeObject e[511189897312]
12-21 01:40:45.433 18795 18795 I ViewRootImpl@81da63b[MainActivity]: ViewPostIme pointer 0
12-21 01:40:45.485 18795 18795 I ViewRootImpl@81da63b[MainActivity]: ViewPostIme pointer 1
12-21 01:40:45.563 18795 20205 I SurfaceControl: nativeRelease nativeObject s[511199307680]
12-21 01:40:45.563 18795 20205 I SurfaceControl: nativeRelease nativeObject e[511199307680]
12-21 01:40:46.119 18795 18795 I ViewRootImpl@81da63b[MainActivity]: ViewPostIme key 0
12-21 01:40:46.121 18795 18795 I ViewRootImpl@81da63b[MainActivity]: ViewPostIme key 1
12-21 01:40:46.163 18795 19421 W libEGL  : EGLNativeWindowType 0x771c4f4010 disconnect failed
12-21 01:40:46.163 18795 18795 D ViewRootImpl@81da63b[MainActivity]: dispatchDetachedFromWindow: reset blurmask
12-21 01:40:46.163 18795 18795 I ViewRootImpl@81da63b[MainActivity]: dispatchDetachedFromWindow
