12-21 01:04:23.801  9494  9494 I SurfaceControl: nativeRelease nativeObject e[510012232704]
12-21 01:04:23.802  9494  9494 I SurfaceControl: assignNativeObject: nativeObject = 0 Surface(name=null)/@0xe5c830 / android.view.SurfaceControl.readFromParcel:1117 android.view.IWindowSession$Stub$Proxy.relayout:1836 android.view.ViewRootImpl.relayoutWindow:9005 android.view.ViewRootImpl.performTraversals:3360 android.view.ViewRootImpl.doTraversal:2618 android.view.ViewRootImpl$TraversalRunnable.run:9971 android.view.Choreographer$CallbackRecord.run:1010 android.view.Choreographer.doCallbacks:809 android.view.Choreographer.doFrame:744 android.view.Choreographer$FrameDisplayEventReceiver.run:995 
12-21 01:04:23.803  9494  9494 I SurfaceControl: nativeRelease nativeObject s[510012232896]
12-21 01:04:23.803  9494  9494 I SurfaceControl: nativeRelease nativeObject e[510012232896]
12-21 01:04:23.803  9494  9494 I SurfaceControl: nativeRelease nativeObject s[510012232800]
12-21 01:04:23.803  9494  9494 I SurfaceControl: nativeRelease nativeObject e[510012232800]
12-21 01:04:23.803  9494  9494 I ViewRootImpl@fb72e06[MainActivity]: Relayout returned: old=(0,0,1080,2340) new=(0,0,1080,2340) req=(1080,2340)0 dur=14 res=0x1 s={true 510014234624} ch=false fn=2
12-21 01:04:23.816  9494  9494 I SurfaceControl: nativeRelease nativeObject s[515843579296]
12-21 01:04:23.817  9494  9494 I SurfaceControl: nativeRelease nativeObject e[515843579296]
12-21 01:04:23.817  9494  9494 I SurfaceControl: nativeRelease nativeObject s[511369880736]
12-21 01:04:23.817  9494  9494 I SurfaceControl: nativeRelease nativeObject e[511369880736]
12-21 01:04:23.817  9494  9494 I SurfaceControl: nativeRelease nativeObject s[511369876992]
12-21 01:04:23.817  9494  9494 I SurfaceControl: nativeRelease nativeObject e[511369876992]
12-21 01:04:23.817  9494  9494 I SurfaceControl: nativeRelease nativeObject s[510012235680]
12-21 01:04:23.817  9494  9494 I SurfaceControl: nativeRelease nativeObject e[510012235680]
12-21 01:04:23.817  9494  9494 I SurfaceControl: nativeRelease nativeObject s[510012232704]
12-21 01:04:23.818  9494  9494 I SurfaceControl: nativeRelease nativeObject e[510012232704]
12-21 01:04:23.818  9494  9494 I ViewRootImpl@4a55412[MainActivity]: MSG_WINDOW_FOCUS_CHANGED 0 1
12-21 01:04:23.821  9494  9494 I ViewRootImpl@fb72e06[MainActivity]: MSG_RESIZED_REPORT: frame=(0,0,1080,2340) ci=(0,0,0,0) vi=(0,0,0,0) or=1
12-21 01:04:23.822  9494  9494 I ViewRootImpl@fb72e06[MainActivity]: [DP] dp(1) 1 android.view.ViewRootImpl.reportNextDraw:10957 android.view.ViewRootImpl.access$1200:256 android.view.ViewRootImpl$ViewRootHandler.handleMessage:6101 
12-21 01:04:23.822  9494  9494 I ViewRootImpl@fb72e06[MainActivity]: MSG_WINDOW_FOCUS_CHANGED 1 1
12-21 01:04:23.822  9494  9494 D InputMethodManager: prepareNavigationBarInfo() DecorView@b8c7efb[MainActivity]
12-21 01:04:23.822  9494  9494 D InputMethodManager: getNavigationBarColor() 0
12-21 01:04:23.822  9494  9494 D InputMethodManager: prepareNavigationBarInfo() DecorView@b8c7efb[MainActivity]
12-21 01:04:23.822  9494  9494 D InputMethodManager: getNavigationBarColor() 0
12-21 01:04:23.822  9494  9494 V InputMethodManager: Starting input: tba=app.universal.revanced.manager ic=null mNaviBarColor 0 mIsGetNaviBarColorSuccess true , NavVisible : true , NavTrans : false
12-21 01:04:23.822  9494  9494 D InputMethodManager: startInputInner - Id : 0
12-21 01:04:23.822  9494  9494 I InputMethodManager: startInputInner - mService.startInputOrWindowGainedFocus
12-21 01:04:23.826  9494  9494 D InputTransport: Input channel constructed: 'ClientS', fd=95
12-21 01:04:23.826  9494  9494 D InputTransport: Input channel destroyed: 'ClientS', fd=91
12-21 01:04:23.839  9494  9494 I SurfaceControl: nativeRelease nativeObject s[510012235584]
12-21 01:04:23.839  9494  9494 I SurfaceControl: nativeRelease nativeObject e[510012235584]
12-21 01:04:23.840  9494  9494 I SurfaceControl: assignNativeObject: nativeObject = 0 Surface(name=null)/@0xe5c830 / android.view.SurfaceControl.readFromParcel:1117 android.view.IWindowSession$Stub$Proxy.relayout:1836 android.view.ViewRootImpl.relayoutWindow:9005 android.view.ViewRootImpl.performTraversals:3360 android.view.ViewRootImpl.doTraversal:2618 android.view.ViewRootImpl$TraversalRunnable.run:9971 android.view.Choreographer$CallbackRecord.run:1010 android.view.Choreographer.doCallbacks:809 android.view.Choreographer.doFrame:744 android.view.Choreographer$FrameDisplayEventReceiver.run:995 
12-21 01:04:23.841  9494  9494 I SurfaceControl: nativeRelease nativeObject s[513301228448]
12-21 01:04:23.841  9494  9494 I SurfaceControl: nativeRelease nativeObject e[513301228448]
12-21 01:04:23.841  9494  9494 I SurfaceControl: nativeRelease nativeObject s[513301227680]
12-21 01:04:23.841  9494  9494 I SurfaceControl: nativeRelease nativeObject e[513301227680]
12-21 01:04:23.842  9494  9494 I ViewRootImpl@fb72e06[MainActivity]: Relayout returned: old=(0,0,1080,2340) new=(0,0,1080,2340) req=(1080,2340)0 dur=6 res=0x1 s={true 510014234624} ch=false fn=3
12-21 01:04:23.842  9494  9494 I ViewRootImpl@fb72e06[MainActivity]: [DP] pd() Asnyc report
12-21 01:04:23.845  9494  9996 W libEGL  : EGLNativeWindowType 0x76bf37a010 disconnect failed
12-21 01:04:23.878  9494  9494 I ViewRootImpl@fb72e06[MainActivity]: [DP] pdf(0) 1 android.view.ViewRootImpl.lambda$performDraw$1$ViewRootImpl:4668 android.view.-$$Lambda$ViewRootImpl$DJd0VUYJgsebcnSohO6h8zc_ONI.run:6 android.os.Handler.handleCallback:938 
12-21 01:04:23.878  9494  9494 I ViewRootImpl@fb72e06[MainActivity]: [DP] rdf()
12-21 01:04:23.882  9494  9494 I SurfaceControl: nativeRelease nativeObject s[515843579584]
12-21 01:04:23.882  9494  9494 I SurfaceControl: nativeRelease nativeObject e[515843579584]
12-21 01:04:23.884  9494  9494 I SurfaceControl: nativeRelease nativeObject s[511369876992]
12-21 01:04:23.884  9494  9494 I SurfaceControl: nativeRelease nativeObject e[511369876992]
12-21 01:04:23.884  9494  9494 I SurfaceControl: nativeRelease nativeObject s[510012235680]
12-21 01:04:23.884  9494  9494 I SurfaceControl: nativeRelease nativeObject e[510012235680]
12-21 01:04:23.884  9494  9494 I SurfaceControl: nativeRelease nativeObject s[510012235584]
12-21 01:04:23.884  9494  9494 I SurfaceControl: nativeRelease nativeObject e[510012235584]
12-21 01:04:29.612  9494  9494 I ViewRootImpl@fb72e06[MainActivity]: ViewPostIme key 0
12-21 01:04:29.616  9494  9494 I ViewRootImpl@fb72e06[MainActivity]: ViewPostIme key 1
12-21 01:04:29.636  9494  9996 W libEGL  : EGLNativeWindowType 0x76bf37a010 disconnect failed
12-21 01:04:29.636  9494  9494 D ViewRootImpl@fb72e06[MainActivity]: dispatchDetachedFromWindow: reset blurmask
12-21 01:04:29.636  9494  9494 I ViewRootImpl@fb72e06[MainActivity]: dispatchDetachedFromWindow
12-21 01:04:29.636  9494  9494 I SurfaceControl: nativeRelease nativeObject s[510012232704]
12-21 01:04:29.636  9494  9494 I SurfaceControl: nativeRelease nativeObject e[510012232704]
12-21 01:04:29.658  9494  9494 D InputTransport: Input channel destroyed: '74cc17 ', fd=92
12-21 01:04:29.680  9494  9494 I ViewRootImpl@4a55412[MainActivity]: MSG_WINDOW_FOCUS_CHANGED 1 1
12-21 01:04:29.680  9494  9494 D InputMethodManager: prepareNavigationBarInfo() DecorView@3a08067[MainActivity]
12-21 01:04:29.680  9494  9494 D InputMethodManager: getNavigationBarColor() 0
12-21 01:04:29.681  9494  9494 D InputMethodManager: prepareNavigationBarInfo() DecorView@3a08067[MainActivity]
12-21 01:04:29.681  9494  9494 D InputMethodManager: getNavigationBarColor() 0
12-21 01:04:29.681  9494  9494 V InputMethodManager: Starting input: tba=app.universal.revanced.manager ic=null mNaviBarColor 0 mIsGetNaviBarColorSuccess true , NavVisible : true , NavTrans : false
12-21 01:04:29.681  9494  9494 D InputMethodManager: startInputInner - Id : 0
12-21 01:04:29.681  9494  9494 I InputMethodManager: startInputInner - mService.startInputOrWindowGainedFocus
12-21 01:04:29.683  9494  9494 D InputTransport: Input channel constructed: 'ClientS', fd=91
12-21 01:04:29.683  9494  9494 D InputTransport: Input channel destroyed: 'ClientS', fd=95
12-21 01:04:29.699  9494  9494 I SurfaceControl: nativeRelease nativeObject s[511155954624]
12-21 01:04:29.699  9494  9494 I SurfaceControl: nativeRelease nativeObject e[511155954624]
12-21 01:04:29.699  9494  9494 I SurfaceControl: nativeRelease nativeObject s[511155954528]
12-21 01:04:29.699  9494  9494 I SurfaceControl: nativeRelease nativeObject e[511155954528]
12-21 01:04:30.370  9494  9494 I ViewRootImpl@4a55412[MainActivity]: ViewPostIme pointer 0
12-21 01:04:31.243  9494  9494 I ViewRootImpl@4a55412[MainActivity]: ViewPostIme pointer 1
12-21 01:04:31.804  9494  9494 I ViewRootImpl@4a55412[MainActivity]: ViewPostIme pointer 0
12-21 01:04:31.867  9494  9494 I ViewRootImpl@4a55412[MainActivity]: ViewPostIme pointer 1
12-21 01:04:31.878  9494  9494 I Dialog  : mIsSamsungBasicInteraction = false, isMetaDataInActivity = false
12-21 01:04:31.880  9494  9494 I DecorView: [INFO] isPopOver=false, config=false
12-21 01:04:31.880  9494  9494 I DecorView: updateCaptionType >> DecorView@cd129e0[], isFloating=true, isApplication=true, hasWindowDecorCaption=false, hasWindowControllerCallback=false
12-21 01:04:31.880  9494  9494 D DecorView: setCaptionType = 0, this = DecorView@cd129e0[]
12-21 01:04:31.903  9494  9494 D InputTransport: Input channel constructed: '9bbe08a', fd=99
12-21 01:04:31.904  9494  9494 I ViewRootImpl@1a1883c[MainActivity]: setView = com.android.internal.policy.DecorView@cd129e0 TM=true
12-21 01:04:31.933  9494  9494 I SurfaceControl: assignNativeObject: nativeObject = 0 Surface(name=null)/@0x3b7d0fc / android.view.SurfaceControl.readFromParcel:1117 android.view.IWindowSession$Stub$Proxy.relayout:1836 android.view.ViewRootImpl.relayoutWindow:9005 android.view.ViewRootImpl.performTraversals:3360 android.view.ViewRootImpl.doTraversal:2618 android.view.ViewRootImpl$TraversalRunnable.run:9971 android.view.Choreographer$CallbackRecord.run:1010 android.view.Choreographer.doCallbacks:809 android.view.Choreographer.doFrame:744 android.view.Choreographer$FrameDisplayEventReceiver.run:995 
12-21 01:04:31.935  9494  9494 I ViewRootImpl@1a1883c[MainActivity]: Relayout returned: old=(0,86,1080,2340) new=(108,796,972,1629) req=(864,833)0 dur=15 res=0x7 s={true 510014234624} ch=true fn=-1
12-21 01:04:31.939  9494  9494 I ViewRootImpl@1a1883c[MainActivity]: [DP] dp(1) 1 android.view.ViewRootImpl.reportNextDraw:10957 android.view.ViewRootImpl.performTraversals:3845 android.view.ViewRootImpl.doTraversal:2618 
12-21 01:04:31.939  9494  9494 I ViewRootImpl@1a1883c[MainActivity]: [DP] pd() Asnyc report
12-21 01:04:31.956  9494  9494 I ViewRootImpl@1a1883c[MainActivity]: [DP] pdf(0) 1 android.view.ViewRootImpl.lambda$performDraw$1$ViewRootImpl:4668 android.view.-$$Lambda$ViewRootImpl$DJd0VUYJgsebcnSohO6h8zc_ONI.run:6 android.os.Handler.handleCallback:938 
12-21 01:04:31.956  9494  9494 I ViewRootImpl@1a1883c[MainActivity]: [DP] rdf()
12-21 01:04:31.977  9494  9494 I SurfaceControl: nativeRelease nativeObject s[513222120608]
12-21 01:04:31.977  9494  9494 I SurfaceControl: nativeRelease nativeObject e[513222120608]
12-21 01:04:31.978  9494  9494 I SurfaceControl: assignNativeObject: nativeObject = 0 Surface(name=null)/@0x3b7d0fc / android.view.SurfaceControl.readFromParcel:1117 android.view.IWindowSession$Stub$Proxy.relayout:1836 android.view.ViewRootImpl.relayoutWindow:9005 android.view.ViewRootImpl.performTraversals:3360 android.view.ViewRootImpl.doTraversal:2618 android.view.ViewRootImpl$TraversalRunnable.run:9971 android.view.Choreographer$CallbackRecord.run:1010 android.view.Choreographer.doCallbacks:809 android.view.Choreographer.doFrame:744 android.view.Choreographer$FrameDisplayEventReceiver.run:995 
12-21 01:04:31.979  9494  9494 I SurfaceControl: nativeRelease nativeObject s[511155955680]
12-21 01:04:31.979  9494  9494 I SurfaceControl: nativeRelease nativeObject e[511155955680]
12-21 01:04:31.979  9494  9494 I SurfaceControl: nativeRelease nativeObject s[511155955584]
12-21 01:04:31.979  9494  9494 I SurfaceControl: nativeRelease nativeObject e[511155955584]
12-21 01:04:31.979  9494  9494 I ViewRootImpl@1a1883c[MainActivity]: Relayout returned: old=(108,796,972,1629) new=(108,796,972,1629) req=(864,833)0 dur=7 res=0x1 s={true 510014234624} ch=false fn=2
12-21 01:04:31.984  9494  9494 I SurfaceControl: nativeRelease nativeObject s[511155956928]
12-21 01:04:31.985  9494  9494 I SurfaceControl: nativeRelease nativeObject e[511155956928]
12-21 01:04:31.985  9494  9494 I SurfaceControl: nativeRelease nativeObject s[513222120608]
12-21 01:04:31.985  9494  9494 I SurfaceControl: nativeRelease nativeObject e[513222120608]
12-21 01:04:31.985  9494  9494 I SurfaceControl: nativeRelease nativeObject s[513227612896]
12-21 01:04:31.985  9494  9494 I SurfaceControl: nativeRelease nativeObject e[513227612896]
12-21 01:04:31.985  9494  9494 I SurfaceControl: nativeRelease nativeObject s[513227612224]
12-21 01:04:31.985  9494  9494 I SurfaceControl: nativeRelease nativeObject e[513227612224]
12-21 01:04:31.985  9494  9494 I SurfaceControl: nativeRelease nativeObject s[511155954720]
12-21 01:04:31.985  9494  9494 I SurfaceControl: nativeRelease nativeObject e[511155954720]
12-21 01:04:31.985  9494  9494 I ViewRootImpl@4a55412[MainActivity]: MSG_WINDOW_FOCUS_CHANGED 0 1
12-21 01:04:31.986  9494  9494 I ViewRootImpl@1a1883c[MainActivity]: MSG_WINDOW_FOCUS_CHANGED 1 1
12-21 01:04:31.986  9494  9494 D InputMethodManager: prepareNavigationBarInfo() DecorView@cd129e0[MainActivity]
12-21 01:04:31.986  9494  9494 D InputMethodManager: getNavigationBarColor() -16711423
12-21 01:04:31.987  9494  9494 D InputMethodManager: prepareNavigationBarInfo() DecorView@cd129e0[MainActivity]
12-21 01:04:31.987  9494  9494 D InputMethodManager: getNavigationBarColor() -16711423
12-21 01:04:31.987  9494  9494 V InputMethodManager: Starting input: tba=app.universal.revanced.manager ic=null mNaviBarColor -16711423 mIsGetNaviBarColorSuccess true , NavVisible : true , NavTrans : false
12-21 01:04:31.987  9494  9494 D InputMethodManager: startInputInner - Id : 0
12-21 01:04:31.987  9494  9494 I InputMethodManager: startInputInner - mService.startInputOrWindowGainedFocus
12-21 01:04:31.988  9494  9494 D InputTransport: Input channel constructed: 'ClientS', fd=105
12-21 01:04:31.988  9494  9494 D InputTransport: Input channel destroyed: 'ClientS', fd=91
12-21 01:04:31.996  9494  9494 I SurfaceControl: nativeRelease nativeObject s[511618052384]
12-21 01:04:31.997  9494  9494 I SurfaceControl: nativeRelease nativeObject e[511618052384]
12-21 01:04:31.997  9494  9494 I SurfaceControl: nativeRelease nativeObject s[513301237184]
12-21 01:04:31.997  9494  9494 I SurfaceControl: nativeRelease nativeObject e[513301237184]
12-21 01:04:31.997  9494  9494 I SurfaceControl: nativeRelease nativeObject s[513301227680]
12-21 01:04:31.997  9494  9494 I SurfaceControl: nativeRelease nativeObject e[513301227680]
12-21 01:04:32.657  9494  9494 I ViewRootImpl@1a1883c[MainActivity]: ViewPostIme pointer 0
12-21 01:04:32.689  9494  9494 I ViewRootImpl@1a1883c[MainActivity]: ViewPostIme pointer 1
12-21 01:04:33.355  9494  9494 I ViewRootImpl@1a1883c[MainActivity]: ViewPostIme pointer 0
12-21 01:04:33.416  9494  9494 I ViewRootImpl@1a1883c[MainActivity]: ViewPostIme pointer 1
12-21 01:04:33.419  9494  9494 D Universal ReVanced Manager: Dispatching Remove (-93228229)
12-21 01:04:33.421  9494 10027 D Universal ReVanced Manager: Running Remove (-93228229)
12-21 01:04:33.443  9494  9996 W libEGL  : EGLNativeWindowType 0x76bf37a010 disconnect failed
12-21 01:04:33.443  9494  9996 D OpenGLRenderer: endAllActiveAnimators on 0x76b8d7b900 (UnprojectedRipple) with handle 0x7703636020
12-21 01:04:33.443  9494  9494 D ViewRootImpl@1a1883c[MainActivity]: dispatchDetachedFromWindow: reset blurmask
12-21 01:04:33.444  9494  9494 I ViewRootImpl@1a1883c[MainActivity]: dispatchDetachedFromWindow
12-21 01:04:33.444  9494  9494 I SurfaceControl: nativeRelease nativeObject s[511155956448]
12-21 01:04:33.444  9494  9494 I SurfaceControl: nativeRelease nativeObject e[511155956448]
12-21 01:04:33.458  9494  9494 D InputTransport: Input channel destroyed: '9bbe08a', fd=99
12-21 01:04:33.515  9494  9494 I SurfaceControl: nativeRelease nativeObject s[511618056512]
12-21 01:04:33.515  9494  9494 I SurfaceControl: nativeRelease nativeObject e[511618056512]
12-21 01:04:33.515  9494  9494 I SurfaceControl: nativeRelease nativeObject s[511618052480]
12-21 01:04:33.515  9494  9494 I SurfaceControl: nativeRelease nativeObject e[511618052480]
12-21 01:04:33.515  9494  9494 I SurfaceControl: nativeRelease nativeObject s[513301228448]
12-21 01:04:33.515  9494  9494 I SurfaceControl: nativeRelease nativeObject e[513301228448]
12-21 01:04:33.520  9494  9494 I ViewRootImpl@4a55412[MainActivity]: MSG_WINDOW_FOCUS_CHANGED 1 1
12-21 01:04:33.520  9494  9494 D InputMethodManager: prepareNavigationBarInfo() DecorView@3a08067[MainActivity]
12-21 01:04:33.520  9494  9494 D InputMethodManager: getNavigationBarColor() 0
12-21 01:04:33.520  9494  9494 D InputMethodManager: prepareNavigationBarInfo() DecorView@3a08067[MainActivity]
12-21 01:04:33.520  9494  9494 D InputMethodManager: getNavigationBarColor() 0
12-21 01:04:33.520  9494  9494 V InputMethodManager: Starting input: tba=app.universal.revanced.manager ic=null mNaviBarColor 0 mIsGetNaviBarColorSuccess true , NavVisible : true , NavTrans : false
12-21 01:04:33.520  9494  9494 D InputMethodManager: startInputInner - Id : 0
12-21 01:04:33.520  9494  9494 I InputMethodManager: startInputInner - mService.startInputOrWindowGainedFocus
12-21 01:04:33.523  9494  9494 D InputTransport: Input channel constructed: 'ClientS', fd=95
12-21 01:04:33.523  9494  9494 D InputTransport: Input channel destroyed: 'ClientS', fd=105
12-21 01:04:33.538  9494  9494 I SurfaceControl: nativeRelease nativeObject s[513227613280]
12-21 01:04:33.539  9494  9494 I SurfaceControl: nativeRelease nativeObject e[513227613280]
12-21 01:04:33.540  9494  9494 I SurfaceControl: nativeRelease nativeObject s[511618052384]
12-21 01:04:33.540  9494  9494 I SurfaceControl: nativeRelease nativeObject e[511618052384]
12-21 01:04:33.540  9494  9494 I SurfaceControl: nativeRelease nativeObject s[513301237184]
12-21 01:04:33.540  9494  9494 I SurfaceControl: nativeRelease nativeObject e[513301237184]
12-21 01:04:33.636  9494  9995 D Universal ReVanced Manager: Stopping action runner
12-21 01:04:35.882  9494  9494 I ViewRootImpl@4a55412[MainActivity]: ViewPostIme pointer 0
12-21 01:04:36.689  9494  9494 I ViewRootImpl@4a55412[MainActivity]: ViewPostIme pointer 1
12-21 01:04:37.265  9494  9494 I ViewRootImpl@4a55412[MainActivity]: ViewPostIme pointer 0
12-21 01:04:38.047  9494  9494 I ViewRootImpl@4a55412[MainActivity]: ViewPostIme pointer 1
12-21 01:04:38.542  9494  9494 I ViewRootImpl@4a55412[MainActivity]: ViewPostIme pointer 0
12-21 01:04:38.603  9494  9494 I ViewRootImpl@4a55412[MainActivity]: ViewPostIme pointer 1
12-21 01:04:38.614  9494  9494 I Dialog  : mIsSamsungBasicInteraction = false, isMetaDataInActivity = false
12-21 01:04:38.617  9494  9494 I DecorView: [INFO] isPopOver=false, config=false
12-21 01:04:38.617  9494  9494 I DecorView: updateCaptionType >> DecorView@d1ef89[], isFloating=true, isApplication=true, hasWindowDecorCaption=false, hasWindowControllerCallback=false
12-21 01:04:38.617  9494  9494 D DecorView: setCaptionType = 0, this = DecorView@d1ef89[]
12-21 01:04:38.642  9494  9494 D InputTransport: Input channel constructed: '197c4cb', fd=99
12-21 01:04:38.643  9494  9494 I ViewRootImpl@7a8efec[MainActivity]: setView = com.android.internal.policy.DecorView@d1ef89 TM=true
12-21 01:04:38.673  9494  9494 I SurfaceControl: assignNativeObject: nativeObject = 0 Surface(name=null)/@0x34668ac / android.view.SurfaceControl.readFromParcel:1117 android.view.IWindowSession$Stub$Proxy.relayout:1836 android.view.ViewRootImpl.relayoutWindow:9005 android.view.ViewRootImpl.performTraversals:3360 android.view.ViewRootImpl.doTraversal:2618 android.view.ViewRootImpl$TraversalRunnable.run:9971 android.view.Choreographer$CallbackRecord.run:1010 android.view.Choreographer.doCallbacks:809 android.view.Choreographer.doFrame:744 android.view.Choreographer$FrameDisplayEventReceiver.run:995 
12-21 01:04:38.676  9494  9494 I ViewRootImpl@7a8efec[MainActivity]: Relayout returned: old=(0,86,1080,2340) new=(108,796,972,1629) req=(864,833)0 dur=14 res=0x7 s={true 510013575168} ch=true fn=-1
12-21 01:04:38.681  9494  9494 I ViewRootImpl@7a8efec[MainActivity]: [DP] dp(1) 1 android.view.ViewRootImpl.reportNextDraw:10957 android.view.ViewRootImpl.performTraversals:3845 android.view.ViewRootImpl.doTraversal:2618 
12-21 01:04:38.681  9494  9494 I ViewRootImpl@7a8efec[MainActivity]: [DP] pd() Asnyc report
12-21 01:04:38.696  9494  9494 I ViewRootImpl@7a8efec[MainActivity]: [DP] pdf(0) 1 android.view.ViewRootImpl.lambda$performDraw$1$ViewRootImpl:4668 android.view.-$$Lambda$ViewRootImpl$DJd0VUYJgsebcnSohO6h8zc_ONI.run:6 android.os.Handler.handleCallback:938 
12-21 01:04:38.697  9494  9494 I ViewRootImpl@7a8efec[MainActivity]: [DP] rdf()
12-21 01:04:38.723  9494  9494 I SurfaceControl: nativeRelease nativeObject s[511155956928]
12-21 01:04:38.723  9494  9494 I SurfaceControl: nativeRelease nativeObject e[511155956928]
12-21 01:04:38.723  9494  9494 I SurfaceControl: assignNativeObject: nativeObject = 0 Surface(name=null)/@0x34668ac / android.view.SurfaceControl.readFromParcel:1117 android.view.IWindowSession$Stub$Proxy.relayout:1836 android.view.ViewRootImpl.relayoutWindow:9005 android.view.ViewRootImpl.performTraversals:3360 android.view.ViewRootImpl.doTraversal:2618 android.view.ViewRootImpl$TraversalRunnable.run:9971 android.view.Choreographer$CallbackRecord.run:1010 android.view.Choreographer.doCallbacks:809 android.view.Choreographer.doFrame:744 android.view.Choreographer$FrameDisplayEventReceiver.run:995 
12-21 01:04:38.724  9494  9494 I SurfaceControl: nativeRelease nativeObject s[511155958944]
12-21 01:04:38.724  9494  9494 I SurfaceControl: nativeRelease nativeObject e[511155958944]
12-21 01:04:38.724  9494  9494 I SurfaceControl: nativeRelease nativeObject s[511155958848]
12-21 01:04:38.724  9494  9494 I SurfaceControl: nativeRelease nativeObject e[511155958848]
12-21 01:04:38.724  9494  9494 I ViewRootImpl@7a8efec[MainActivity]: Relayout returned: old=(108,796,972,1629) new=(108,796,972,1629) req=(864,833)0 dur=18 res=0x1 s={true 510013575168} ch=false fn=2
12-21 01:04:38.726  9494  9494 I SurfaceControl: nativeRelease nativeObject s[511155960000]
12-21 01:04:38.726  9494  9494 I SurfaceControl: nativeRelease nativeObject e[511155960000]
12-21 01:04:38.726  9494  9494 I SurfaceControl: nativeRelease nativeObject s[511155956928]
12-21 01:04:38.727  9494  9494 I SurfaceControl: nativeRelease nativeObject e[511155956928]
12-21 01:04:38.727  9494  9494 I SurfaceControl: nativeRelease nativeObject s[511155958272]
12-21 01:04:38.727  9494  9494 I SurfaceControl: nativeRelease nativeObject e[511155958272]
12-21 01:04:38.727  9494  9494 I SurfaceControl: nativeRelease nativeObject s[511155958176]
12-21 01:04:38.727  9494  9494 I SurfaceControl: nativeRelease nativeObject e[511155958176]
12-21 01:04:38.728  9494  9494 I SurfaceControl: nativeRelease nativeObject s[513227614912]
12-21 01:04:38.728  9494  9494 I SurfaceControl: nativeRelease nativeObject e[513227614912]
12-21 01:04:38.728  9494  9494 I ViewRootImpl@4a55412[MainActivity]: MSG_WINDOW_FOCUS_CHANGED 0 1
12-21 01:04:38.736  9494  9494 I ViewRootImpl@7a8efec[MainActivity]: MSG_WINDOW_FOCUS_CHANGED 1 1
12-21 01:04:38.736  9494  9494 D InputMethodManager: prepareNavigationBarInfo() DecorView@d1ef89[MainActivity]
12-21 01:04:38.736  9494  9494 D InputMethodManager: getNavigationBarColor() -16711423
12-21 01:04:38.737  9494  9494 D InputMethodManager: prepareNavigationBarInfo() DecorView@d1ef89[MainActivity]
12-21 01:04:38.737  9494  9494 D InputMethodManager: getNavigationBarColor() -16711423
12-21 01:04:38.737  9494  9494 V InputMethodManager: Starting input: tba=app.universal.revanced.manager ic=null mNaviBarColor -16711423 mIsGetNaviBarColorSuccess true , NavVisible : true , NavTrans : false
12-21 01:04:38.737  9494  9494 D InputMethodManager: startInputInner - Id : 0
12-21 01:04:38.737  9494  9494 I InputMethodManager: startInputInner - mService.startInputOrWindowGainedFocus
12-21 01:04:38.738  9494  9494 D InputTransport: Input channel constructed: 'ClientS', fd=105
12-21 01:04:38.738  9494  9494 D InputTransport: Input channel destroyed: 'ClientS', fd=95
12-21 01:04:38.748  9494  9494 I SurfaceControl: nativeRelease nativeObject s[511155958464]
12-21 01:04:38.748  9494  9494 I SurfaceControl: nativeRelease nativeObject e[511155958464]
12-21 01:04:38.748  9494  9494 I SurfaceControl: nativeRelease nativeObject s[511155958368]
12-21 01:04:38.748  9494  9494 I SurfaceControl: nativeRelease nativeObject e[511155958368]
12-21 01:04:38.749  9494  9494 I SurfaceControl: nativeRelease nativeObject s[511618056800]
12-21 01:04:38.749  9494  9494 I SurfaceControl: nativeRelease nativeObject e[511618056800]
12-21 01:04:39.446  9494  9494 I ViewRootImpl@7a8efec[MainActivity]: ViewPostIme pointer 0
12-21 01:04:39.483  9494  9494 I ViewRootImpl@7a8efec[MainActivity]: ViewPostIme pointer 1
12-21 01:04:40.364  9494  9494 I ViewRootImpl@7a8efec[MainActivity]: ViewPostIme pointer 0
12-21 01:04:40.442  9494  9494 I ViewRootImpl@7a8efec[MainActivity]: ViewPostIme pointer 1
12-21 01:04:40.445  9494  9494 D Universal ReVanced Manager: Dispatching Remove (-1079324850)
12-21 01:04:40.446  9494  9995 D Universal ReVanced Manager: Running Remove (-1079324850)
12-21 01:04:40.497  9494  9996 W libEGL  : EGLNativeWindowType 0x76bf2d9010 disconnect failed
12-21 01:04:40.497  9494  9996 D OpenGLRenderer: endAllActiveAnimators on 0x76bf3c2900 (UnprojectedRipple) with handle 0x76b8a9aa20
12-21 01:04:40.497  9494  9494 D ViewRootImpl@7a8efec[MainActivity]: dispatchDetachedFromWindow: reset blurmask
12-21 01:04:40.497  9494  9494 I ViewRootImpl@7a8efec[MainActivity]: dispatchDetachedFromWindow
12-21 01:04:40.497  9494  9494 I SurfaceControl: nativeRelease nativeObject s[511155959904]
12-21 01:04:40.497  9494  9494 I SurfaceControl: nativeRelease nativeObject e[511155959904]
12-21 01:04:40.512  9494  9494 D InputTransport: Input channel destroyed: '197c4cb', fd=99
12-21 01:04:40.563  9494  9494 I SurfaceControl: nativeRelease nativeObject s[511618052672]
12-21 01:04:40.563  9494  9494 I SurfaceControl: nativeRelease nativeObject e[511618052672]
12-21 01:04:40.563  9494  9494 I SurfaceControl: nativeRelease nativeObject s[511618052576]
12-21 01:04:40.563  9494  9494 I SurfaceControl: nativeRelease nativeObject e[511618052576]
12-21 01:04:40.563  9494  9494 I SurfaceControl: nativeRelease nativeObject s[511618056896]
12-21 01:04:40.563  9494  9494 I SurfaceControl: nativeRelease nativeObject e[511618056896]
12-21 01:04:40.563  9494  9494 I ViewRootImpl@4a55412[MainActivity]: MSG_WINDOW_FOCUS_CHANGED 1 1
12-21 01:04:40.563  9494  9494 D InputMethodManager: prepareNavigationBarInfo() DecorView@3a08067[MainActivity]
12-21 01:04:40.563  9494  9494 D InputMethodManager: getNavigationBarColor() 0
12-21 01:04:40.564  9494  9494 D InputMethodManager: prepareNavigationBarInfo() DecorView@3a08067[MainActivity]
12-21 01:04:40.564  9494  9494 D InputMethodManager: getNavigationBarColor() 0
12-21 01:04:40.564  9494  9494 V InputMethodManager: Starting input: tba=app.universal.revanced.manager ic=null mNaviBarColor 0 mIsGetNaviBarColorSuccess true , NavVisible : true , NavTrans : false
12-21 01:04:40.564  9494  9494 D InputMethodManager: startInputInner - Id : 0
12-21 01:04:40.564  9494  9494 I InputMethodManager: startInputInner - mService.startInputOrWindowGainedFocus
12-21 01:04:40.568  9494  9494 D InputTransport: Input channel constructed: 'ClientS', fd=95
12-21 01:04:40.568  9494  9494 D InputTransport: Input channel destroyed: 'ClientS', fd=105
12-21 01:04:40.576  9494  9494 I SurfaceControl: nativeRelease nativeObject s[513227614816]
12-21 01:04:40.576  9494  9494 I SurfaceControl: nativeRelease nativeObject e[513227614816]
12-21 01:04:40.577  9494  9494 I SurfaceControl: nativeRelease nativeObject s[511618057952]
12-21 01:04:40.577  9494  9494 I SurfaceControl: nativeRelease nativeObject e[511618057952]
12-21 01:04:40.577  9494  9494 I SurfaceControl: nativeRelease nativeObject s[511618056512]
12-21 01:04:40.577  9494  9494 I SurfaceControl: nativeRelease nativeObject e[511618056512]
12-21 01:04:40.629  9494  9959 I evanced.manage: Compiler allocated 4377KB to compile java.lang.Object androidx.compose.foundation.lazy.LazyListKt$rememberLazyListMeasurePolicy$1$1.invoke(java.lang.Object, java.lang.Object)
12-21 01:04:40.653  9494  9995 D Universal ReVanced Manager: Stopping action runner
12-21 01:04:40.839  9494  9494 I ViewRootImpl@4a55412[MainActivity]: ViewPostIme pointer 0
12-21 01:04:41.226  9494  9494 I ViewRootImpl@4a55412[MainActivity]: MSG_WINDOW_FOCUS_CHANGED 0 1
12-21 01:04:41.345  9494  9494 I SurfaceControl: nativeRelease nativeObject s[511155958464]
12-21 01:04:41.345  9494  9494 I SurfaceControl: nativeRelease nativeObject e[511155958464]
12-21 01:04:41.345  9494  9494 I SurfaceControl: nativeRelease nativeObject s[511155958176]
12-21 01:04:41.345  9494  9494 I SurfaceControl: nativeRelease nativeObject e[511155958176]
12-21 01:04:41.345  9494  9494 I SurfaceControl: nativeRelease nativeObject s[513227615008]
12-21 01:04:41.345  9494  9494 I SurfaceControl: nativeRelease nativeObject e[513227615008]
12-21 01:04:41.467  9494  9494 D InputTransport: Input channel destroyed: 'ClientS', fd=95
12-21 01:04:41.475  9494  9494 I SurfaceControl: nativeRelease nativeObject s[515843579296]
12-21 01:04:41.475  9494  9494 I SurfaceControl: nativeRelease nativeObject e[515843579296]
12-21 01:04:41.993  9494  9996 W libEGL  : EGLNativeWindowType 0x770fdc2010 disconnect failed
12-21 01:04:42.002  9494  9494 I SurfaceControl: nativeRelease nativeObject s[511369878144]
12-21 01:04:42.002  9494  9494 I SurfaceControl: nativeRelease nativeObject e[511369878144]
12-21 01:04:42.003  9494  9494 I SurfaceControl: assignNativeObject: nativeObject = 0 Surface(name=null)/@0x90af28b / android.view.SurfaceControl.readFromParcel:1117 android.view.IWindowSession$Stub$Proxy.relayout:1826 android.view.ViewRootImpl.relayoutWindow:9005 android.view.ViewRootImpl.performTraversals:3360 android.view.ViewRootImpl.doTraversal:2618 android.view.ViewRootImpl$TraversalRunnable.run:9971 android.view.Choreographer$CallbackRecord.run:1010 android.view.Choreographer.doCallbacks:809 android.view.Choreographer.doFrame:744 android.view.Choreographer$FrameDisplayEventReceiver.run:995 
12-21 01:04:42.003  9494  9494 I SurfaceControl: assignNativeObject: nativeObject = 0 Surface(name=null)/@0x29a8106 / android.view.SurfaceControl.readFromParcel:1117 android.view.IWindowSession$Stub$Proxy.relayout:1836 android.view.ViewRootImpl.relayoutWindow:9005 android.view.ViewRootImpl.performTraversals:3360 android.view.ViewRootImpl.doTraversal:2618 android.view.ViewRootImpl$TraversalRunnable.run:9971 android.view.Choreographer$CallbackRecord.run:1010 android.view.Choreographer.doCallbacks:809 android.view.Choreographer.doFrame:744 android.view.Choreographer$FrameDisplayEventReceiver.run:995 
12-21 01:04:42.005  9494  9494 I ViewRootImpl@4a55412[MainActivity]: Relayout returned: old=(0,0,1080,2340) new=(0,0,1080,2340) req=(1080,2340)8 dur=9 res=0x5 s={false 0} ch=true fn=721
12-21 01:04:42.016  9494  9494 I ViewRootImpl@4a55412[MainActivity]: stopped(true) old=false
12-21 01:04:47.609  9494  9962 W System  : A resource failed to call release. 
12-21 01:04:47.610  9494  9962 I SurfaceControl: nativeRelease nativeObject s[513222116480]
12-21 01:04:47.610  9494  9962 I SurfaceControl: nativeRelease nativeObject e[513222116480]
12-21 01:04:47.610  9494  9962 W System  : A resource failed to call release. 
12-21 01:04:47.610  9494  9962 I SurfaceControl: nativeRelease nativeObject s[513227612704]
12-21 01:04:47.610  9494  9962 I SurfaceControl: nativeRelease nativeObject e[513227612704]
12-21 01:04:47.610  9494  9962 W System  : A resource failed to call release. 
12-21 01:04:47.610  9494  9962 I SurfaceControl: nativeRelease nativeObject s[511155954432]
12-21 01:04:47.610  9494  9962 I SurfaceControl: nativeRelease nativeObject e[511155954432]
12-21 01:30:35.847 18795 18795 E evanced.manage: Not starting debugger since process cannot load the jdwp agent.
12-21 01:30:35.876 18795 18795 D ActivityThread: setConscryptValidator
12-21 01:30:35.876 18795 18795 D ActivityThread: setConscryptValidator - put
12-21 01:30:35.932 18795 18795 D ActivityThread: handleBindApplication()++ app=app.universal.revanced.manager
12-21 01:30:35.977 18795 18795 D LoadedApk: LoadedApk::makeApplication() appContext=android.app.ContextImpl@4e3c296 appContext.mOpPackageName=app.universal.revanced.manager appContext.mBasePackageName=app.universal.revanced.manager appContext.mPackageInfo=android.app.LoadedApk@47be17
12-21 01:30:35.977 18795 18795 D NetworkSecurityConfig: No Network Security Config specified, using platform default
12-21 01:30:35.983 18795 18795 D NetworkSecurityConfig: No Network Security Config specified, using platform default
12-21 01:30:36.024 18795 18795 W evanced.manage: Unsupported class loader
12-21 01:30:36.105 18795 18795 W evanced.manage: Unsupported class loader
12-21 01:30:36.181 18795 18795 D ShizukuProvider: Initialize Sui: false
12-21 01:30:36.213 18795 18795 D ActivityThread: handleBindApplication() -- skipGraphicsSupport=false
12-21 01:30:36.241 18795 18795 I TetheringManager: registerTetheringEventCallback:app.universal.revanced.manager
12-21 01:30:36.242 18795 18795 D ConnectivityManager: ConnectivityManager() mContext=app.revanced.manager.ManagerApplication@4b0b5cc getOpPackageName()=app.universal.revanced.manager getBasePackageName()=app.universal.revanced.manager getPackageName()=app.universal.revanced.manager
12-21 01:30:36.248 18795 18795 D WM-PackageManagerHelper: Skipping component enablement for androidx.work.impl.background.systemjob.SystemJobService
12-21 01:30:36.248 18795 18795 D WM-Schedulers: Created SystemJobScheduler and enabled SystemJobService
12-21 01:30:36.251 18795 19413 D WM-ForceStopRunnable: The default process name was not specified.
12-21 01:30:36.257 18795 19413 D WM-ForceStopRunnable: Performing cleanup operations.
12-21 01:30:36.270 18795 18795 W [Koin]  : (+) override index 'app.revanced.manager.domain.installer.RootInstaller::_root_' -> '[Singleton:'app.revanced.manager.domain.installer.RootInstaller']'
12-21 01:30:36.270 18795 18795 I [Koin]  : Started 45 definitions in 2.820423 ms
12-21 01:30:36.340 18795 19417 D Universal ReVanced Manager: Dispatching Full reload
12-21 01:30:36.342 18795 19417 D Universal ReVanced Manager: Dispatching Update check
12-21 01:30:36.343 18795 19417 D Universal ReVanced Manager: Dispatching app.revanced.manager.domain.repository.PatchBundleRepository$ManualUpdateCheck@770e8c
12-21 01:30:36.353 18795 19417 D Universal ReVanced Manager: Running Full reload
12-21 01:30:36.358 18795 19416 W System.err: SLF4J: Failed to load class "org.slf4j.impl.StaticLoggerBinder".
12-21 01:30:36.358 18795 19416 W System.err: SLF4J: Defaulting to no-operation (NOP) logger implementation
12-21 01:30:36.358 18795 19416 W System.err: SLF4J: See http://www.slf4j.org/codes.html#StaticLoggerBinder for further details.
12-21 01:30:36.415 18795 18795 D AppCompatDelegate: Checking for metadata for AppLocalesMetadataHolderService : Service not found
12-21 01:30:36.454 18795 19413 D WM-ForceStopRunnable: Application was force-stopped, rescheduling.
12-21 01:30:36.525 18795 18795 D Universal ReVanced Manager: Fresh process created
12-21 01:30:36.536 18795 19440 D WM-PackageManagerHelper: Skipping component enablement for androidx.work.impl.background.systemalarm.RescheduleReceiver
12-21 01:30:36.547 18795 18795 I DecorView: [INFO] isPopOver=false, config=true
12-21 01:30:36.547 18795 18795 I DecorView: updateCaptionType >> DecorView@430d45a[], isFloating=false, isApplication=true, hasWindowDecorCaption=false, hasWindowControllerCallback=true
12-21 01:30:36.547 18795 18795 D DecorView: setCaptionType = 0, this = DecorView@430d45a[]
12-21 01:30:36.572 18795 19418 D Universal ReVanced Manager: Bundle: PatchBundleEntity(uid=0, name=ReVanced Patches, displayName=Official ReVanced Patches, versionHash=v5.47.0, source=api, autoUpdate=true, sortOrder=0, createdAt=1766060061000, updatedAt=1766258742076)
12-21 01:30:36.572 18795 19418 D Universal ReVanced Manager: Bundle: PatchBundleEntity(uid=-237722203, name=ReVanced Liso Patches, displayName=null, versionHash=v1.0.0-dev.6, source=https://raw.githubusercontent.com/Jman-Github/ReVanced-Patch-Bundles/bundles/patch-bundles/lisouseInaikyrios-patch-bundles/lisouseInaikyrios-latest-patches-bundle.json, autoUpdate=true, sortOrder=1, createdAt=1764310914000, updatedAt=1766259290259)
12-21 01:30:36.572 18795 19418 D Universal ReVanced Manager: Bundle: PatchBundleEntity(uid=63546442, name=ReVanced Patches, displayName=Inotia00 Patches (stable), versionHash=v5.13.1, source=https://raw.githubusercontent.com/Jman-Github/ReVanced-Patch-Bundles/bundles/patch-bundles/inotia00-patch-bundles/inotia00-stable-patches-bundle.json, autoUpdate=true, sortOrder=2, createdAt=1763208609000, updatedAt=1766259255448)
12-21 01:30:36.573 18795 19418 D Universal ReVanced Manager: Bundle: PatchBundleEntity(uid=-649655273, name=ReVanced Patches, displayName=Inotia00 Patches (latest), versionHash=v5.14.1-dev.5, source=https://raw.githubusercontent.com/Jman-Github/ReVanced-Patch-Bundles/bundles/patch-bundles/inotia00-patch-bundles/inotia00-latest-patches-bundle.json, autoUpdate=true, sortOrder=3, createdAt=1765628370000, updatedAt=1766259184464)
12-21 01:30:36.573 18795 19418 D Universal ReVanced Manager: Bundle: PatchBundleEntity(uid=-855442497, name=ReVanced Patches, displayName=Anddea Patches (stable), versionHash=v3.14.0, source=https://raw.githubusercontent.com/Jman-Github/ReVanced-Patch-Bundles/bundles/patch-bundles/anddea-patch-bundles/anddea-stable-patches-bundle.json, autoUpdate=true, sortOrder=4, createdAt=1759694972000, updatedAt=1766259091936)
12-21 01:30:36.573 18795 19418 D Universal ReVanced Manager: Bundle: PatchBundleEntity(uid=1892486611, name=RVX Patches, displayName=Anddea Patches (latest), versionHash=v3.15.0-dev.7, source=https://raw.githubusercontent.com/Jman-Github/ReVanced-Patch-Bundles/bundles/patch-bundles/anddea-patch-bundles/anddea-latest-patches-bundle.json, autoUpdate=true, sortOrder=5, createdAt=1765717851000, updatedAt=1766258780783)
12-21 01:30:36.596 18795 19416 W evanced.manage: ClassLoaderContext parent mismatch.  (PCL[] | PCL[];PCL[/data/app/~~Ihi7LghIuX9n4r9GgRYLyw==/app.universal.revanced.manager-xRapjOThBh6tXSo5BvV-Iw==/base.apk*2220172452:/data/app/~~Ihi7LghIuX9n4r9GgRYLyw==/app.universal.revanced.manager-xRapjOThBh6tXSo5BvV-Iw==/base.apk!classes2.dex*766808842])
12-21 01:30:36.605 18795 19416 W evanced.manage: Found duplicate classes, falling back to extracting from APK : /data/app/~~2qFbNli-hgZyP2bJWBqTcA==/app.revanced.manager.plugin.downloader.apkcombo-0YQuV-1FjZP6Zzw0NJsMYA==/base.apk
12-21 01:30:36.605 18795 19416 W evanced.manage: NOTE: This wastes RAM and hurts startup performance.
12-21 01:30:36.605 18795 19416 W evanced.manage: Found duplicated class when checking oat files: 'Lkotlin/ArrayIntrinsicsKt;' in /data/app/~~2qFbNli-hgZyP2bJWBqTcA==/app.revanced.manager.plugin.downloader.apkcombo-0YQuV-1FjZP6Zzw0NJsMYA==/base.apk and /data/app/~~Ihi7LghIuX9n4r9GgRYLyw==/app.universal.revanced.manager-xRapjOThBh6tXSo5BvV-Iw==/base.apk
12-21 01:30:36.629 18795 18795 D InputTransport: Input channel constructed: '98cf62a', fd=80
12-21 01:30:36.636 18795 18795 I ViewRootImpl@9c2abf3[MainActivity]: setView = com.android.internal.policy.DecorView@430d45a TM=true
12-21 01:30:36.668 18795 19416 W System  : ClassLoader referenced unknown path: 
12-21 01:30:36.709 18795 19416 W evanced.manage: ClassLoaderContext parent mismatch.  (PCL[] | PCL[];PCL[/data/app/~~Ihi7LghIuX9n4r9GgRYLyw==/app.universal.revanced.manager-xRapjOThBh6tXSo5BvV-Iw==/base.apk*2220172452:/data/app/~~Ihi7LghIuX9n4r9GgRYLyw==/app.universal.revanced.manager-xRapjOThBh6tXSo5BvV-Iw==/base.apk!classes2.dex*766808842])
12-21 01:30:36.715 18795 19416 W evanced.manage: Found duplicate classes, falling back to extracting from APK : /data/app/~~gbKvg7wbFQIUyn3q81TsDA==/app.revanced.manager.plugin.downloader.apkpure-LnEuE3m1gwu1xa9fpGT3fA==/base.apk
12-21 01:30:36.716 18795 19416 W evanced.manage: NOTE: This wastes RAM and hurts startup performance.
12-21 01:30:36.716 18795 19416 W evanced.manage: Found duplicated class when checking oat files: 'Lkotlin/ArrayIntrinsicsKt;' in /data/app/~~Ihi7LghIuX9n4r9GgRYLyw==/app.universal.revanced.manager-xRapjOThBh6tXSo5BvV-Iw==/base.apk and /data/app/~~gbKvg7wbFQIUyn3q81TsDA==/app.revanced.manager.plugin.downloader.apkpure-LnEuE3m1gwu1xa9fpGT3fA==/base.apk
12-21 01:30:36.807 18795 19416 W evanced.manage: ClassLoaderContext parent mismatch.  (PCL[] | PCL[];PCL[/data/app/~~Ihi7LghIuX9n4r9GgRYLyw==/app.universal.revanced.manager-xRapjOThBh6tXSo5BvV-Iw==/base.apk*2220172452:/data/app/~~Ihi7LghIuX9n4r9GgRYLyw==/app.universal.revanced.manager-xRapjOThBh6tXSo5BvV-Iw==/base.apk!classes2.dex*766808842])
12-21 01:30:36.811 18795 18795 I [Koin]  : [Warning] - No Koin context defined in Compose, fallback to default Koin context.
12-21 01:30:36.811 18795 18795 I [Koin]  : Use KoinContext(), KoinAndroidContext() or KoinApplication() to setup or create Koin context with Compose and avoid such message.
12-21 01:30:36.816 18795 19416 W evanced.manage: Found duplicate classes, falling back to extracting from APK : /data/app/~~RwwzJkT9sdnWIZn4Z3NOhw==/app.revanced.manager.plugin.downloader.apkmirror-mURlTzNrZPrBL-VvWtymUQ==/base.apk
12-21 01:30:36.816 18795 19416 W evanced.manage: NOTE: This wastes RAM and hurts startup performance.
12-21 01:30:36.816 18795 19416 W evanced.manage: Found duplicated class when checking oat files: 'Lkotlin/ArrayIntrinsicsKt;' in /data/app/~~Ihi7LghIuX9n4r9GgRYLyw==/app.universal.revanced.manager-xRapjOThBh6tXSo5BvV-Iw==/base.apk and /data/app/~~RwwzJkT9sdnWIZn4Z3NOhw==/app.revanced.manager.plugin.downloader.apkmirror-mURlTzNrZPrBL-VvWtymUQ==/base.apk
12-21 01:30:36.942 18795 19416 W evanced.manage: ClassLoaderContext parent mismatch.  (PCL[] | PCL[];PCL[/data/app/~~Ihi7LghIuX9n4r9GgRYLyw==/app.universal.revanced.manager-xRapjOThBh6tXSo5BvV-Iw==/base.apk*2220172452:/data/app/~~Ihi7LghIuX9n4r9GgRYLyw==/app.universal.revanced.manager-xRapjOThBh6tXSo5BvV-Iw==/base.apk!classes2.dex*766808842])
12-21 01:30:36.965 18795 19416 W evanced.manage: Found duplicate classes, falling back to extracting from APK : /data/app/~~czRM5s5XceJ-ZlwmhhYwhQ==/app.revanced.manager.plugin.downloader.play.store-Mn5w2NCIZxivX9FftfrbNw==/base.apk
12-21 01:30:36.965 18795 19416 W evanced.manage: NOTE: This wastes RAM and hurts startup performance.
12-21 01:30:36.965 18795 19416 W evanced.manage: Found duplicated class when checking oat files: 'Landroid/content/res/XmlResourceParser;' in /data/app/~~Ihi7LghIuX9n4r9GgRYLyw==/app.universal.revanced.manager-xRapjOThBh6tXSo5BvV-Iw==/base.apk and /data/app/~~czRM5s5XceJ-ZlwmhhYwhQ==/app.revanced.manager.plugin.downloader.play.store-Mn5w2NCIZxivX9FftfrbNw==/base.apk
12-21 01:30:37.001 18795 18795 I SurfaceControl: assignNativeObject: nativeObject = 0 Surface(name=null)/@0xd6e2832 / android.view.SurfaceControl.readFromParcel:1117 android.view.IWindowSession$Stub$Proxy.relayout:1836 android.view.ViewRootImpl.relayoutWindow:9005 android.view.ViewRootImpl.performTraversals:3360 android.view.ViewRootImpl.doTraversal:2618 android.view.ViewRootImpl$TraversalRunnable.run:9971 android.view.Choreographer$CallbackRecord.run:1010 android.view.Choreographer.doCallbacks:809 android.view.Choreographer.doFrame:744 android.view.Choreographer$FrameDisplayEventReceiver.run:995 
12-21 01:30:37.003 18795 18795 I ViewRootImpl@9c2abf3[MainActivity]: Relayout returned: old=(0,0,1080,2340) new=(0,0,1080,2340) req=(1080,2340)0 dur=33 res=0x7 s={true 511576297472} ch=true fn=-1
12-21 01:30:37.020 18795 18795 I ViewRootImpl@9c2abf3[MainActivity]: [DP] dp(1) 1 android.view.ViewRootImpl.reportNextDraw:10957 android.view.ViewRootImpl.performTraversals:3845 android.view.ViewRootImpl.doTraversal:2618 
12-21 01:30:37.020 18795 18795 I ViewRootImpl@9c2abf3[MainActivity]: [DP] pd() Asnyc report
12-21 01:30:37.241 18795 19421 I Gralloc4: mapper 4.x is not supported
12-21 01:30:37.242 18795 19421 W Gralloc3: mapper 3.x is not supported
12-21 01:30:37.257 18795 19421 I gralloc : Arm Module v1.0
12-21 01:30:37.412 18795 18795 I ViewRootImpl@9c2abf3[MainActivity]: [DP] pdf(0) 1 android.view.ViewRootImpl.lambda$performDraw$1$ViewRootImpl:4668 android.view.-$$Lambda$ViewRootImpl$DJd0VUYJgsebcnSohO6h8zc_ONI.run:6 android.os.Handler.handleCallback:938 
12-21 01:30:37.412 18795 18795 I ViewRootImpl@9c2abf3[MainActivity]: [DP] rdf()
12-21 01:30:37.415 18795 18795 I Choreographer: Skipped 44 frames!  The application may be doing too much work on its main thread.
12-21 01:30:37.473 18795 18795 I Choreographer: Skipped 47 frames!  The application may be doing too much work on its main thread.
12-21 01:30:37.502 18795 19421 I OpenGLRenderer: Davey! duration=821ms; Flags=0, IntendedVsync=154100809982737, Vsync=154101593316039, OldestInputEvent=9223372036854775807, NewestInputEvent=0, HandleInputStart=154101603274278, AnimationStart=154101603276316, PerformTraversalsStart=154101604755662, DrawStart=154101604833470, SyncQueued=154101605365893, SyncStart=154101605956124, IssueDrawCommandsStart=154101606267547, SwapBuffers=154101626533393, FrameCompleted=154101632491739, DequeueBufferDuration=222654, QueueBufferDuration=5143885, GpuCompleted=5885439133645147626, 
12-21 01:30:37.510 18795 18795 I ViewRootImpl@9c2abf3[MainActivity]: MSG_WINDOW_FOCUS_CHANGED 1 1
12-21 01:30:37.511 18795 18795 D InputMethodManager: prepareNavigationBarInfo() DecorView@430d45a[MainActivity]
12-21 01:30:37.511 18795 18795 D InputMethodManager: getNavigationBarColor() 0
12-21 01:30:37.519 18795 18795 D InputMethodManager: prepareNavigationBarInfo() DecorView@430d45a[MainActivity]
12-21 01:30:37.519 18795 18795 D InputMethodManager: getNavigationBarColor() 0
12-21 01:30:37.520 18795 18795 V InputMethodManager: Starting input: tba=app.universal.revanced.manager ic=null mNaviBarColor 0 mIsGetNaviBarColorSuccess true , NavVisible : true , NavTrans : false
12-21 01:30:37.520 18795 18795 D InputMethodManager: startInputInner - Id : 0
12-21 01:30:37.524 18795 18795 I InputMethodManager: startInputInner - mService.startInputOrWindowGainedFocus
12-21 01:30:37.589 18795 19409 D InputTransport: Input channel constructed: 'ClientS', fd=86
12-21 01:30:37.716 18795 18795 D InputMethodManager: prepareNavigationBarInfo() DecorView@430d45a[MainActivity]
12-21 01:30:37.716 18795 18795 D InputMethodManager: getNavigationBarColor() 0
12-21 01:30:37.716 18795 18795 V InputMethodManager: Starting input: tba=app.universal.revanced.manager ic=null mNaviBarColor 0 mIsGetNaviBarColorSuccess true , NavVisible : true , NavTrans : false
12-21 01:30:37.716 18795 18795 D InputMethodManager: startInputInner - Id : 0
12-21 01:30:37.739 18795 18795 I SurfaceControl: nativeRelease nativeObject s[513301225568]
12-21 01:30:37.739 18795 18795 I SurfaceControl: nativeRelease nativeObject e[513301225568]
12-21 01:30:37.739 18795 18795 I SurfaceControl: nativeRelease nativeObject s[513301225472]
12-21 01:30:37.740 18795 18795 I SurfaceControl: nativeRelease nativeObject e[513301225472]
12-21 01:30:38.152 18795 19402 I evanced.manage: Background concurrent copying GC freed 183031(10MB) AllocSpace objects, 7(2084KB) LOS objects, 49% free, 6999KB/13MB, paused 714us total 315.033ms
12-21 01:30:38.216 18795 19468 W PackageParsing: Unknown element under <application>: property at /data/user/0/app.universal.revanced.manager/app_patched-apps/app.revanced.android.youtube_20.46.41.apk Binary XML file line #158
12-21 01:30:38.216 18795 19468 W PackageParsing: Unknown element under <application>: property at /data/user/0/app.universal.revanced.manager/app_patched-apps/app.revanced.android.youtube_20.46.41.apk Binary XML file line #159
12-21 01:30:38.304 18795 19468 W PackageParsing: No actions in intent-filter at /data/user/0/app.universal.revanced.manager/app_patched-apps/app.revanced.android.youtube_20.46.41.apk Binary XML file line #501
12-21 01:30:38.320 18795 19468 W PackageParsing: Unknown element under <activity>: property at /data/user/0/app.universal.revanced.manager/app_patched-apps/app.revanced.android.youtube_20.46.41.apk Binary XML file line #543
12-21 01:30:38.321 18795 19468 W PackageParsing: Unknown element under <activity>: property at /data/user/0/app.universal.revanced.manager/app_patched-apps/app.revanced.android.youtube_20.46.41.apk Binary XML file line #546
12-21 01:30:38.321 18795 19468 W PackageParsing: Unknown element under <activity>: property at /data/user/0/app.universal.revanced.manager/app_patched-apps/app.revanced.android.youtube_20.46.41.apk Binary XML file line #547
12-21 01:30:38.448 18795 19468 W PackageParsing: Unknown element under <application>: property at /data/user/0/app.universal.revanced.manager/app_patched-apps/app.revanced.android.apps.youtube.music_8.46.57.apk Binary XML file line #105
12-21 01:30:38.478 18795 19468 W PackageParsing: Unknown element under <activity>: property at /data/user/0/app.universal.revanced.manager/app_patched-apps/app.revanced.android.apps.youtube.music_8.46.57.apk Binary XML file line #405
12-21 01:30:38.932 18795 19402 I evanced.manage: Background young concurrent copying GC freed 109082(4281KB) AllocSpace objects, 0(0B) LOS objects, 28% free, 10024KB/13MB, paused 300us total 103.064ms
