12-21 01:30:39.073 18795 18795 I ViewRootImpl@9c2abf3[MainActivity]: ViewPostIme pointer 0
12-21 01:30:39.079 18795 18795 I ViewRootImpl@9c2abf3[MainActivity]: ViewPostIme pointer 1
12-21 01:30:39.108 18795 18795 I Dialog  : mIsSamsungBasicInteraction = false, isMetaDataInActivity = false
12-21 01:30:39.111 18795 18795 I DecorView: [INFO] isPopOver=false, config=false
12-21 01:30:39.111 18795 18795 I DecorView: updateCaptionType >> DecorView@554a600[], isFloating=true, isApplication=true, hasWindowDecorCaption=false, hasWindowControllerCallback=false
12-21 01:30:39.111 18795 18795 D DecorView: setCaptionType = 0, this = DecorView@554a600[]
12-21 01:30:39.142 18795 18795 D InputTransport: Input channel constructed: '651e373', fd=83
12-21 01:30:39.143 18795 18795 I ViewRootImpl@4612063[MainActivity]: setView = com.android.internal.policy.DecorView@554a600 TM=true
12-21 01:30:39.213 18795 18795 I SurfaceControl: assignNativeObject: nativeObject = 0 Surface(name=null)/@0xacafdc5 / android.view.SurfaceControl.readFromParcel:1117 android.view.IWindowSession$Stub$Proxy.relayout:1836 android.view.ViewRootImpl.relayoutWindow:9005 android.view.ViewRootImpl.performTraversals:3360 android.view.ViewRootImpl.doTraversal:2618 android.view.ViewRootImpl$TraversalRunnable.run:9971 android.view.Choreographer$CallbackRecord.run:1010 android.view.Choreographer.doCallbacks:809 android.view.Choreographer.doFrame:744 android.view.Choreographer$FrameDisplayEventReceiver.run:995 
12-21 01:30:39.218 18795 18795 I ViewRootImpl@4612063[MainActivity]: Relayout returned: old=(0,86,1080,2340) new=(108,796,972,1629) req=(864,833)0 dur=18 res=0x7 s={true 511198801920} ch=true fn=-1
12-21 01:30:39.224 18795 18795 I ViewRootImpl@4612063[MainActivity]: [DP] dp(1) 1 android.view.ViewRootImpl.reportNextDraw:10957 android.view.ViewRootImpl.performTraversals:3845 android.view.ViewRootImpl.doTraversal:2618 
12-21 01:30:39.224 18795 18795 I ViewRootImpl@4612063[MainActivity]: [DP] pd() Asnyc report
12-21 01:30:39.252 18795 18795 I ViewRootImpl@4612063[MainActivity]: [DP] pdf(0) 1 android.view.ViewRootImpl.lambda$performDraw$1$ViewRootImpl:4668 android.view.-$$Lambda$ViewRootImpl$DJd0VUYJgsebcnSohO6h8zc_ONI.run:6 android.os.Handler.handleCallback:938 
12-21 01:30:39.252 18795 18795 I ViewRootImpl@4612063[MainActivity]: [DP] rdf()
12-21 01:30:39.317 18795 18795 I SurfaceControl: nativeRelease nativeObject s[511199304224]
12-21 01:30:39.317 18795 18795 I SurfaceControl: nativeRelease nativeObject e[511199304224]
12-21 01:30:39.318 18795 18795 I SurfaceControl: assignNativeObject: nativeObject = 0 Surface(name=null)/@0xacafdc5 / android.view.SurfaceControl.readFromParcel:1117 android.view.IWindowSession$Stub$Proxy.relayout:1836 android.view.ViewRootImpl.relayoutWindow:9005 android.view.ViewRootImpl.performTraversals:3360 android.view.ViewRootImpl.doTraversal:2618 android.view.ViewRootImpl$TraversalRunnable.run:9971 android.view.Choreographer$CallbackRecord.run:1010 android.view.Choreographer.doCallbacks:809 android.view.Choreographer.doFrame:744 android.view.Choreographer$FrameDisplayEventReceiver.run:995 
12-21 01:30:39.320 18795 18795 I SurfaceControl: nativeRelease nativeObject s[511199305184]
12-21 01:30:39.320 18795 18795 I SurfaceControl: nativeRelease nativeObject e[511199305184]
12-21 01:30:39.320 18795 18795 I SurfaceControl: nativeRelease nativeObject s[511199304896]
12-21 01:30:39.320 18795 18795 I SurfaceControl: nativeRelease nativeObject e[511199304896]
12-21 01:30:39.320 18795 18795 I ViewRootImpl@4612063[MainActivity]: Relayout returned: old=(108,796,972,1629) new=(108,796,972,1629) req=(864,833)0 dur=14 res=0x1 s={true 511198801920} ch=false fn=2
12-21 01:30:39.330 18795 18795 I SurfaceControl: nativeRelease nativeObject s[513301236320]
12-21 01:30:39.330 18795 18795 I SurfaceControl: nativeRelease nativeObject e[513301236320]
12-21 01:30:39.330 18795 18795 I SurfaceControl: nativeRelease nativeObject s[513301225760]
12-21 01:30:39.330 18795 18795 I SurfaceControl: nativeRelease nativeObject e[513301225760]
12-21 01:30:39.330 18795 18795 I SurfaceControl: nativeRelease nativeObject s[513301225664]
12-21 01:30:39.330 18795 18795 I SurfaceControl: nativeRelease nativeObject e[513301225664]
12-21 01:30:39.331 18795 18795 I SurfaceControl: nativeRelease nativeObject s[511199306528]
12-21 01:30:39.331 18795 18795 I SurfaceControl: nativeRelease nativeObject e[511199306528]
12-21 01:30:39.331 18795 18795 I SurfaceControl: nativeRelease nativeObject s[511199304224]
12-21 01:30:39.331 18795 18795 I SurfaceControl: nativeRelease nativeObject e[511199304224]
12-21 01:30:39.331 18795 18795 I ViewRootImpl@9c2abf3[MainActivity]: MSG_WINDOW_FOCUS_CHANGED 0 1
12-21 01:30:39.348 18795 18795 I ViewRootImpl@4612063[MainActivity]: MSG_WINDOW_FOCUS_CHANGED 1 1
12-21 01:30:39.348 18795 18795 D InputMethodManager: prepareNavigationBarInfo() DecorView@554a600[MainActivity]
12-21 01:30:39.348 18795 18795 D InputMethodManager: getNavigationBarColor() -16711423
12-21 01:30:39.348 18795 18795 D InputMethodManager: prepareNavigationBarInfo() DecorView@554a600[MainActivity]
12-21 01:30:39.348 18795 18795 D InputMethodManager: getNavigationBarColor() -16711423
12-21 01:30:39.348 18795 18795 V InputMethodManager: Starting input: tba=app.universal.revanced.manager ic=null mNaviBarColor -16711423 mIsGetNaviBarColorSuccess true , NavVisible : true , NavTrans : false
12-21 01:30:39.348 18795 18795 D InputMethodManager: startInputInner - Id : 0
12-21 01:30:39.348 18795 18795 I InputMethodManager: startInputInner - mService.startInputOrWindowGainedFocus
12-21 01:30:39.356 18795 18795 D InputTransport: Input channel constructed: 'ClientS', fd=104
12-21 01:30:39.356 18795 18795 D InputTransport: Input channel destroyed: 'ClientS', fd=86
12-21 01:30:39.396 18795 18795 I SurfaceControl: nativeRelease nativeObject s[515843579296]
12-21 01:30:39.396 18795 18795 I SurfaceControl: nativeRelease nativeObject e[515843579296]
12-21 01:30:39.396 18795 18795 I SurfaceControl: nativeRelease nativeObject s[515843579488]
12-21 01:30:39.396 18795 18795 I SurfaceControl: nativeRelease nativeObject e[515843579488]
12-21 01:30:39.397 18795 18795 I SurfaceControl: nativeRelease nativeObject s[513301236512]
12-21 01:30:39.397 18795 18795 I SurfaceControl: nativeRelease nativeObject e[513301236512]
12-21 01:30:39.577 18795 19418 I evanced.manage: Waiting for a blocking GC ClassLinker
12-21 01:30:39.629 18795 19402 I evanced.manage: Background concurrent copying GC freed 89689(4245KB) AllocSpace objects, 9(524KB) LOS objects, 49% free, 11MB/23MB, paused 226us total 335.648ms
12-21 01:30:39.629 18795 19418 I evanced.manage: WaitForGcToComplete blocked ClassLinker on ClassLinker for 52.231ms
12-21 01:30:40.570 18795 18795 I ViewRootImpl@4612063[MainActivity]: ViewPostIme pointer 0
12-21 01:30:40.642 18795 18795 I ViewRootImpl@4612063[MainActivity]: ViewPostIme pointer 1
12-21 01:30:40.669 18795 19421 W libEGL  : EGLNativeWindowType 0x7705d2b010 disconnect failed
12-21 01:30:40.669 18795 19421 D OpenGLRenderer: endAllActiveAnimators on 0x771c577700 (UnprojectedRipple) with handle 0x777e629b80
12-21 01:30:40.670 18795 18795 D ViewRootImpl@4612063[MainActivity]: dispatchDetachedFromWindow: reset blurmask
12-21 01:30:40.670 18795 18795 I ViewRootImpl@4612063[MainActivity]: dispatchDetachedFromWindow
12-21 01:30:40.670 18795 18795 I SurfaceControl: nativeRelease nativeObject s[511199306432]
12-21 01:30:40.670 18795 18795 I SurfaceControl: nativeRelease nativeObject e[511199306432]
12-21 01:30:40.694 18795 18795 D InputTransport: Input channel destroyed: '651e373', fd=83
12-21 01:30:40.703 18795 18795 I SurfaceControl: nativeRelease nativeObject s[513301225664]
12-21 01:30:40.703 18795 18795 I SurfaceControl: nativeRelease nativeObject e[513301225664]
12-21 01:30:40.703 18795 18795 I SurfaceControl: nativeRelease nativeObject s[513301236992]
12-21 01:30:40.703 18795 18795 I SurfaceControl: nativeRelease nativeObject e[513301236992]
12-21 01:30:40.703 18795 18795 I SurfaceControl: nativeRelease nativeObject s[513301236704]
12-21 01:30:40.703 18795 18795 I SurfaceControl: nativeRelease nativeObject e[513301236704]
12-21 01:30:40.725 18795 18795 I ViewRootImpl@9c2abf3[MainActivity]: MSG_WINDOW_FOCUS_CHANGED 1 1
12-21 01:30:40.726 18795 18795 D InputMethodManager: prepareNavigationBarInfo() DecorView@430d45a[MainActivity]
12-21 01:30:40.726 18795 18795 D InputMethodManager: getNavigationBarColor() 0
12-21 01:30:40.728 18795 18795 D InputMethodManager: prepareNavigationBarInfo() DecorView@430d45a[MainActivity]
12-21 01:30:40.728 18795 18795 D InputMethodManager: getNavigationBarColor() 0
12-21 01:30:40.728 18795 18795 V InputMethodManager: Starting input: tba=app.universal.revanced.manager ic=null mNaviBarColor 0 mIsGetNaviBarColorSuccess true , NavVisible : true , NavTrans : false
12-21 01:30:40.728 18795 18795 D InputMethodManager: startInputInner - Id : 0
12-21 01:30:40.728 18795 18795 I InputMethodManager: startInputInner - mService.startInputOrWindowGainedFocus
12-21 01:30:40.731 18795 18795 D InputTransport: Input channel constructed: 'ClientS', fd=83
12-21 01:30:40.731 18795 18795 D InputTransport: Input channel destroyed: 'ClientS', fd=104
12-21 01:30:40.741 18795 18795 I SurfaceControl: nativeRelease nativeObject s[513301225760]
12-21 01:30:40.741 18795 18795 I SurfaceControl: nativeRelease nativeObject e[513301225760]
12-21 01:30:40.743 18795 18795 I SurfaceControl: nativeRelease nativeObject s[515843579680]
12-21 01:30:40.743 18795 18795 I SurfaceControl: nativeRelease nativeObject e[515843579680]
12-21 01:30:40.743 18795 18795 I SurfaceControl: nativeRelease nativeObject s[515843579584]
12-21 01:30:40.743 18795 18795 I SurfaceControl: nativeRelease nativeObject e[515843579584]
12-21 01:30:41.747 18795 19606 D ProfileInstaller: Installing profile for app.universal.revanced.manager
12-21 01:30:41.830 18795 19418 I evanced.manage: Waiting for a blocking GC ClassLinker
12-21 01:30:41.867 18795 18795 I ViewRootImpl@9c2abf3[MainActivity]: ViewPostIme pointer 0
12-21 01:30:41.869 18795 19402 I evanced.manage: Background young concurrent copying GC freed 115741(6633KB) AllocSpace objects, 0(0B) LOS objects, 11% free, 20MB/23MB, paused 322us total 100.297ms
12-21 01:30:41.870 18795 19418 I evanced.manage: WaitForGcToComplete blocked ClassLinker on ClassLinker for 40.092ms
12-21 01:30:42.019 18795 18795 I ViewRootImpl@9c2abf3[MainActivity]: ViewPostIme pointer 1
12-21 01:30:42.208 18795 18795 I ViewRootImpl@9c2abf3[MainActivity]: ViewPostIme pointer 0
12-21 01:30:42.282 18795 18795 I ViewRootImpl@9c2abf3[MainActivity]: ViewPostIme pointer 1
12-21 01:30:42.411 18795 19401 I evanced.manage: Compiler allocated 4339KB to compile java.lang.Object androidx.compose.foundation.lazy.LazyListKt$rememberLazyListMeasurePolicy$1$1.invoke(java.lang.Object, java.lang.Object)
12-21 01:30:42.451 18795 19418 D Universal ReVanced Manager: Running Update check
12-21 01:30:42.453 18795 19468 D Universal ReVanced Manager: Updating patch bundle: ReVanced Patches
12-21 01:30:42.840 18795 19416 D Universal ReVanced Manager: Updating patch bundle: ReVanced Liso Patches
12-21 01:30:43.198 18795 19468 D Universal ReVanced Manager: Updating patch bundle: ReVanced Patches
12-21 01:30:43.326 18795 19401 I evanced.manage: Compiler allocated 4377KB to compile java.lang.Object androidx.compose.foundation.lazy.LazyListKt$rememberLazyListMeasurePolicy$1$1.invoke(java.lang.Object, java.lang.Object)
12-21 01:30:43.434 18795 19466 D Universal ReVanced Manager: Updating patch bundle: ReVanced Patches
12-21 01:30:43.664 18795 19469 D Universal ReVanced Manager: Updating patch bundle: ReVanced Patches
12-21 01:30:43.884 18795 19468 D Universal ReVanced Manager: Updating patch bundle: RVX Patches
12-21 01:30:44.109 18795 19469 D Universal ReVanced Manager: Running app.revanced.manager.domain.repository.PatchBundleRepository$ManualUpdateCheck@770e8c
12-21 01:30:44.312 18795 19469 D Universal ReVanced Manager: Stopping action runner
12-21 01:30:44.575 18795 18795 I ViewRootImpl@9c2abf3[MainActivity]: ViewPostIme pointer 0
12-21 01:30:44.671 18795 18795 I ViewRootImpl@9c2abf3[MainActivity]: ViewPostIme pointer 1
12-21 01:30:44.858 18795 19402 I evanced.manage: Background concurrent copying GC freed 103009(4654KB) AllocSpace objects, 13(3576KB) LOS objects, 49% free, 15MB/31MB, paused 212us total 251.053ms
12-21 01:30:45.108 18795 18795 I ViewRootImpl@9c2abf3[MainActivity]: ViewPostIme pointer 0
12-21 01:30:45.250 18795 18795 I ViewRootImpl@9c2abf3[MainActivity]: ViewPostIme pointer 1
12-21 01:30:45.266 18795 18795 I Dialog  : mIsSamsungBasicInteraction = false, isMetaDataInActivity = false
12-21 01:30:45.274 18795 18795 I DecorView: [INFO] isPopOver=false, config=false
12-21 01:30:45.274 18795 18795 I DecorView: updateCaptionType >> DecorView@7d8c066[], isFloating=true, isApplication=true, hasWindowDecorCaption=false, hasWindowControllerCallback=false
12-21 01:30:45.274 18795 18795 D DecorView: setCaptionType = 0, this = DecorView@7d8c066[]
12-21 01:30:45.317 18795 18795 D InputTransport: Input channel constructed: '59468b3', fd=107
12-21 01:30:45.317 18795 18795 I ViewRootImpl@688fa6d[MainActivity]: setView = com.android.internal.policy.DecorView@7d8c066 TM=true
12-21 01:30:45.384 18795 18795 I SurfaceControl: assignNativeObject: nativeObject = 0 Surface(name=null)/@0xac28340 / android.view.SurfaceControl.readFromParcel:1117 android.view.IWindowSession$Stub$Proxy.relayout:1836 android.view.ViewRootImpl.relayoutWindow:9005 android.view.ViewRootImpl.performTraversals:3360 android.view.ViewRootImpl.doTraversal:2618 android.view.ViewRootImpl$TraversalRunnable.run:9971 android.view.Choreographer$CallbackRecord.run:1010 android.view.Choreographer.doCallbacks:809 android.view.Choreographer.doFrame:744 android.view.Choreographer$FrameDisplayEventReceiver.run:995 
12-21 01:30:45.389 18795 18795 I ViewRootImpl@688fa6d[MainActivity]: Relayout returned: old=(0,86,1080,2340) new=(108,659,972,1766) req=(864,1107)0 dur=36 res=0x7 s={true 511193448448} ch=true fn=-1
12-21 01:30:45.394 18795 18795 I ViewRootImpl@688fa6d[MainActivity]: [DP] dp(1) 1 android.view.ViewRootImpl.reportNextDraw:10957 android.view.ViewRootImpl.performTraversals:3845 android.view.ViewRootImpl.doTraversal:2618 
12-21 01:30:45.394 18795 18795 I ViewRootImpl@688fa6d[MainActivity]: [DP] pd() Asnyc report
12-21 01:30:45.444 18795 18795 I ViewRootImpl@688fa6d[MainActivity]: [DP] pdf(0) 1 android.view.ViewRootImpl.lambda$performDraw$1$ViewRootImpl:4668 android.view.-$$Lambda$ViewRootImpl$DJd0VUYJgsebcnSohO6h8zc_ONI.run:6 android.os.Handler.handleCallback:938 
12-21 01:30:45.444 18795 18795 I ViewRootImpl@688fa6d[MainActivity]: [DP] rdf()
12-21 01:30:45.472 18795 18795 I SurfaceControl: nativeRelease nativeObject s[513222127520]
12-21 01:30:45.472 18795 18795 I SurfaceControl: nativeRelease nativeObject e[513222127520]
12-21 01:30:45.472 18795 18795 I SurfaceControl: assignNativeObject: nativeObject = 0 Surface(name=null)/@0xac28340 / android.view.SurfaceControl.readFromParcel:1117 android.view.IWindowSession$Stub$Proxy.relayout:1836 android.view.ViewRootImpl.relayoutWindow:9005 android.view.ViewRootImpl.performTraversals:3360 android.view.ViewRootImpl.doTraversal:2618 android.view.ViewRootImpl$TraversalRunnable.run:9971 android.view.Choreographer$CallbackRecord.run:1010 android.view.Choreographer.doCallbacks:809 android.view.Choreographer.doFrame:744 android.view.Choreographer$FrameDisplayEventReceiver.run:995 
12-21 01:30:45.475 18795 18795 I SurfaceControl: nativeRelease nativeObject s[511575419872]
12-21 01:30:45.475 18795 18795 I SurfaceControl: nativeRelease nativeObject e[511575419872]
12-21 01:30:45.475 18795 18795 I SurfaceControl: nativeRelease nativeObject s[511575419776]
12-21 01:30:45.475 18795 18795 I SurfaceControl: nativeRelease nativeObject e[511575419776]
12-21 01:30:45.475 18795 18795 I ViewRootImpl@688fa6d[MainActivity]: Relayout returned: old=(108,659,972,1766) new=(108,659,972,1766) req=(864,1107)0 dur=10 res=0x1 s={true 511193448448} ch=false fn=2
12-21 01:30:45.484 18795 18795 I SurfaceControl: nativeRelease nativeObject s[513301226144]
12-21 01:30:45.484 18795 18795 I SurfaceControl: nativeRelease nativeObject e[513301226144]
12-21 01:30:45.484 18795 18795 I SurfaceControl: nativeRelease nativeObject s[513301236416]
12-21 01:30:45.484 18795 18795 I SurfaceControl: nativeRelease nativeObject e[513301236416]
12-21 01:30:45.484 18795 18795 I SurfaceControl: nativeRelease nativeObject s[513301236320]
12-21 01:30:45.484 18795 18795 I SurfaceControl: nativeRelease nativeObject e[513301236320]
12-21 01:30:45.485 18795 18795 I SurfaceControl: nativeRelease nativeObject s[511199307296]
12-21 01:30:45.485 18795 18795 I SurfaceControl: nativeRelease nativeObject e[511199307296]
12-21 01:30:45.485 18795 18795 I SurfaceControl: nativeRelease nativeObject s[513222127520]
12-21 01:30:45.485 18795 18795 I SurfaceControl: nativeRelease nativeObject e[513222127520]
12-21 01:30:45.485 18795 18795 I ViewRootImpl@9c2abf3[MainActivity]: MSG_WINDOW_FOCUS_CHANGED 0 1
12-21 01:30:45.492 18795 18795 I ViewRootImpl@688fa6d[MainActivity]: MSG_WINDOW_FOCUS_CHANGED 1 1
12-21 01:30:45.493 18795 18795 D InputMethodManager: prepareNavigationBarInfo() DecorView@7d8c066[MainActivity]
12-21 01:30:45.493 18795 18795 D InputMethodManager: getNavigationBarColor() -16711423
12-21 01:30:45.493 18795 18795 D InputMethodManager: prepareNavigationBarInfo() DecorView@7d8c066[MainActivity]
12-21 01:30:45.493 18795 18795 D InputMethodManager: getNavigationBarColor() -16711423
12-21 01:30:45.493 18795 18795 V InputMethodManager: Starting input: tba=app.universal.revanced.manager ic=null mNaviBarColor -16711423 mIsGetNaviBarColorSuccess true , NavVisible : true , NavTrans : false
12-21 01:30:45.493 18795 18795 D InputMethodManager: startInputInner - Id : 0
12-21 01:30:45.493 18795 18795 I InputMethodManager: startInputInner - mService.startInputOrWindowGainedFocus
12-21 01:30:45.497 18795 18795 D InputTransport: Input channel constructed: 'ClientS', fd=110
12-21 01:30:45.497 18795 18795 D InputTransport: Input channel destroyed: 'ClientS', fd=83
12-21 01:30:45.532 18795 18795 I SurfaceControl: nativeRelease nativeObject s[513301235840]
12-21 01:30:45.532 18795 18795 I SurfaceControl: nativeRelease nativeObject e[513301235840]
12-21 01:30:45.537 18795 18795 I SurfaceControl: nativeRelease nativeObject s[511575418336]
12-21 01:30:45.537 18795 18795 I SurfaceControl: nativeRelease nativeObject e[511575418336]
12-21 01:30:45.537 18795 18795 I SurfaceControl: nativeRelease nativeObject s[515843582848]
12-21 01:30:45.537 18795 18795 I SurfaceControl: nativeRelease nativeObject e[515843582848]
12-21 01:30:46.701 18795 18795 I ViewRootImpl@688fa6d[MainActivity]: ViewPostIme pointer 0
12-21 01:30:46.768 18795 18795 I ViewRootImpl@688fa6d[MainActivity]: ViewPostIme pointer 1
12-21 01:30:46.878 18795 18795 I SurfaceControl: nativeRelease nativeObject s[511199306528]
12-21 01:30:46.878 18795 18795 I SurfaceControl: nativeRelease nativeObject e[511199306528]
12-21 01:30:46.878 18795 18795 I SurfaceControl: assignNativeObject: nativeObject = 0 Surface(name=null)/@0xac28340 / android.view.SurfaceControl.readFromParcel:1117 android.view.IWindowSession$Stub$Proxy.relayout:1836 android.view.ViewRootImpl.relayoutWindow:9005 android.view.ViewRootImpl.performTraversals:3360 android.view.ViewRootImpl.doTraversal:2618 android.view.ViewRootImpl$TraversalRunnable.run:9971 android.view.Choreographer$CallbackRecord.run:1010 android.view.Choreographer.doCallbacks:809 android.view.Choreographer.doFrame:744 android.view.Choreographer$FrameDisplayEventReceiver.run:995 
12-21 01:30:46.879 18795 18795 I SurfaceControl: nativeRelease nativeObject s[513301226144]
12-21 01:30:46.879 18795 18795 I SurfaceControl: nativeRelease nativeObject e[513301226144]
12-21 01:30:46.879 18795 18795 I SurfaceControl: nativeRelease nativeObject s[513301237280]
12-21 01:30:46.879 18795 18795 I SurfaceControl: nativeRelease nativeObject e[513301237280]
12-21 01:30:46.879 18795 18795 I SurfaceControl: nativeRelease nativeObject s[513301236128]
12-21 01:30:46.879 18795 18795 I SurfaceControl: nativeRelease nativeObject e[513301236128]
12-21 01:30:46.879 18795 18795 I ViewRootImpl@688fa6d[MainActivity]: Relayout returned: old=(108,659,972,1766) new=(108,809,972,1616) req=(864,807)0 dur=19 res=0x21 s={true 511193448448} ch=false fn=12
12-21 01:30:46.884 18795 19421 W libEGL  : EGLNativeWindowType 0x7705810010 disconnect failed
12-21 01:30:46.918 18795 18795 I ViewRootImpl@688fa6d[MainActivity]: MSG_RESIZED_REPORT: frame=(108,809,972,1616) ci=(0,0,0,0) vi=(0,0,0,0) or=1
12-21 01:30:46.919 18795 18795 I ViewRootImpl@688fa6d[MainActivity]: [DP] dp(1) 1 android.view.ViewRootImpl.reportNextDraw:10957 android.view.ViewRootImpl.access$1200:256 android.view.ViewRootImpl$ViewRootHandler.handleMessage:6101 
12-21 01:30:46.934 18795 18795 I SurfaceControl: nativeRelease nativeObject s[513301235840]
12-21 01:30:46.935 18795 18795 I SurfaceControl: nativeRelease nativeObject e[513301235840]
12-21 01:30:46.935 18795 18795 I SurfaceControl: assignNativeObject: nativeObject = 0 Surface(name=null)/@0xac28340 / android.view.SurfaceControl.readFromParcel:1117 android.view.IWindowSession$Stub$Proxy.relayout:1836 android.view.ViewRootImpl.relayoutWindow:9005 android.view.ViewRootImpl.performTraversals:3360 android.view.ViewRootImpl.doTraversal:2618 android.view.ViewRootImpl$TraversalRunnable.run:9971 android.view.Choreographer$CallbackRecord.run:1010 android.view.Choreographer.doCallbacks:809 android.view.Choreographer.doFrame:744 android.view.Choreographer$FrameDisplayEventReceiver.run:995 
12-21 01:30:46.937 18795 18795 I SurfaceControl: nativeRelease nativeObject s[511199301920]
12-21 01:30:46.937 18795 18795 I SurfaceControl: nativeRelease nativeObject e[511199301920]
12-21 01:30:46.937 18795 18795 I SurfaceControl: nativeRelease nativeObject s[513222124736]
12-21 01:30:46.937 18795 18795 I SurfaceControl: nativeRelease nativeObject e[513222124736]
12-21 01:30:46.937 18795 18795 I SurfaceControl: nativeRelease nativeObject s[511199306528]
12-21 01:30:46.937 18795 18795 I SurfaceControl: nativeRelease nativeObject e[511199306528]
12-21 01:30:46.937 18795 18795 I ViewRootImpl@688fa6d[MainActivity]: Relayout returned: old=(108,809,972,1616) new=(108,809,972,1616) req=(864,807)0 dur=8 res=0x1 s={true 511193448448} ch=false fn=14
12-21 01:30:46.937 18795 18795 I ViewRootImpl@688fa6d[MainActivity]: [DP] pd() Asnyc report
12-21 01:30:46.940 18795 19421 W libEGL  : EGLNativeWindowType 0x7705810010 disconnect failed
12-21 01:30:46.947 18795 18795 I ViewRootImpl@688fa6d[MainActivity]: [DP] pdf(0) 1 android.view.ViewRootImpl.lambda$performDraw$1$ViewRootImpl:4668 android.view.-$$Lambda$ViewRootImpl$DJd0VUYJgsebcnSohO6h8zc_ONI.run:6 android.os.Handler.handleCallback:938 
12-21 01:30:46.947 18795 18795 I ViewRootImpl@688fa6d[MainActivity]: [DP] rdf()
12-21 01:30:47.732 18795 18795 I ViewRootImpl@688fa6d[MainActivity]: ViewPostIme pointer 0
12-21 01:30:47.803 18795 18795 I ViewRootImpl@688fa6d[MainActivity]: ViewPostIme pointer 1
12-21 01:30:47.858 18795 18795 D InputMethodManager: prepareNavigationBarInfo() DecorView@7d8c066[MainActivity]
12-21 01:30:47.858 18795 18795 D InputMethodManager: getNavigationBarColor() -16711423
12-21 01:30:47.858 18795 18795 V InputMethodManager: Starting input: tba=app.universal.revanced.manager ic=androidx.compose.ui.text.input.NullableInputConnectionWrapperApi25@def0194 mNaviBarColor -16711423 mIsGetNaviBarColorSuccess true , NavVisible : true , NavTrans : false
12-21 01:30:47.858 18795 18795 D InputMethodManager: startInputInner - Id : 0
12-21 01:30:47.859 18795 18795 I InputMethodManager: startInputInner - mService.startInputOrWindowGainedFocus
12-21 01:30:47.867 18795 18795 D InputTransport: Input channel constructed: 'ClientS', fd=108
12-21 01:30:47.867 18795 18795 D InputTransport: Input channel destroyed: 'ClientS', fd=110
12-21 01:30:47.867 18795 18795 D InputMethodManager: prepareNavigationBarInfo() DecorView@7d8c066[MainActivity]
12-21 01:30:47.867 18795 18795 D InputMethodManager: getNavigationBarColor() -16711423
12-21 01:30:47.867 18795 18795 V InputMethodManager: Starting input: tba=app.universal.revanced.manager ic=androidx.compose.ui.text.input.NullableInputConnectionWrapperApi25@97ec432 mNaviBarColor -16711423 mIsGetNaviBarColorSuccess true , NavVisible : true , NavTrans : false
12-21 01:30:47.867 18795 18795 D InputMethodManager: startInputInner - Id : 0
12-21 01:30:47.868 18795 18795 I InputMethodManager: startInputInner - mService.startInputOrWindowGainedFocus
12-21 01:30:47.871 18795 18795 D InputTransport: Input channel constructed: 'ClientS', fd=109
12-21 01:30:47.871 18795 18795 D InputTransport: Input channel destroyed: 'ClientS', fd=108
12-21 01:30:47.871 18795 18795 D InputMethodManager: SSI - flag : 0 Pid : 18795 view : app.universal.revanced.manager
12-21 01:30:47.871 18795 18795 D InputMethodManager: view is not EditText
12-21 01:30:47.872 18795 18795 D InputMethodManager: prepareNavigationBarInfo() DecorView@7d8c066[MainActivity]
12-21 01:30:47.872 18795 18795 D InputMethodManager: getNavigationBarColor() -16711423
12-21 01:30:47.940 18795 18795 I AssistStructure: Flattened final assist data: 1056 bytes, containing 2 windows, 7 views
12-21 01:30:47.953 18795 18795 D InputMethodManager: SSI - flag : 0 Pid : 18795 view : app.universal.revanced.manager
12-21 01:30:47.953 18795 18795 D InputMethodManager: view is not EditText
12-21 01:30:47.954 18795 18795 D InputMethodManager: prepareNavigationBarInfo() DecorView@7d8c066[MainActivity]
12-21 01:30:47.954 18795 18795 D InputMethodManager: getNavigationBarColor() -16711423
12-21 01:30:48.565 18795 18795 D InsetsSourceConsumer: setRequestedVisible: visible=true, type=13, host=app.universal.revanced.manager/app.revanced.manager.MainActivity, from=android.view.InsetsSourceConsumer.show:229 android.view.InsetsController.showDirectly:1437 android.view.InsetsController.controlAnimationUnchecked:1110 android.view.InsetsController.show:928 android.view.ViewRootImpl$ViewRootHandler.handleMessage:6146 android.os.Handler.dispatchMessage:106 android.os.Looper.loop:246 android.app.ActivityThread.main:8653 java.lang.reflect.Method.invoke:-2 com.android.internal.os.RuntimeInit$MethodAndArgsCaller.run:602 
12-21 01:30:48.644 18795 18795 I ViewRootImpl@9c2abf3[MainActivity]: MSG_RESIZED_REPORT: frame=(0,0,1080,2340) ci=(0,86,0,0) vi=(0,86,0,988) or=1
12-21 01:30:48.644 18795 18795 I ViewRootImpl@9c2abf3[MainActivity]: [DP] dp(1) 1 android.view.ViewRootImpl.reportNextDraw:10957 android.view.ViewRootImpl.access$1200:256 android.view.ViewRootImpl$ViewRootHandler.handleMessage:6101 
12-21 01:30:48.666 18795 18795 I SurfaceControl: nativeRelease nativeObject s[513222120608]
12-21 01:30:48.666 18795 18795 I SurfaceControl: nativeRelease nativeObject e[513222120608]
12-21 01:30:48.667 18795 18795 I SurfaceControl: assignNativeObject: nativeObject = 0 Surface(name=null)/@0xd6e2832 / android.view.SurfaceControl.readFromParcel:1117 android.view.IWindowSession$Stub$Proxy.relayout:1836 android.view.ViewRootImpl.relayoutWindow:9005 android.view.ViewRootImpl.performTraversals:3360 android.view.ViewRootImpl.doTraversal:2618 android.view.ViewRootImpl$TraversalRunnable.run:9971 android.view.Choreographer$CallbackRecord.run:1010 android.view.Choreographer.doCallbacks:809 android.view.Choreographer.doFrame:744 android.view.Choreographer$FrameDisplayEventReceiver.run:995 
12-21 01:30:48.670 18795 18795 I ViewRootImpl@9c2abf3[MainActivity]: Relayout returned: old=(0,0,1080,2340) new=(0,0,1080,2340) req=(1080,2340)0 dur=15 res=0x1 s={true 511576297472} ch=false fn=198
12-21 01:30:48.671 18795 18795 I ViewRootImpl@9c2abf3[MainActivity]: [DP] pd() Asnyc report
12-21 01:30:48.674 18795 19421 W libEGL  : EGLNativeWindowType 0x771c52d010 disconnect failed
12-21 01:30:48.727 18795 18795 I ViewRootImpl@9c2abf3[MainActivity]: [DP] pdf(0) 1 android.view.ViewRootImpl.lambda$performDraw$1$ViewRootImpl:4668 android.view.-$$Lambda$ViewRootImpl$DJd0VUYJgsebcnSohO6h8zc_ONI.run:6 android.os.Handler.handleCallback:938 
12-21 01:30:48.727 18795 18795 I ViewRootImpl@9c2abf3[MainActivity]: [DP] rdf()
12-21 01:30:48.794 18795 19957 I SurfaceControl: nativeRelease nativeObject s[511199306528]
12-21 01:30:48.794 18795 19957 I SurfaceControl: nativeRelease nativeObject e[511199306528]
12-21 01:30:57.640 18795 18795 I SurfaceControl: nativeRelease nativeObject s[511575412000]
12-21 01:30:57.640 18795 18795 I SurfaceControl: nativeRelease nativeObject e[511575412000]
12-21 01:30:57.665 18795 18795 I SurfaceControl: assignNativeObject: nativeObject = 0 Surface(name=null)/@0xac28340 / android.view.SurfaceControl.readFromParcel:1117 android.view.IWindowSession$Stub$Proxy.relayout:1836 android.view.ViewRootImpl.relayoutWindow:9005 android.view.ViewRootImpl.performTraversals:3360 android.view.ViewRootImpl.doTraversal:2618 android.view.ViewRootImpl$TraversalRunnable.run:9971 android.view.Choreographer$CallbackRecord.run:1010 android.view.Choreographer.doCallbacks:809 android.view.Choreographer.doFrame:744 android.view.Choreographer$FrameDisplayEventReceiver.run:995 
12-21 01:30:57.666 18795 18795 I SurfaceControl: nativeRelease nativeObject s[513222121856]
12-21 01:30:57.666 18795 18795 I SurfaceControl: nativeRelease nativeObject e[513222121856]
12-21 01:30:57.666 18795 18795 I SurfaceControl: nativeRelease nativeObject s[511575420448]
12-21 01:30:57.666 18795 18795 I SurfaceControl: nativeRelease nativeObject e[511575420448]
12-21 01:30:57.666 18795 18795 I SurfaceControl: nativeRelease nativeObject s[513301235840]
12-21 01:30:57.666 18795 18795 I SurfaceControl: nativeRelease nativeObject e[513301235840]
12-21 01:30:57.667 18795 18795 I ViewRootImpl@688fa6d[MainActivity]: Relayout returned: old=(108,315,972,1122) new=(108,213,972,1225) req=(864,1012)0 dur=96 res=0x21 s={true 511193448448} ch=false fn=46
12-21 01:30:57.674 18795 19421 W libEGL  : EGLNativeWindowType 0x7705810010 disconnect failed
12-21 01:30:57.715 18795 18795 I ViewRootImpl@688fa6d[MainActivity]: MSG_RESIZED: frame=(108,213,972,1225) ci=(0,0,0,0) vi=(0,0,0,0) or=1
12-21 01:30:59.088 18795 18795 I ViewRootImpl@688fa6d[MainActivity]: ViewPostIme pointer 0
12-21 01:30:59.200 18795 18795 I ViewRootImpl@688fa6d[MainActivity]: ViewPostIme pointer 1
12-21 01:30:59.235 18795 18795 D InputMethodManager: SSI - flag : 0 Pid : 18795 view : app.universal.revanced.manager
12-21 01:30:59.235 18795 18795 D InputMethodManager: view is not EditText
12-21 01:30:59.241 18795 18795 D InputMethodManager: prepareNavigationBarInfo() DecorView@7d8c066[MainActivity]
12-21 01:30:59.241 18795 18795 D InputMethodManager: getNavigationBarColor() -16711423
12-21 01:30:59.302 18795 18795 D InputTransport: Input channel constructed: 'f741695', fd=91
12-21 01:30:59.303 18795 18795 I ViewRootImpl@5e8b2ea[‎‏‎‎‎‎‎‏‎‏‏‏‎‎‎‎‎‎‏‎‎‏‎‎ setView = androidx.compose.ui.window.PopupLayout@593a9db TM=true
12-21 01:30:59.513 18795 18795 I SurfaceControl: assignNativeObject: nativeObject = 0 Surface(name=null)/@0x30aa516 / android.view.SurfaceControl.readFromParcel:1117 android.view.IWindowSession$Stub$Proxy.relayout:1836 android.view.ViewRootImpl.relayoutWindow:9005 android.view.ViewRootImpl.performTraversals:3360 android.view.ViewRootImpl.doTraversal:2618 android.view.ViewRootImpl$TraversalRunnable.run:9971 android.view.Choreographer$CallbackRecord.run:1010 android.view.Choreographer.doCallbacks:809 android.view.Choreographer.doFrame:744 android.view.Choreographer$FrameDisplayEventReceiver.run:995 
12-21 01:30:59.514 18795 18795 I ViewRootImpl@5e8b2ea[‎‏‎‎‎‎‎‏‎‏‏‏‎‎‎‎‎‎‏‎‎‏‎‎ Relayout returned: old=(0,86,1080,2340) new=(824,689,880,757) req=(56,68)0 dur=31 res=0x7 s={true 511182786560} ch=true fn=-1
12-21 01:30:59.520 18795 18795 I ViewRootImpl@5e8b2ea[‎‏‎‎‎‎‎‏‎‏‏‏‎‎‎‎‎‎‏‎‎‏‎‎ [DP] dp(1) 0 android.view.ViewRootImpl.reportNextDraw:10957 android.view.ViewRootImpl.performTraversals:3845 android.view.ViewRootImpl.doTraversal:2618 
12-21 01:30:59.520 18795 18795 I ViewRootImpl@5e8b2ea[‎‏‎‎‎‎‎‏‎‏‏‏‎‎‎‎‎‎‏‎‎‏‎‎ [DP] pd() Asnyc report
12-21 01:30:59.534 18795 18795 I ViewRootImpl@5e8b2ea[‎‏‎‎‎‎‎‏‎‏‏‏‎‎‎‎‎‎‏‎‎‏‎‎ [DP] pdf(0) 0 android.view.ViewRootImpl.lambda$performDraw$1$ViewRootImpl:4668 android.view.-$$Lambda$ViewRootImpl$DJd0VUYJgsebcnSohO6h8zc_ONI.run:6 android.os.Handler.handleCallback:938 
12-21 01:30:59.534 18795 18795 I ViewRootImpl@5e8b2ea[‎‏‎‎‎‎‎‏‎‏‏‏‎‎‎‎‎‎‏‎‎‏‎‎ [DP] rdf()
12-21 01:30:59.576 18795 18795 I SurfaceControl: nativeRelease nativeObject s[513301235840]
12-21 01:30:59.576 18795 18795 I SurfaceControl: nativeRelease nativeObject e[513301235840]
12-21 01:30:59.576 18795 18795 I SurfaceControl: assignNativeObject: nativeObject = 0 Surface(name=null)/@0x30aa516 / android.view.SurfaceControl.readFromParcel:1117 android.view.IWindowSession$Stub$Proxy.relayout:1836 android.view.ViewRootImpl.relayoutWindow:9005 android.view.ViewRootImpl.performTraversals:3360 android.view.ViewRootImpl.doTraversal:2618 android.view.ViewRootImpl$TraversalRunnable.run:9971 android.view.Choreographer$CallbackRecord.run:1010 android.view.Choreographer.doCallbacks:809 android.view.Choreographer.doFrame:744 android.view.Choreographer$FrameDisplayEventReceiver.run:995 
12-21 01:30:59.578 18795 18795 I ViewRootImpl@5e8b2ea[‎‏‎‎‎‎‎‏‎‏‏‏‎‎‎‎‎‎‏‎‎‏‎‎ Relayout returned: old=(824,689,880,757) new=(824,689,880,757) req=(56,68)0 dur=23 res=0x1 s={true 511182786560} ch=false fn=2
12-21 01:30:59.597 18795 18795 I ViewRootImpl@5e8b2ea[‎‏‎‎‎‎‎‏‎‏‏‏‎‎‎‎‎‎‏‎‎‏‎‎ MSG_RESIZED_REPORT: frame=(824,689,880,757) ci=(0,0,0,0) vi=(0,0,0,0) or=1
12-21 01:30:59.597 18795 18795 I ViewRootImpl@5e8b2ea[‎‏‎‎‎‎‎‏‎‏‏‏‎‎‎‎‎‎‏‎‎‏‎‎ [DP] dp(1) 0 android.view.ViewRootImpl.reportNextDraw:10957 android.view.ViewRootImpl.access$1200:256 android.view.ViewRootImpl$ViewRootHandler.handleMessage:6101 
12-21 01:30:59.617 18795 18795 I SurfaceControl: nativeRelease nativeObject s[511199309024]
12-21 01:30:59.617 18795 18795 I SurfaceControl: nativeRelease nativeObject e[511199309024]
12-21 01:30:59.618 18795 18795 I SurfaceControl: assignNativeObject: nativeObject = 0 Surface(name=null)/@0x30aa516 / android.view.SurfaceControl.readFromParcel:1117 android.view.IWindowSession$Stub$Proxy.relayout:1836 android.view.ViewRootImpl.relayoutWindow:9005 android.view.ViewRootImpl.performTraversals:3360 android.view.ViewRootImpl.doTraversal:2618 android.view.ViewRootImpl$TraversalRunnable.run:9971 android.view.Choreographer$CallbackRecord.run:1010 android.view.Choreographer.doCallbacks:809 android.view.Choreographer.doFrame:744 android.view.Choreographer$FrameDisplayEventReceiver.run:995 
12-21 01:30:59.620 18795 18795 I ViewRootImpl@5e8b2ea[‎‏‎‎‎‎‎‏‎‏‏‏‎‎‎‎‎‎‏‎‎‏‎‎ Relayout returned: old=(824,689,880,757) new=(824,689,880,757) req=(56,68)0 dur=16 res=0x1 s={true 511182786560} ch=false fn=3
12-21 01:30:59.620 18795 18795 I ViewRootImpl@5e8b2ea[‎‏‎‎‎‎‎‏‎‏‏‏‎‎‎‎‎‎‏‎‎‏‎‎ [DP] pd() Asnyc report
12-21 01:30:59.627 18795 19421 W libEGL  : EGLNativeWindowType 0x7704de5010 disconnect failed
12-21 01:30:59.635 18795 18795 I ViewRootImpl@5e8b2ea[‎‏‎‎‎‎‎‏‎‏‏‏‎‎‎‎‎‎‏‎‎‏‎‎ [DP] pdf(0) 0 android.view.ViewRootImpl.lambda$performDraw$1$ViewRootImpl:4668 android.view.-$$Lambda$ViewRootImpl$DJd0VUYJgsebcnSohO6h8zc_ONI.run:6 android.os.Handler.handleCallback:938 
12-21 01:30:59.636 18795 18795 I ViewRootImpl@5e8b2ea[‎‏‎‎‎‎‎‏‎‏‏‏‎‎‎‎‎‎‏‎‎‏‎‎ [DP] rdf()
12-21 01:31:00.115 18795 18795 I ViewRootImpl@688fa6d[MainActivity]: ViewPostIme pointer 0
12-21 01:31:00.194 18795 18795 I ViewRootImpl@688fa6d[MainActivity]: ViewPostIme pointer 1
12-21 01:31:00.230 18795 18795 I SurfaceControl: nativeRelease nativeObject s[513301235840]
12-21 01:31:00.231 18795 18795 I SurfaceControl: nativeRelease nativeObject e[513301235840]
12-21 01:31:00.231 18795 18795 I SurfaceControl: assignNativeObject: nativeObject = 0 Surface(name=null)/@0x30aa516 / android.view.SurfaceControl.readFromParcel:1117 android.view.IWindowSession$Stub$Proxy.relayout:1836 android.view.ViewRootImpl.relayoutWindow:9005 android.view.ViewRootImpl.performTraversals:3360 android.view.ViewRootImpl.doTraversal:2618 android.view.ViewRootImpl$TraversalRunnable.run:9971 android.view.Choreographer$CallbackRecord.run:1010 android.view.Choreographer.doCallbacks:809 android.view.Choreographer.doFrame:744 android.view.Choreographer$FrameDisplayEventReceiver.run:995 
12-21 01:31:00.232 18795 18795 I ViewRootImpl@5e8b2ea[‎‏‎‎‎‎‎‏‎‏‏‏‎‎‎‎‎‎‏‎‎‏‎‎ Relayout returned: old=(824,689,880,757) new=(191,743,247,811) req=(56,68)0 dur=14 res=0x1 s={true 511182786560} ch=false fn=4
12-21 01:31:00.235 18795 18795 D InputMethodManager: SSI - flag : 0 Pid : 18795 view : app.universal.revanced.manager
12-21 01:31:00.235 18795 18795 D InputMethodManager: view is not EditText
12-21 01:31:00.238 18795 18795 D InputMethodManager: prepareNavigationBarInfo() DecorView@7d8c066[MainActivity]
12-21 01:31:00.238 18795 18795 D InputMethodManager: getNavigationBarColor() -16711423
12-21 01:31:00.251 18795 18795 I SurfaceControl: nativeRelease nativeObject s[511199309024]
12-21 01:31:00.251 18795 18795 I SurfaceControl: nativeRelease nativeObject e[511199309024]
12-21 01:31:00.252 18795 18795 I SurfaceControl: assignNativeObject: nativeObject = 0 Surface(name=null)/@0x30aa516 / android.view.SurfaceControl.readFromParcel:1117 android.view.IWindowSession$Stub$Proxy.relayout:1836 android.view.ViewRootImpl.relayoutWindow:9005 android.view.ViewRootImpl.performTraversals:3360 android.view.ViewRootImpl.doTraversal:2618 android.view.ViewRootImpl$TraversalRunnable.run:9971 android.view.Choreographer$CallbackRecord.run:1010 android.view.Choreographer.doCallbacks:809 android.view.Choreographer.doFrame:744 android.view.Choreographer$FrameDisplayEventReceiver.run:995 
12-21 01:31:00.253 18795 18795 I ViewRootImpl@5e8b2ea[‎‏‎‎‎‎‎‏‎‏‏‏‎‎‎‎‎‎‏‎‎‏‎‎ Relayout returned: old=(191,743,247,811) new=(191,743,247,811) req=(56,68)0 dur=11 res=0x1 s={true 511182786560} ch=false fn=4
12-21 01:31:00.874 18795 18795 I ViewRootImpl@688fa6d[MainActivity]: ViewPostIme key 0
12-21 01:31:00.894 18795 18795 I ViewRootImpl@688fa6d[MainActivity]: ViewPostIme key 1
12-21 01:31:00.916 18795 19421 W libEGL  : EGLNativeWindowType 0x7704de5010 disconnect failed
12-21 01:31:00.916 18795 18795 D ViewRootImpl@5e8b2ea[‎‏‎‎‎‎‎‏‎‏‏‏‎‎‎‎‎‎‏‎‎‏‎‎ dispatchDetachedFromWindow: reset blurmask
12-21 01:31:00.916 18795 18795 I ViewRootImpl@5e8b2ea[‎‏‎‎‎‎‎‏‎‏‏‏‎‎‎‎‎‎‏‎‎‏‎‎ dispatchDetachedFromWindow
12-21 01:31:00.916 18795 18795 I SurfaceControl: nativeRelease nativeObject s[513301235840]
12-21 01:31:00.916 18795 18795 I SurfaceControl: nativeRelease nativeObject e[513301235840]
12-21 01:31:00.947 18795 18795 D InputTransport: Input channel destroyed: 'f741695', fd=91
12-21 01:31:01.041 18795 18795 I ViewRootImpl@688fa6d[MainActivity]: ViewPostIme key 0
12-21 01:31:01.042 18795 18795 I ViewRootImpl@688fa6d[MainActivity]: ViewPostIme key 1
12-21 01:31:01.209 18795 18795 I ViewRootImpl@688fa6d[MainActivity]: ViewPostIme key 0
12-21 01:31:01.211 18795 18795 I ViewRootImpl@688fa6d[MainActivity]: ViewPostIme key 1
12-21 01:31:01.377 18795 18795 I ViewRootImpl@688fa6d[MainActivity]: ViewPostIme key 0
12-21 01:31:01.378 18795 18795 I ViewRootImpl@688fa6d[MainActivity]: ViewPostIme key 1
12-21 01:31:01.733 18795 18795 I ViewRootImpl@688fa6d[MainActivity]: ViewPostIme key 0
12-21 01:31:01.735 18795 18795 I ViewRootImpl@688fa6d[MainActivity]: ViewPostIme key 1
12-21 01:31:01.959 18795 18795 I ViewRootImpl@688fa6d[MainActivity]: ViewPostIme key 0
12-21 01:31:01.961 18795 18795 I ViewRootImpl@688fa6d[MainActivity]: ViewPostIme key 1
12-21 01:31:03.635 18795 18795 I ViewRootImpl@688fa6d[MainActivity]: ViewPostIme pointer 0
12-21 01:31:03.675 18795 18795 I ViewRootImpl@688fa6d[MainActivity]: ViewPostIme pointer 1
12-21 01:31:03.680 18795 18795 D Universal ReVanced Manager: Dispatching Add bundle (https://raw.githubusercontent.com/Jman-Github/ReVanced-Patch-Bundles/bundles/patch-bundles/anddea-patch-bundles/anddea-dev-patches-bundle.json)
12-21 01:31:03.683 18795 19469 D Universal ReVanced Manager: Running Add bundle (https://raw.githubusercontent.com/Jman-Github/ReVanced-Patch-Bundles/bundles/patch-bundles/anddea-patch-bundles/anddea-dev-patches-bundle.json)
12-21 01:31:03.725 18795 19421 W libEGL  : EGLNativeWindowType 0x7705810010 disconnect failed
12-21 01:31:03.725 18795 19421 D OpenGLRenderer: endAllActiveAnimators on 0x7704df9e00 (UnprojectedRipple) with handle 0x7778c83580
12-21 01:31:03.726 18795 18795 D ViewRootImpl@688fa6d[MainActivity]: dispatchDetachedFromWindow: reset blurmask
12-21 01:31:03.726 18795 18795 I ViewRootImpl@688fa6d[MainActivity]: dispatchDetachedFromWindow
12-21 01:31:03.726 18795 18795 I SurfaceControl: nativeRelease nativeObject s[513222120608]
12-21 01:31:03.726 18795 18795 I SurfaceControl: nativeRelease nativeObject e[513222120608]
12-21 01:31:03.743 18795 19416 D Universal ReVanced Manager: Dispatching Update check
12-21 01:31:03.744 18795 19416 D Universal ReVanced Manager: Running Update check
12-21 01:31:03.745 18795 19419 D Universal ReVanced Manager: Updating patch bundle: Unnamed
12-21 01:31:03.784 18795 18795 D InputTransport: Input channel destroyed: '59468b3', fd=107
12-21 01:31:03.815 18795 18795 D InputMethodManager: HSIFW - flag : 0
12-21 01:31:03.815 18795 18795 I InputMethodManager: hideSoftInputFromWindow ignore mServedView == null or mServedView.getWindowToken() != windowToken, mServedView :0
12-21 01:31:03.849 18795 18795 I SurfaceControl: nativeRelease nativeObject s[513222124256]
12-21 01:31:03.849 18795 18795 I SurfaceControl: nativeRelease nativeObject e[513222124256]
12-21 01:31:03.850 18795 18795 I SurfaceControl: nativeRelease nativeObject s[511199301920]
12-21 01:31:03.850 18795 18795 I SurfaceControl: nativeRelease nativeObject e[511199301920]
12-21 01:31:03.850 18795 18795 I SurfaceControl: nativeRelease nativeObject s[511575412000]
12-21 01:31:03.850 18795 18795 I SurfaceControl: nativeRelease nativeObject e[511575412000]
12-21 01:31:03.851 18795 18795 I ViewRootImpl@9c2abf3[MainActivity]: MSG_WINDOW_FOCUS_CHANGED 1 1
12-21 01:31:03.851 18795 18795 D InputMethodManager: prepareNavigationBarInfo() DecorView@430d45a[MainActivity]
12-21 01:31:03.851 18795 18795 D InputMethodManager: getNavigationBarColor() 0
12-21 01:31:03.852 18795 18795 D InputMethodManager: prepareNavigationBarInfo() DecorView@430d45a[MainActivity]
12-21 01:31:03.852 18795 18795 D InputMethodManager: getNavigationBarColor() 0
12-21 01:31:03.852 18795 18795 V InputMethodManager: Starting input: tba=app.universal.revanced.manager ic=null mNaviBarColor 0 mIsGetNaviBarColorSuccess true , NavVisible : true , NavTrans : false
12-21 01:31:03.852 18795 18795 D InputMethodManager: startInputInner - Id : 0
12-21 01:31:03.852 18795 18795 I InputMethodManager: startInputInner - mService.startInputOrWindowGainedFocus
12-21 01:31:03.886 18795 18795 D InputTransport: Input channel constructed: 'ClientS', fd=89
12-21 01:31:03.886 18795 18795 D InputTransport: Input channel destroyed: 'ClientS', fd=109
12-21 01:31:03.900 18795 18795 D InsetsSourceConsumer: setRequestedVisible: visible=false, type=13, host=app.universal.revanced.manager/app.revanced.manager.MainActivity, from=android.view.InsetsSourceConsumer.hide:236 android.view.ImeInsetsSourceConsumer.hide:101 android.view.InsetsController.hideDirectly:1430 android.view.InsetsController.controlAnimationUnchecked:1112 android.view.InsetsController.applyAnimation:1417 android.view.InsetsController.hide:984 android.view.ViewRootImpl$ViewRootHandler.handleMessage:6150 android.os.Handler.dispatchMessage:106 android.os.Looper.loop:246 android.app.ActivityThread.main:8653 
12-21 01:31:04.015 18795 18795 W IInputConnectionWrapper: requestCursorAnchorInfo on inactive InputConnection
12-21 01:31:04.087 18795 18795 I SurfaceControl: nativeRelease nativeObject s[511575418912]
12-21 01:31:04.087 18795 18795 I SurfaceControl: nativeRelease nativeObject e[511575418912]
12-21 01:31:04.087 18795 18795 I SurfaceControl: nativeRelease nativeObject s[511575418432]
12-21 01:31:04.087 18795 18795 I SurfaceControl: nativeRelease nativeObject e[511575418432]
12-21 01:31:04.116 18795 19957 I SurfaceControl: nativeRelease nativeObject s[511575412000]
12-21 01:31:04.116 18795 19957 I SurfaceControl: nativeRelease nativeObject e[511575412000]
12-21 01:31:05.378 18795 19402 I evanced.manage: Background young concurrent copying GC freed 105754(4273KB) AllocSpace objects, 1(20KB) LOS objects, 0% free, 33MB/33MB, paused 7.620ms total 189.319ms
12-21 01:31:05.386 18795 19405 W System  : A resource failed to call release. 
12-21 01:31:05.386 18795 19405 I SurfaceControl: nativeRelease nativeObject s[513301236320]
12-21 01:31:05.386 18795 19405 I SurfaceControl: nativeRelease nativeObject e[513301236320]
12-21 01:31:05.529 18795 19402 I evanced.manage: Background concurrent copying GC freed 31868(1187KB) AllocSpace objects, 2(136KB) LOS objects, 41% free, 33MB/57MB, paused 174us total 149.554ms
12-21 01:31:18.872 18795 18795 I ViewRootImpl@9c2abf3[MainActivity]: ViewPostIme pointer 0
12-21 01:31:18.949 18795 18795 I ViewRootImpl@9c2abf3[MainActivity]: ViewPostIme pointer 1
12-21 01:31:24.311 18795 19402 I evanced.manage: Background young concurrent copying GC freed 1363375(23MB) AllocSpace objects, 0(0B) LOS objects, 41% free, 33MB/57MB, paused 234us total 131.490ms
12-21 01:31:43.641 18795 19402 I evanced.manage: Background young concurrent copying GC freed 1395523(23MB) AllocSpace objects, 0(0B) LOS objects, 41% free, 33MB/57MB, paused 211us total 169.636ms
12-21 01:32:00.437 18795 18795 I ViewRootImpl@9c2abf3[MainActivity]: ViewPostIme pointer 0
12-21 01:32:00.959 18795 18795 I ViewRootImpl@9c2abf3[MainActivity]: MSG_WINDOW_FOCUS_CHANGED 0 1
12-21 01:32:01.127 18795 18795 I SurfaceControl: nativeRelease nativeObject s[511199304032]
12-21 01:32:01.127 18795 18795 I SurfaceControl: nativeRelease nativeObject e[511199304032]
12-21 01:32:01.127 18795 18795 I SurfaceControl: nativeRelease nativeObject s[511199303264]
12-21 01:32:01.127 18795 18795 I SurfaceControl: nativeRelease nativeObject e[511199303264]
12-21 01:32:01.127 18795 18795 I SurfaceControl: nativeRelease nativeObject s[511575419680]
12-21 01:32:01.127 18795 18795 I SurfaceControl: nativeRelease nativeObject e[511575419680]
12-21 01:32:01.352 18795 18795 D InputTransport: Input channel destroyed: 'ClientS', fd=89
12-21 01:32:01.354 18795 18795 I SurfaceControl: nativeRelease nativeObject s[511199304992]
12-21 01:32:01.354 18795 18795 I SurfaceControl: nativeRelease nativeObject e[511199304992]
12-21 01:32:01.895 18795 19421 W libEGL  : EGLNativeWindowType 0x771c52d010 disconnect failed
12-21 01:32:01.908 18795 18795 I SurfaceControl: nativeRelease nativeObject s[513222124736]
12-21 01:32:01.908 18795 18795 I SurfaceControl: nativeRelease nativeObject e[513222124736]
12-21 01:32:01.909 18795 18795 I SurfaceControl: assignNativeObject: nativeObject = 0 Surface(name=null)/@0x36c1db4 / android.view.SurfaceControl.readFromParcel:1117 android.view.IWindowSession$Stub$Proxy.relayout:1826 android.view.ViewRootImpl.relayoutWindow:9005 android.view.ViewRootImpl.performTraversals:3360 android.view.ViewRootImpl.doTraversal:2618 android.view.ViewRootImpl$TraversalRunnable.run:9971 android.view.Choreographer$CallbackRecord.run:1010 android.view.Choreographer.doCallbacks:809 android.view.Choreographer.doFrame:744 android.view.Choreographer$FrameDisplayEventReceiver.run:995 
12-21 01:32:01.909 18795 18795 I SurfaceControl: assignNativeObject: nativeObject = 0 Surface(name=null)/@0xd6e2832 / android.view.SurfaceControl.readFromParcel:1117 android.view.IWindowSession$Stub$Proxy.relayout:1836 android.view.ViewRootImpl.relayoutWindow:9005 android.view.ViewRootImpl.performTraversals:3360 android.view.ViewRootImpl.doTraversal:2618 android.view.ViewRootImpl$TraversalRunnable.run:9971 android.view.Choreographer$CallbackRecord.run:1010 android.view.Choreographer.doCallbacks:809 android.view.Choreographer.doFrame:744 android.view.Choreographer$FrameDisplayEventReceiver.run:995 
12-21 01:32:01.921 18795 18795 I ViewRootImpl@9c2abf3[MainActivity]: Relayout returned: old=(0,0,1080,2340) new=(0,0,1080,2340) req=(1080,2340)8 dur=13 res=0x5 s={false 0} ch=true fn=541
12-21 01:32:01.939 18795 18795 I ViewRootImpl@9c2abf3[MainActivity]: stopped(true) old=false
12-21 01:32:14.048 18795 18795 I SurfaceControl: assignNativeObject: nativeObject = 0 Surface(name=null)/@0x36c1db4 / android.view.SurfaceControl.readFromParcel:1117 android.view.IWindowSession$Stub$Proxy.relayout:1826 android.view.ViewRootImpl.relayoutWindow:9005 android.view.ViewRootImpl.performTraversals:3360 android.view.ViewRootImpl.doTraversal:2618 android.view.ViewRootImpl$TraversalRunnable.run:9971 android.view.Choreographer$CallbackRecord.run:1010 android.view.Choreographer.doCallbacks:809 android.view.Choreographer.doFrame:744 android.view.Choreographer$FrameDisplayEventReceiver.run:995 
12-21 01:32:14.049 18795 18795 I SurfaceControl: assignNativeObject: nativeObject = 0 Surface(name=null)/@0xd6e2832 / android.view.SurfaceControl.readFromParcel:1117 android.view.IWindowSession$Stub$Proxy.relayout:1836 android.view.ViewRootImpl.relayoutWindow:9005 android.view.ViewRootImpl.performTraversals:3360 android.view.ViewRootImpl.doTraversal:2618 android.view.ViewRootImpl$TraversalRunnable.run:9971 android.view.Choreographer$CallbackRecord.run:1010 android.view.Choreographer.doCallbacks:809 android.view.Choreographer.doFrame:744 android.view.Choreographer$FrameDisplayEventReceiver.run:995 
12-21 01:32:14.050 18795 18795 I ViewRootImpl@9c2abf3[MainActivity]: Relayout returned: old=(0,0,1080,2340) new=(0,0,1080,2340) req=(1080,2340)4 dur=32 res=0x1 s={false 0} ch=false fn=-1
12-21 01:32:14.050 18795 18795 I ViewRootImpl@9c2abf3[MainActivity]: stopped(false) old=true
